Archive member included to satisfy reference by file (symbol)

dietlibc.a(strlen.o)          font_direct.o (strlen)
dietlibc.a(strchr.o)          stdio.o (strchr)
newlib-libc.a(lib_a-memcpy-stub.o)
                              propvalues.o (memcpy)
newlib-libc.a(lib_a-memset.o)
                              minimal.o (memset)
newlib-libm.a(lib_a-sf_log2.o)
                              raw.o (log2f)
newlib-libm.a(lib_a-sf_round.o)
                              minimal.o (roundf)
newlib-libm.a(lib_a-wf_log.o)
                              newlib-libm.a(lib_a-sf_log2.o) (logf)
newlib-libm.a(lib_a-wf_pow.o)
                              minimal.o (powf)
newlib-libm.a(lib_a-wf_sqrt.o)
                              raw.o (sqrtf)
newlib-libm.a(lib_a-ef_log.o)
                              newlib-libm.a(lib_a-wf_log.o) (__ieee754_logf)
newlib-libm.a(lib_a-ef_pow.o)
                              newlib-libm.a(lib_a-wf_pow.o) (__ieee754_powf)
newlib-libm.a(lib_a-ef_sqrt.o)
                              newlib-libm.a(lib_a-wf_sqrt.o) (__ieee754_sqrtf)
newlib-libm.a(lib_a-sf_fabs.o)
                              newlib-libm.a(lib_a-ef_pow.o) (fabsf)
newlib-libm.a(lib_a-sf_finite.o)
                              newlib-libm.a(lib_a-wf_pow.o) (finitef)
newlib-libm.a(lib_a-sf_fpclassify.o)
                              newlib-libm.a(lib_a-wf_log.o) (__fpclassifyf)
newlib-libm.a(lib_a-sf_nan.o)
                              newlib-libm.a(lib_a-ef_pow.o) (nanf)
newlib-libm.a(lib_a-sf_scalbn.o)
                              newlib-libm.a(lib_a-ef_pow.o) (scalbnf)
newlib-libm.a(lib_a-s_lib_ver.o)
                              newlib-libm.a(lib_a-wf_log.o) (__fdlib_version)
newlib-libm.a(lib_a-s_matherr.o)
                              newlib-libm.a(lib_a-wf_log.o) (matherr)
newlib-libm.a(lib_a-s_nan.o)  newlib-libm.a(lib_a-wf_log.o) (nan)
newlib-libm.a(lib_a-s_rint.o)
                              newlib-libm.a(lib_a-wf_pow.o) (rint)
newlib-libm.a(lib_a-sf_copysign.o)
                              newlib-libm.a(lib_a-sf_scalbn.o) (copysignf)
gcc-libgcc.a(_udivsi3.o)      font_direct.o (__aeabi_uidiv)
gcc-libgcc.a(_divsi3.o)       raw.o (__aeabi_idiv)
gcc-libgcc.a(_dvmd_tls.o)     gcc-libgcc.a(_udivsi3.o) (__aeabi_idiv0)
gcc-libgcc.a(_arm_addsubdf3.o)
                              newlib-libm.a(lib_a-s_rint.o) (__aeabi_dsub)
gcc-libgcc.a(_arm_muldivdf3.o)
                              newlib-libm.a(lib_a-wf_pow.o) (__aeabi_ddiv)
gcc-libgcc.a(_arm_cmpdf2.o)   newlib-libm.a(lib_a-wf_pow.o) (__aeabi_dcmpeq)
gcc-libgcc.a(_arm_truncdfsf2.o)
                              newlib-libm.a(lib_a-wf_log.o) (__aeabi_d2f)
gcc-libgcc.a(_arm_addsubsf3.o)
                              minimal.o (__aeabi_fsub)
gcc-libgcc.a(_arm_muldivsf3.o)
                              minimal.o (__aeabi_fmul)
gcc-libgcc.a(_arm_cmpsf2.o)   newlib-libm.a(lib_a-wf_log.o) (__aeabi_fcmpeq)
gcc-libgcc.a(_arm_fixsfsi.o)  minimal.o (__aeabi_f2iz)

Allocating common symbols
Common symbol       size              file

continuous_af_movie
                    0x4               propvalues.o
lv_movie_select     0x4               propvalues.o
auto_power_off_time
                    0x4               propvalues.o
lv_disp_mode        0x4               propvalues.o
metering_mode       0x4               propvalues.o
avail_shot          0x4               propvalues.o
burst_count         0x4               propvalues.o
bm2lv_x_cache       0xf00             vram.o
font_med            0xc               minimal.o
mirror_down         0x4               propvalues.o
yuv2rgb_GU          0x400             imgconv.o
yuv2rgb_GV          0x400             imgconv.o
y_times_BMPPITCH_cache
                    0x870             vram.o
lv_af_mode          0x4               propvalues.o
sensor_cleaning     0x4               propvalues.o
firmware_version    0x20              propvalues.o
image_review_time   0x4               propvalues.o
shooting_mode       0x4               propvalues.o
camera_model        0x20              propvalues.o
bmp_lock            0x4               minimal.o
drive_mode          0x4               propvalues.o
gui_state           0x4               propvalues.o
__recording         0x4               propvalues.o
pic_quality         0x4               propvalues.o
lv_dispsize         0x4               propvalues.o
shooting_mode_custom
                    0x4               propvalues.o
yuv2rgb_RV          0x400             imgconv.o
ext_monitor_hdmi    0x4               propvalues.o
icu_uilock          0x4               propvalues.o
sound_recording_mode
                    0x4               propvalues.o
efic_temp           0x4               propvalues.o
auto_iso_range      0x4               propvalues.o
af_mode             0x4               propvalues.o
battery_level_bars  0x4               propvalues.o
video_system_pal    0x4               propvalues.o
yuv2rgb_BU          0x400             imgconv.o
lv_focus_status     0x4               propvalues.o
[...]
Memory Configuration

Name             Origin             Length             Attributes
*default*        0x0000000000000000 0xffffffffffffffff

Linker script and memory map

                0x000000000009e1e0                . = 0x9e1e0

.text           0x000000000009e1e0     0x9010
                0x000000000009e1e0                _text_start = .
 *(.text)
 .text          0x000000000009e1e0        0x4 entry.o
                0x000000000009e1e0                _start
 *fill*         0x000000000009e1e4        0xc 
 .text          0x000000000009e1f0      0x3fc minimal.o
                0x000000000009e2c0                copy_and_restart
                0x000000000009e390                disp_set_pixel
                0x000000000009e3ac                clrscr
                0x000000000009e4a0                get_ms_clock
                0x000000000009e4b8                is_pure_play_photo_mode
                0x000000000009e4c0                is_pure_play_movie_mode
                0x000000000009e4c8                is_play_mode
                0x000000000009e4d0                digic_zoom_overlay_enabled
                0x000000000009e4d8                display_filter_enabled
                0x000000000009e4e0                display_filter_get_buffers
                0x000000000009e4e4                bmp_printf
                0x000000000009e4f4                printf
                0x000000000009e504                bmp_mute_flag_reset
                0x000000000009e508                redraw
                0x000000000009e50c                afframe_set_dirty
                0x000000000009e510                ml_assert_handler
                0x000000000009e514                focus_box_get_raw_crop_offset
                0x000000000009e51c                edmac_raw_slurp
                0x000000000009e520                should_run_polling_action
                0x000000000009e528                fps_get_current_x1000
                0x000000000009e534                wait_lv_frames
                0x000000000009e53c                EngDrvOut
                0x000000000009e544                EngDrvOutLV
                0x000000000009e548                get_expsim
                0x000000000009e550                module_exec_cbr
                0x000000000009e558                display_idle
                0x000000000009e560                __mem_malloc
                0x000000000009e564                __mem_free
                0x000000000009e568                get_current_task_name
                0x000000000009e57c                raw2iso
                0x000000000009e5bc                format_memory_size
 *fill*         0x000000000009e5ec        0x4 
 .text          0x000000000009e5f0       0x64 cache.o
                0x000000000009e5f0                sync_caches
 *fill*         0x000000000009e654        0xc 
 .text          0x000000000009e660       0xdc font_direct.o
                0x000000000009e660                font_draw
 .text          0x000000000009e73c        0x0 ../../platform/EOSM.202/stubs.o
 *fill*         0x000000000009e73c        0x4 
 .text          0x000000000009e740     0x3578 raw.o
                0x000000000009e778                raw_red_pixel
                0x000000000009e7b8                raw_green_pixel
                0x000000000009e7fc                raw_blue_pixel
                0x000000000009e844                raw_red_pixel_dark
                0x000000000009e8ac                raw_green_pixel_dark
                0x000000000009e91c                raw_blue_pixel_dark
                0x000000000009e990                raw_red_pixel_bright
                0x000000000009e9f8                raw_green_pixel_bright
                0x000000000009ea68                raw_blue_pixel_bright
                0x000000000009fc74                raw_set_dirty
                0x000000000009fc88                raw_set_preview_rect
                0x000000000009fd74                raw_set_geometry
                0x000000000009feb8                raw_get_pixel
                0x00000000000a0270                raw_get_pixel_ex
                0x00000000000a0384                raw_set_pixel
                0x00000000000a0534                raw_get_gray_pixel
                0x00000000000a0744                raw_to_ev
                0x00000000000a084c                ev_to_raw
                0x00000000000a08b0                raw_lv_redirect_edmac
                0x00000000000a08c4                raw_lv_vsync
                0x00000000000a09b0                _raw_lv_get_iso_post_gain
                0x00000000000a09dc                raw_lv_settings_still_valid
                0x00000000000a0a44                raw_preview_fast_ex
                0x00000000000a0b10                raw_preview_fast
                0x00000000000a0b70                raw_lv_is_enabled
                0x00000000000a0b80                raw_lv_request_bpp
                0x00000000000a0c70                raw_lv_request_digital_gain
                0x00000000000a0cfc                raw_force_aspect_ratio
                0x00000000000a0e24                get_dxo_dynamic_range
                0x00000000000a0ec4                can_use_raw_overlays_photo
                0x00000000000a18f0                raw_update_params
                0x00000000000a1a4c                raw_lv_request
                0x00000000000a1ab4                raw_lv_release
                0x00000000000a1b14                can_use_raw_overlays
                0x00000000000a1bbc                can_use_raw_overlays_menu
                0x00000000000a1c3c                menu_set_warning_raw
                0x00000000000a1c90                menu_checkdep_raw
 *fill*         0x00000000000a1cb8        0x8 
 .text          0x00000000000a1cc0      0x918 vram.o
                0x00000000000a1d58                vram_params_set_dirty
                0x00000000000a1da8                _update_vram_params
                0x00000000000a234c                yuv422_buffer_check
                0x00000000000a2378                get_lcd_422_buf
                0x00000000000a23cc                guess_fastrefresh_direction
                0x00000000000a2438                get_fastrefresh_422_buf
                0x00000000000a24bc                get_yuv422_vram
                0x00000000000a2564                get_yuv422_hd_vram
                0x00000000000a25a8                vram_clear_lv
 *fill*         0x00000000000a25d8        0x8 
 .text          0x00000000000a25e0      0xa04 propvalues.o
                0x00000000000a2a3c                is_camera
                0x00000000000a2af0                is_movie_mode
                0x00000000000a2b0c                set_recording_custom
                0x00000000000a2b1c                get_video_mode_name
                0x00000000000a2ec8                get_display_device_name
 *fill*         0x00000000000a2fe4        0xc 
 .text          0x00000000000a2ff0      0x378 stdio.o
                0x00000000000a2ff0                streq
                0x00000000000a3088                toupper
                0x00000000000a3098                tolower
                0x00000000000a30a8                __errno
                0x00000000000a30b4                islower
                0x00000000000a30c8                isupper
                0x00000000000a30dc                isalpha
                0x00000000000a30f4                isdigit
                0x00000000000a3108                isxdigit
                0x00000000000a3128                isalnum
                0x00000000000a3158                ispunct
                0x00000000000a3178                isgraph
                0x00000000000a31a8                isspace
                0x00000000000a31c8                iscntrl
                0x00000000000a31e8                snprintf
                0x00000000000a3214                memset64
                0x00000000000a32ac                memcpy64
 *fill*         0x00000000000a3368        0x8 
 .text          0x00000000000a3370      0x7cc imgconv.o
                0x00000000000a3444                precompute_yuv2rgb
                0x00000000000a34ec                yuv2rgb
                0x00000000000a3570                rgb2yuv422_rec709
                0x00000000000a3638                rgb2yuv422_rec601
                0x00000000000a3710                rgb2yuv422
                0x00000000000a3714                uyvy_split
                0x00000000000a3744                yuv_resize
                0x00000000000a37f8                yuv_halfcopy
                0x00000000000a388c                yuv411_to_422
                0x00000000000a38f0                yuv411_to_rgb
                0x00000000000a3a18                yuvcpy_main
                0x00000000000a3a84                little_cleanup
                0x00000000000a3b08                yuv422_get_pixel
 *fill*         0x00000000000a3b3c        0x4 
 .text          0x00000000000a3b40       0xb4 dialog_test.o
                0x00000000000a3b40                get_current_dialog_handler
                0x00000000000a3b64                canon_gui_disable_front_buffer
                0x00000000000a3b9c                canon_gui_enable_front_buffer
                0x00000000000a3be8                canon_gui_front_buffer_disabled
 .text          0x00000000000a3bf4       0x1c dietlibc.a(strlen.o)
                0x00000000000a3bf4                strlen
 .text          0x00000000000a3c10       0x2c dietlibc.a(strchr.o)
                0x00000000000a3c10                index
                0x00000000000a3c10                strchr
 .text          0x00000000000a3c3c      0x168 newlib-libc.a(lib_a-memcpy-stub.o)
                0x00000000000a3c3c                memcpy
 .text          0x00000000000a3da4      0x188 newlib-libc.a(lib_a-memset.o)
                0x00000000000a3da4                memset
 .text          0x00000000000a3f2c       0x1c newlib-libm.a(lib_a-sf_log2.o)
                0x00000000000a3f2c                log2f
 .text          0x00000000000a3f48       0x7c newlib-libm.a(lib_a-sf_round.o)
                0x00000000000a3f48                roundf
 .text          0x00000000000a3fc4      0x164 newlib-libm.a(lib_a-wf_log.o)
                0x00000000000a3fc4                logf
 .text          0x00000000000a4128      0x504 newlib-libm.a(lib_a-wf_pow.o)
                0x00000000000a4128                powf
 .text          0x00000000000a462c      0x11c newlib-libm.a(lib_a-wf_sqrt.o)
                0x00000000000a462c                sqrtf
 .text          0x00000000000a4748      0x3b8 newlib-libm.a(lib_a-ef_log.o)
                0x00000000000a4748                __ieee754_logf
 .text          0x00000000000a4b00      0x998 newlib-libm.a(lib_a-ef_pow.o)
                0x00000000000a4b00                __ieee754_powf
 .text          0x00000000000a5498      0x114 newlib-libm.a(lib_a-ef_sqrt.o)
                0x00000000000a5498                __ieee754_sqrtf
 .text          0x00000000000a55ac        0x8 newlib-libm.a(lib_a-sf_fabs.o)
                0x00000000000a55ac                fabsf
 .text          0x00000000000a55b4       0x1c newlib-libm.a(lib_a-sf_finite.o)
                0x00000000000a55b4                finitef
 .text          0x00000000000a55d0       0x6c newlib-libm.a(lib_a-sf_fpclassify.o)
                0x00000000000a55d0                __fpclassifyf
 .text          0x00000000000a563c        0xc newlib-libm.a(lib_a-sf_nan.o)
                0x00000000000a563c                nanf
 .text          0x00000000000a5648      0x11c newlib-libm.a(lib_a-sf_scalbn.o)
                0x00000000000a5648                scalbnf
 .text          0x00000000000a5764        0x0 newlib-libm.a(lib_a-s_lib_ver.o)
 .text          0x00000000000a5764        0x8 newlib-libm.a(lib_a-s_matherr.o)
                0x00000000000a5764                matherr
 .text          0x00000000000a576c       0x10 newlib-libm.a(lib_a-s_nan.o)
                0x00000000000a576c                nan
 .text          0x00000000000a577c      0x1a0 newlib-libm.a(lib_a-s_rint.o)
                0x00000000000a577c                rint
 .text          0x00000000000a591c       0x10 newlib-libm.a(lib_a-sf_copysign.o)
                0x00000000000a591c                copysignf
 .text          0x00000000000a592c      0x114 gcc-libgcc.a(_udivsi3.o)
                0x00000000000a592c                __udivsi3
                0x00000000000a592c                __aeabi_uidiv
                0x00000000000a5a20                __aeabi_uidivmod
 .text          0x00000000000a5a40      0x148 gcc-libgcc.a(_divsi3.o)
                0x00000000000a5a40                __aeabi_idiv
                0x00000000000a5a40                __divsi3
                0x00000000000a5b68                __aeabi_idivmod
 .text          0x00000000000a5b88        0x4 gcc-libgcc.a(_dvmd_tls.o)
                0x00000000000a5b88                __aeabi_ldiv0
                0x00000000000a5b88                __aeabi_idiv0
 .text          0x00000000000a5b8c      0x41c gcc-libgcc.a(_arm_addsubdf3.o)
                0x00000000000a5b8c                __aeabi_drsub
                0x00000000000a5b94                __subdf3
                0x00000000000a5b94                __aeabi_dsub
                0x00000000000a5b98                __aeabi_dadd
                0x00000000000a5b98                __adddf3
                0x00000000000a5ea8                __aeabi_ui2d
                0x00000000000a5ea8                __floatunsidf
                0x00000000000a5ecc                __floatsidf
                0x00000000000a5ecc                __aeabi_i2d
                0x00000000000a5ef4                __extendsfdf2
                0x00000000000a5ef4                __aeabi_f2d
                0x00000000000a5f34                __aeabi_ul2d
                0x00000000000a5f34                __floatundidf
                0x00000000000a5f48                __aeabi_l2d
                0x00000000000a5f48                __floatdidf
 .text          0x00000000000a5fa8      0x49c gcc-libgcc.a(_arm_muldivdf3.o)
                0x00000000000a5fa8                __aeabi_dmul
                0x00000000000a5fa8                __muldf3
                0x00000000000a6238                __aeabi_ddiv
                0x00000000000a6238                __divdf3
 .text          0x00000000000a6444      0x144 gcc-libgcc.a(_arm_cmpdf2.o)
                0x00000000000a6444                __gedf2
                0x00000000000a6444                __gtdf2
                0x00000000000a644c                __ledf2
                0x00000000000a644c                __ltdf2
                0x00000000000a6454                __cmpdf2
                0x00000000000a6454                __eqdf2
                0x00000000000a6454                __nedf2
                0x00000000000a64dc                __aeabi_cdrcmple
                0x00000000000a64f8                __aeabi_cdcmple
                0x00000000000a64f8                __aeabi_cdcmpeq
                0x00000000000a6510                __aeabi_dcmpeq
                0x00000000000a6528                __aeabi_dcmplt
                0x00000000000a6540                __aeabi_dcmple
                0x00000000000a6558                __aeabi_dcmpge
                0x00000000000a6570                __aeabi_dcmpgt
 .text          0x00000000000a6588       0xa0 gcc-libgcc.a(_arm_truncdfsf2.o)
                0x00000000000a6588                __aeabi_d2f
                0x00000000000a6588                __truncdfsf2
 .text          0x00000000000a6628      0x2ac gcc-libgcc.a(_arm_addsubsf3.o)
                0x00000000000a6628                __aeabi_frsub
                0x00000000000a6630                __aeabi_fsub
                0x00000000000a6630                __subsf3
                0x00000000000a6634                __aeabi_fadd
                0x00000000000a6634                __addsf3
                0x00000000000a67f0                __aeabi_ui2f
                0x00000000000a67f0                __floatunsisf
                0x00000000000a67f8                __floatsisf
                0x00000000000a67f8                __aeabi_i2f
                0x00000000000a6818                __aeabi_ul2f
                0x00000000000a6818                __floatundisf
                0x00000000000a6828                __aeabi_l2f
                0x00000000000a6828                __floatdisf
 .text          0x00000000000a68d4      0x2f8 gcc-libgcc.a(_arm_muldivsf3.o)
                0x00000000000a68d4                __mulsf3
                0x00000000000a68d4                __aeabi_fmul
                0x00000000000a6a6c                __divsf3
                0x00000000000a6a6c                __aeabi_fdiv
 .text          0x00000000000a6bcc      0x114 gcc-libgcc.a(_arm_cmpsf2.o)
                0x00000000000a6bcc                __gesf2
                0x00000000000a6bcc                __gtsf2
                0x00000000000a6bd4                __ltsf2
                0x00000000000a6bd4                __lesf2
                0x00000000000a6bdc                __nesf2
                0x00000000000a6bdc                __eqsf2
                0x00000000000a6bdc                __cmpsf2
                0x00000000000a6c40                __aeabi_cfrcmple
                0x00000000000a6c50                __aeabi_cfcmpeq
                0x00000000000a6c50                __aeabi_cfcmple
                0x00000000000a6c68                __aeabi_fcmpeq
                0x00000000000a6c80                __aeabi_fcmplt
                0x00000000000a6c98                __aeabi_fcmple
                0x00000000000a6cb0                __aeabi_fcmpge
                0x00000000000a6cc8                __aeabi_fcmpgt
 .text          0x00000000000a6ce0       0x5c gcc-libgcc.a(_arm_fixsfsi.o)
                0x00000000000a6ce0                __fixsfsi
                0x00000000000a6ce0                __aeabi_f2iz
 *fill*         0x00000000000a6d3c        0x4 
 .text.__stub   0x00000000000a6d40       0x20 linker stubs
                0x00000000000a6d60                _text_end = .
                0x00000000000a6d80                . = ALIGN (0x40)
 *fill*         0x00000000000a6d60       0x20 
                0x00000000000a6d80                _rodata_start = .
 *(.rodata)
 .rodata        0x00000000000a6d80      0x360 font_direct.o
 .rodata        0x00000000000a70e0       0xc8 raw.o
 .rodata        0x00000000000a71a8       0x1d stdio.o
 *fill*         0x00000000000a71c5        0x3 
 .rodata        0x00000000000a71c8       0x18 newlib-libm.a(lib_a-ef_pow.o)
 .rodata        0x00000000000a71e0       0x10 newlib-libm.a(lib_a-s_rint.o)
                0x00000000000a71f0                _rodata_end = .
                0x00000000000a71f0                _data_start = .

.rodata.str1.1  0x00000000000a71f0      0x4bf
 .rodata.str1.1
                0x00000000000a71f0       0x7f minimal.o
                                         0x82 (size before relaxing)
 .rodata.str1.1
                0x00000000000a726f      0x2c8 raw.o
                                        0x2ce (size before relaxing)
 .rodata.str1.1
                0x00000000000a7537       0x49 vram.o
 .rodata.str1.1
                0x00000000000a7580       0xee propvalues.o
                                         0xf7 (size before relaxing)
 .rodata.str1.1
                0x00000000000a766e       0x41 stdio.o

.rodata.str1.4  0x00000000000a76b0       0x60
 .rodata.str1.4
                0x00000000000a76b0       0x46 stdio.o
 *fill*         0x00000000000a76f6        0x2 
 .rodata.str1.4
                0x00000000000a76f8        0x5 newlib-libm.a(lib_a-wf_log.o)
                                          0xc (size before relaxing)
 *fill*         0x00000000000a76fd        0x3 
 .rodata.str1.4
                0x00000000000a7700        0x5 newlib-libm.a(lib_a-wf_pow.o)
                                          0x8 (size before relaxing)
 *fill*         0x00000000000a7705        0x3 
 .rodata.str1.4
                0x00000000000a7708        0x8 newlib-libm.a(lib_a-wf_sqrt.o)
 .rodata.str1.4
                0x00000000000a7710        0x4 newlib-libm.a(lib_a-ef_pow.o)

.glue_7         0x00000000000a7710        0x0
 .glue_7        0x00000000000a7710        0x0 linker stubs

.glue_7t        0x00000000000a7710        0x0
 .glue_7t       0x00000000000a7710        0x0 linker stubs

.vfp11_veneer   0x00000000000a7710        0x0
 .vfp11_veneer  0x00000000000a7710        0x0 linker stubs

.v4_bx          0x00000000000a7710        0x0
 .v4_bx         0x00000000000a7710        0x0 linker stubs

.iplt           0x00000000000a7710        0x0
 .iplt          0x00000000000a7710        0x0 entry.o

.rel.dyn        0x00000000000a7710        0x0
 .rel.iplt      0x00000000000a7710        0x0 entry.o

.data           0x00000000000a7710      0x4b1
                0x00000000000a7710                . = ALIGN (0x8)
                0x00000000000a7710                _task_overrides_start = .
 *(.task_overrides)
                0x00000000000a7710                _task_overrides_end = .
                0x00000000000a7710                . = ALIGN (0x8)
                0x00000000000a7710                _tasks_start = .
 *(.tasks)
                0x00000000000a7710                _tasks_end = .
                0x00000000000a7710                . = ALIGN (0x8)
                0x00000000000a7710                _init_funcs_start = .
 *(.init_funcs)
 .init_funcs    0x00000000000a7710       0x14 raw.o
                0x00000000000a7710                task_create_raw_init
                0x00000000000a7724                _init_funcs_end = .
                0x00000000000a7728                . = ALIGN (0x8)
 *fill*         0x00000000000a7724        0x4 
                0x00000000000a7728                _ptp_handlers_start = .
 *(.ptp_handlers)
                0x00000000000a7728                _ptp_handlers_end = .
                0x00000000000a7728                . = ALIGN (0x8)
                0x00000000000a7728                _config_vars_start = .
 *(.config_vars)
                0x00000000000a7728                _config_vars_end = .
                0x00000000000a7728                . = ALIGN (0x8)
                0x00000000000a7728                _prop_handlers_start = .
 *(.prop_handlers)
 .prop_handlers
                0x00000000000a7728       0x18 raw.o
 .prop_handlers
                0x00000000000a7740       0x90 vram.o
 .prop_handlers
                0x00000000000a77d0      0x210 propvalues.o
                0x00000000000a79e0                _prop_handlers_end = .
                0x00000000000a79e0                . = ALIGN (0x8)
                0x00000000000a79e0                _module_symbols_start = .
 *(.module_symbols)
 .module_symbols
                0x00000000000a79e0       0x10 raw.o
                0x00000000000a79f0                _module_symbols_end = .
                0x00000000000a7a00                . = ALIGN (0x40)
 *fill*         0x00000000000a79f0       0x10 
 *(.data)
 .data          0x00000000000a7a00        0x0 entry.o
 .data          0x00000000000a7a00        0x0 minimal.o
 .data          0x00000000000a7a00        0x0 cache.o
 .data          0x00000000000a7a00        0x0 font_direct.o
 .data          0x00000000000a7a00        0x0 ../../platform/EOSM.202/stubs.o
 .data          0x00000000000a7a00       0xbc raw.o
                0x00000000000a7a00                raw_capture_info
                0x00000000000a7a10                raw_info
 .data          0x00000000000a7abc       0x78 vram.o
                0x00000000000a7abc                bm2lv
                0x00000000000a7ad0                os
                0x00000000000a7af4                vram_lv
                0x00000000000a7b04                vram_hd
                0x00000000000a7b14                lv2hd
                0x00000000000a7b24                lv2raw
 .data          0x00000000000a7b34       0x8c propvalues.o
                0x00000000000a7b34                ae_mode_movie
                0x00000000000a7b38                artist_name
                0x00000000000a7b78                copyright_info
                0x00000000000a7bb8                __camera_model_short
 .data          0x00000000000a7bc0        0x0 stdio.o
 .data          0x00000000000a7bc0        0x0 imgconv.o
 .data          0x00000000000a7bc0        0x0 dialog_test.o
 .data          0x00000000000a7bc0        0x0 dietlibc.a(strlen.o)
 .data          0x00000000000a7bc0        0x0 dietlibc.a(strchr.o)
 .data          0x00000000000a7bc0        0x0 newlib-libc.a(lib_a-memcpy-stub.o)
 .data          0x00000000000a7bc0        0x0 newlib-libc.a(lib_a-memset.o)
 .data          0x00000000000a7bc0        0x0 newlib-libm.a(lib_a-sf_log2.o)
 .data          0x00000000000a7bc0        0x0 newlib-libm.a(lib_a-sf_round.o)
 .data          0x00000000000a7bc0        0x0 newlib-libm.a(lib_a-wf_log.o)
 .data          0x00000000000a7bc0        0x0 newlib-libm.a(lib_a-wf_pow.o)
 .data          0x00000000000a7bc0        0x0 newlib-libm.a(lib_a-wf_sqrt.o)
 .data          0x00000000000a7bc0        0x0 newlib-libm.a(lib_a-ef_log.o)
 .data          0x00000000000a7bc0        0x0 newlib-libm.a(lib_a-ef_pow.o)
 .data          0x00000000000a7bc0        0x0 newlib-libm.a(lib_a-ef_sqrt.o)
 .data          0x00000000000a7bc0        0x0 newlib-libm.a(lib_a-sf_fabs.o)
 .data          0x00000000000a7bc0        0x0 newlib-libm.a(lib_a-sf_finite.o)
 .data          0x00000000000a7bc0        0x0 newlib-libm.a(lib_a-sf_fpclassify.o)
 .data          0x00000000000a7bc0        0x0 newlib-libm.a(lib_a-sf_nan.o)
 .data          0x00000000000a7bc0        0x0 newlib-libm.a(lib_a-sf_scalbn.o)
 .data          0x00000000000a7bc0        0x1 newlib-libm.a(lib_a-s_lib_ver.o)
                0x00000000000a7bc0                __fdlib_version
 .data          0x00000000000a7bc1        0x0 newlib-libm.a(lib_a-s_matherr.o)
 .data          0x00000000000a7bc1        0x0 newlib-libm.a(lib_a-s_nan.o)
 .data          0x00000000000a7bc1        0x0 newlib-libm.a(lib_a-s_rint.o)
 .data          0x00000000000a7bc1        0x0 newlib-libm.a(lib_a-sf_copysign.o)
 .data          0x00000000000a7bc1        0x0 gcc-libgcc.a(_udivsi3.o)
 .data          0x00000000000a7bc1        0x0 gcc-libgcc.a(_divsi3.o)
 .data          0x00000000000a7bc1        0x0 gcc-libgcc.a(_dvmd_tls.o)
 .data          0x00000000000a7bc1        0x0 gcc-libgcc.a(_arm_addsubdf3.o)
 .data          0x00000000000a7bc1        0x0 gcc-libgcc.a(_arm_muldivdf3.o)
 .data          0x00000000000a7bc1        0x0 gcc-libgcc.a(_arm_cmpdf2.o)
 .data          0x00000000000a7bc1        0x0 gcc-libgcc.a(_arm_truncdfsf2.o)
 .data          0x00000000000a7bc1        0x0 gcc-libgcc.a(_arm_addsubsf3.o)
 .data          0x00000000000a7bc1        0x0 gcc-libgcc.a(_arm_muldivsf3.o)
 .data          0x00000000000a7bc1        0x0 gcc-libgcc.a(_arm_cmpsf2.o)
 .data          0x00000000000a7bc1        0x0 gcc-libgcc.a(_arm_fixsfsi.o)
                0x00000000000a7bc1                _data.end = .
                0x00000000000a7bc1                __exidx_start = .

.igot.plt       0x00000000000a7bc4        0x0
 .igot.plt      0x00000000000a7bc4        0x0 entry.o

.ARM.exidx
 *(.ARM.exidx*)
                0x00000000000a7bc4                __exidx_end = .
                0x00000000000a7c00                . = ALIGN (0x40)
                0x00000000000a7c00                _bss_start = .

.bss            0x00000000000a7c00     0x59f0
 *(.bss)
 .bss           0x00000000000a7c00        0x0 entry.o
 .bss           0x00000000000a7c00     0x3024 minimal.o
 .bss           0x00000000000aac24        0x0 cache.o
 .bss           0x00000000000aac24        0x0 font_direct.o
 .bss           0x00000000000aac24        0x0 ../../platform/EOSM.202/stubs.o
 .bss           0x00000000000aac24       0x4c raw.o
                0x00000000000aac34                mlv_lite_reallocate_please
                0x00000000000aac38                allocating_new_buffer_is_needed
 .bss           0x00000000000aac70       0x20 vram.o
 .bss           0x00000000000aac90       0x3c propvalues.o
                0x00000000000aac90                shutter_count
                0x00000000000aac94                shutter_count_plus_lv_actuations
                0x00000000000aac98                display_sensor
                0x00000000000aac9c                video_mode_crop
                0x00000000000aaca0                video_mode_resolution
                0x00000000000aaca4                video_mode_fps
                0x00000000000aaca8                lv
                0x00000000000aacac                camera_model_id
                0x00000000000aacb8                __recording_custom
                0x00000000000aacc8                lv_paused
 .bss           0x00000000000aaccc        0x4 stdio.o
 .bss           0x00000000000aacd0        0x8 imgconv.o
 .bss           0x00000000000aacd8        0x0 dialog_test.o
 .bss           0x00000000000aacd8        0x0 dietlibc.a(strlen.o)
 .bss           0x00000000000aacd8        0x0 dietlibc.a(strchr.o)
 .bss           0x00000000000aacd8        0x0 newlib-libc.a(lib_a-memcpy-stub.o)
 .bss           0x00000000000aacd8        0x0 newlib-libc.a(lib_a-memset.o)
 .bss           0x00000000000aacd8        0x0 newlib-libm.a(lib_a-sf_log2.o)
 .bss           0x00000000000aacd8        0x0 newlib-libm.a(lib_a-sf_round.o)
 .bss           0x00000000000aacd8        0x0 newlib-libm.a(lib_a-wf_log.o)
 .bss           0x00000000000aacd8        0x0 newlib-libm.a(lib_a-wf_pow.o)
 .bss           0x00000000000aacd8        0x0 newlib-libm.a(lib_a-wf_sqrt.o)
 .bss           0x00000000000aacd8        0x0 newlib-libm.a(lib_a-ef_log.o)
 .bss           0x00000000000aacd8        0x0 newlib-libm.a(lib_a-ef_pow.o)
 .bss           0x00000000000aacd8        0x0 newlib-libm.a(lib_a-ef_sqrt.o)
 .bss           0x00000000000aacd8        0x0 newlib-libm.a(lib_a-sf_fabs.o)
 .bss           0x00000000000aacd8        0x0 newlib-libm.a(lib_a-sf_finite.o)
 .bss           0x00000000000aacd8        0x0 newlib-libm.a(lib_a-sf_fpclassify.o)
 .bss           0x00000000000aacd8        0x0 newlib-libm.a(lib_a-sf_nan.o)
 .bss           0x00000000000aacd8        0x0 newlib-libm.a(lib_a-sf_scalbn.o)
 .bss           0x00000000000aacd8        0x0 newlib-libm.a(lib_a-s_lib_ver.o)
 .bss           0x00000000000aacd8        0x0 newlib-libm.a(lib_a-s_matherr.o)
 .bss           0x00000000000aacd8        0x0 newlib-libm.a(lib_a-s_nan.o)
 .bss           0x00000000000aacd8        0x0 newlib-libm.a(lib_a-s_rint.o)
 .bss           0x00000000000aacd8        0x0 newlib-libm.a(lib_a-sf_copysign.o)
 .bss           0x00000000000aacd8        0x0 gcc-libgcc.a(_udivsi3.o)
 .bss           0x00000000000aacd8        0x0 gcc-libgcc.a(_divsi3.o)
 .bss           0x00000000000aacd8        0x0 gcc-libgcc.a(_dvmd_tls.o)
 .bss           0x00000000000aacd8        0x0 gcc-libgcc.a(_arm_addsubdf3.o)
 .bss           0x00000000000aacd8        0x0 gcc-libgcc.a(_arm_muldivdf3.o)
 .bss           0x00000000000aacd8        0x0 gcc-libgcc.a(_arm_cmpdf2.o)
 .bss           0x00000000000aacd8        0x0 gcc-libgcc.a(_arm_truncdfsf2.o)
 .bss           0x00000000000aacd8        0x0 gcc-libgcc.a(_arm_addsubsf3.o)
 .bss           0x00000000000aacd8        0x0 gcc-libgcc.a(_arm_muldivsf3.o)
 .bss           0x00000000000aacd8        0x0 gcc-libgcc.a(_arm_cmpsf2.o)
 .bss           0x00000000000aacd8        0x0 gcc-libgcc.a(_arm_fixsfsi.o)
 COMMON         0x00000000000aacd8       0xb8 minimal.o
                0x00000000000aacd8                font_med
                0x00000000000aace4                bmp_lock
                0x00000000000aace8                lens_info
 COMMON         0x00000000000aad90     0x1770 vram.o
                0x00000000000aad90                bm2lv_x_cache
                0x00000000000abc90                y_times_BMPPITCH_cache
 COMMON         0x00000000000ac500       0xf0 propvalues.o
                0x00000000000ac500                continuous_af_movie
                0x00000000000ac504                lv_movie_select
                0x00000000000ac508                auto_power_off_time
                0x00000000000ac50c                lv_disp_mode
                0x00000000000ac510                metering_mode
                0x00000000000ac514                avail_shot
                0x00000000000ac518                burst_count
                0x00000000000ac51c                mirror_down
                0x00000000000ac520                lv_af_mode
                0x00000000000ac524                sensor_cleaning
                0x00000000000ac528                firmware_version
                0x00000000000ac548                image_review_time
                0x00000000000ac54c                shooting_mode
                0x00000000000ac550                camera_model
                0x00000000000ac570                drive_mode
                0x00000000000ac574                gui_state
                0x00000000000ac578                __recording
                0x00000000000ac57c                pic_quality
                0x00000000000ac580                lv_dispsize
                0x00000000000ac584                shooting_mode_custom
                0x00000000000ac588                ext_monitor_hdmi
                0x00000000000ac58c                icu_uilock
                0x00000000000ac590                sound_recording_mode
                0x00000000000ac594                efic_temp
                0x00000000000ac598                auto_iso_range
                0x00000000000ac59c                af_mode
                0x00000000000ac5a0                battery_level_bars
                0x00000000000ac5a4                video_system_pal
                0x00000000000ac5a8                lv_focus_status
                0x00000000000ac5ac                hdmi_code
                0x00000000000ac5b0                camera_serial
                0x00000000000ac5d0                strobo_firing
                0x00000000000ac5d4                _ext_monitor_rca
                0x00000000000ac5d8                shooting_type
                0x00000000000ac5dc                continuous_af_photo
                0x00000000000ac5e0                backlight_level
                0x00000000000ac5e4                date_format
                0x00000000000ac5e8                dofpreview
                0x00000000000ac5ec                _expsim
 COMMON         0x00000000000ac5f0     0x1000 imgconv.o
                0x00000000000ac5f0                yuv2rgb_GU
                0x00000000000ac9f0                yuv2rgb_GV
                0x00000000000acdf0                yuv2rgb_RV
                0x00000000000ad1f0                yuv2rgb_BU
                0x00000000000ad600                . = ALIGN (0x40)
                0x00000000000ad600                _bss_end = .

.stab
 *(.stab)

.stabstr
 *(.stabstr)

.stab.excl
 *(.stab.excl)

.stab.exclstr
 *(.stab.exclstr)

.stab.index
 *(.stab.index)

.stab.indexstr
 *(.stab.indexstr)

.comment        0x0000000000000000       0xde
 *(.comment)
 .comment       0x0000000000000000       0x6e minimal.o
                                         0x6f (size before relaxing)
 .comment       0x000000000000006e       0x6f cache.o
 .comment       0x000000000000006e       0x6f font_direct.o
 .comment       0x000000000000006e       0x6f raw.o
 .comment       0x000000000000006e       0x6f vram.o
 .comment       0x000000000000006e       0x6f propvalues.o
 .comment       0x000000000000006e       0x6f stdio.o
 .comment       0x000000000000006e       0x6f imgconv.o
 .comment       0x000000000000006e       0x6f dialog_test.o
 .comment       0x000000000000006e       0x70 newlib-libc.a(lib_a-memcpy-stub.o)
                                         0x71 (size before relaxing)
 .comment       0x00000000000000de       0x71 newlib-libc.a(lib_a-memset.o)
 .comment       0x00000000000000de       0x71 newlib-libm.a(lib_a-sf_log2.o)
 .comment       0x00000000000000de       0x71 newlib-libm.a(lib_a-sf_round.o)
 .comment       0x00000000000000de       0x71 newlib-libm.a(lib_a-wf_log.o)
 .comment       0x00000000000000de       0x71 newlib-libm.a(lib_a-wf_pow.o)
 .comment       0x00000000000000de       0x71 newlib-libm.a(lib_a-wf_sqrt.o)
 .comment       0x00000000000000de       0x71 newlib-libm.a(lib_a-ef_log.o)
 .comment       0x00000000000000de       0x71 newlib-libm.a(lib_a-ef_pow.o)
 .comment       0x00000000000000de       0x71 newlib-libm.a(lib_a-ef_sqrt.o)
 .comment       0x00000000000000de       0x71 newlib-libm.a(lib_a-sf_fabs.o)
 .comment       0x00000000000000de       0x71 newlib-libm.a(lib_a-sf_finite.o)
 .comment       0x00000000000000de       0x71 newlib-libm.a(lib_a-sf_fpclassify.o)
 .comment       0x00000000000000de       0x71 newlib-libm.a(lib_a-sf_nan.o)
 .comment       0x00000000000000de       0x71 newlib-libm.a(lib_a-sf_scalbn.o)
 .comment       0x00000000000000de       0x71 newlib-libm.a(lib_a-s_lib_ver.o)
 .comment       0x00000000000000de       0x71 newlib-libm.a(lib_a-s_matherr.o)
 .comment       0x00000000000000de       0x71 newlib-libm.a(lib_a-s_nan.o)
 .comment       0x00000000000000de       0x71 newlib-libm.a(lib_a-s_rint.o)
 .comment       0x00000000000000de       0x71 newlib-libm.a(lib_a-sf_copysign.o)

.ARM.attributes
                0x0000000000000000       0x27
 .ARM.attributes
                0x0000000000000000       0x14 entry.o
 .ARM.attributes
                0x0000000000000014       0x27 minimal.o
 .ARM.attributes
                0x000000000000003b       0x27 cache.o
 .ARM.attributes
                0x0000000000000062       0x27 font_direct.o
 .ARM.attributes
                0x0000000000000089       0x14 ../../platform/EOSM.202/stubs.o
 .ARM.attributes
                0x000000000000009d       0x27 raw.o
 .ARM.attributes
                0x00000000000000c4       0x27 vram.o
 .ARM.attributes
                0x00000000000000eb       0x27 propvalues.o
 .ARM.attributes
                0x0000000000000112       0x27 stdio.o
 .ARM.attributes
                0x0000000000000139       0x27 imgconv.o
 .ARM.attributes
                0x0000000000000160       0x27 dialog_test.o
 .ARM.attributes
                0x0000000000000187       0x14 dietlibc.a(strlen.o)
 .ARM.attributes
                0x000000000000019b       0x30 dietlibc.a(strchr.o)
 .ARM.attributes
                0x00000000000001cb       0x30 newlib-libc.a(lib_a-memcpy-stub.o)
 .ARM.attributes
                0x00000000000001fb       0x30 newlib-libc.a(lib_a-memset.o)
 .ARM.attributes
                0x000000000000022b       0x30 newlib-libm.a(lib_a-sf_log2.o)
 .ARM.attributes
                0x000000000000025b       0x30 newlib-libm.a(lib_a-sf_round.o)
 .ARM.attributes
                0x000000000000028b       0x30 newlib-libm.a(lib_a-wf_log.o)
 .ARM.attributes
                0x00000000000002bb       0x30 newlib-libm.a(lib_a-wf_pow.o)
 .ARM.attributes
                0x00000000000002eb       0x30 newlib-libm.a(lib_a-wf_sqrt.o)
 .ARM.attributes
                0x000000000000031b       0x30 newlib-libm.a(lib_a-ef_log.o)
 .ARM.attributes
                0x000000000000034b       0x30 newlib-libm.a(lib_a-ef_pow.o)
 .ARM.attributes
                0x000000000000037b       0x30 newlib-libm.a(lib_a-ef_sqrt.o)
 .ARM.attributes
                0x00000000000003ab       0x30 newlib-libm.a(lib_a-sf_fabs.o)
 .ARM.attributes
                0x00000000000003db       0x30 newlib-libm.a(lib_a-sf_finite.o)
 .ARM.attributes
                0x000000000000040b       0x30 newlib-libm.a(lib_a-sf_fpclassify.o)
 .ARM.attributes
                0x000000000000043b       0x30 newlib-libm.a(lib_a-sf_nan.o)
 .ARM.attributes
                0x000000000000046b       0x30 newlib-libm.a(lib_a-sf_scalbn.o)
 .ARM.attributes
                0x000000000000049b       0x30 newlib-libm.a(lib_a-s_lib_ver.o)
 .ARM.attributes
                0x00000000000004cb       0x30 newlib-libm.a(lib_a-s_matherr.o)
 .ARM.attributes
                0x00000000000004fb       0x30 newlib-libm.a(lib_a-s_nan.o)
 .ARM.attributes
                0x000000000000052b       0x30 newlib-libm.a(lib_a-s_rint.o)
 .ARM.attributes
                0x000000000000055b       0x30 newlib-libm.a(lib_a-sf_copysign.o)
 .ARM.attributes
                0x000000000000058b       0x18 gcc-libgcc.a(_udivsi3.o)
 .ARM.attributes
                0x00000000000005a3       0x18 gcc-libgcc.a(_divsi3.o)
 .ARM.attributes
                0x00000000000005bb       0x18 gcc-libgcc.a(_dvmd_tls.o)
 .ARM.attributes
                0x00000000000005d3       0x18 gcc-libgcc.a(_arm_addsubdf3.o)
 .ARM.attributes
                0x00000000000005eb       0x18 gcc-libgcc.a(_arm_muldivdf3.o)
 .ARM.attributes
                0x0000000000000603       0x18 gcc-libgcc.a(_arm_cmpdf2.o)
 .ARM.attributes
                0x000000000000061b       0x18 gcc-libgcc.a(_arm_truncdfsf2.o)
 .ARM.attributes
                0x0000000000000633       0x18 gcc-libgcc.a(_arm_addsubsf3.o)
 .ARM.attributes
                0x000000000000064b       0x18 gcc-libgcc.a(_arm_muldivsf3.o)
 .ARM.attributes
                0x0000000000000663       0x18 gcc-libgcc.a(_arm_cmpsf2.o)
 .ARM.attributes
                0x000000000000067b       0x18 gcc-libgcc.a(_arm_fixsfsi.o)

.debug
 *(.debug)

.line
 *(.line)

.debug_srcinfo
 *(.debug_srcinfo)

.debug_sfnames
 *(.debug_sfnames)

.debug_aranges  0x0000000000000000      0x380
 *(.debug_aranges)
 .debug_aranges
                0x0000000000000000       0x20 minimal.o
 .debug_aranges
                0x0000000000000020       0x20 cache.o
 .debug_aranges
                0x0000000000000040       0x20 font_direct.o
 .debug_aranges
                0x0000000000000060       0x20 raw.o
 .debug_aranges
                0x0000000000000080       0x20 vram.o
 .debug_aranges
                0x00000000000000a0       0x20 propvalues.o
 .debug_aranges
                0x00000000000000c0       0x20 stdio.o
 .debug_aranges
                0x00000000000000e0       0x20 imgconv.o
 .debug_aranges
                0x0000000000000100       0x20 dialog_test.o
 .debug_aranges
                0x0000000000000120       0x20 newlib-libc.a(lib_a-memcpy-stub.o)
 .debug_aranges
                0x0000000000000140       0x20 newlib-libc.a(lib_a-memset.o)
 .debug_aranges
                0x0000000000000160       0x20 newlib-libm.a(lib_a-sf_log2.o)
 .debug_aranges
                0x0000000000000180       0x20 newlib-libm.a(lib_a-sf_round.o)
 .debug_aranges
                0x00000000000001a0       0x20 newlib-libm.a(lib_a-wf_log.o)
 .debug_aranges
                0x00000000000001c0       0x20 newlib-libm.a(lib_a-wf_pow.o)
 .debug_aranges
                0x00000000000001e0       0x20 newlib-libm.a(lib_a-wf_sqrt.o)
 .debug_aranges
                0x0000000000000200       0x20 newlib-libm.a(lib_a-ef_log.o)
 .debug_aranges
                0x0000000000000220       0x20 newlib-libm.a(lib_a-ef_pow.o)
 .debug_aranges
                0x0000000000000240       0x20 newlib-libm.a(lib_a-ef_sqrt.o)
 .debug_aranges
                0x0000000000000260       0x20 newlib-libm.a(lib_a-sf_fabs.o)
 .debug_aranges
                0x0000000000000280       0x20 newlib-libm.a(lib_a-sf_finite.o)
 .debug_aranges
                0x00000000000002a0       0x20 newlib-libm.a(lib_a-sf_fpclassify.o)
 .debug_aranges
                0x00000000000002c0       0x20 newlib-libm.a(lib_a-sf_nan.o)
 .debug_aranges
                0x00000000000002e0       0x20 newlib-libm.a(lib_a-sf_scalbn.o)
 .debug_aranges
                0x0000000000000300       0x20 newlib-libm.a(lib_a-s_matherr.o)
 .debug_aranges
                0x0000000000000320       0x20 newlib-libm.a(lib_a-s_nan.o)
 .debug_aranges
                0x0000000000000340       0x20 newlib-libm.a(lib_a-s_rint.o)
 .debug_aranges
                0x0000000000000360       0x20 newlib-libm.a(lib_a-sf_copysign.o)

.debug_pubnames
 *(.debug_pubnames)

.debug_info     0x0000000000000000     0xcc16
 *(.debug_info .gnu.linkonce.wi.*)
 .debug_info    0x0000000000000000     0x15c6 minimal.o
 .debug_info    0x00000000000015c6      0x22c cache.o
 .debug_info    0x00000000000017f2      0x293 font_direct.o
 .debug_info    0x0000000000001a85     0x47fe raw.o
 .debug_info    0x0000000000006283      0xc48 vram.o
 .debug_info    0x0000000000006ecb     0x1c2e propvalues.o
 .debug_info    0x0000000000008af9      0x891 stdio.o
 .debug_info    0x000000000000938a      0xcae imgconv.o
 .debug_info    0x000000000000a038      0xe6a dialog_test.o
 .debug_info    0x000000000000aea2      0x130 newlib-libc.a(lib_a-memcpy-stub.o)
 .debug_info    0x000000000000afd2      0x116 newlib-libc.a(lib_a-memset.o)
 .debug_info    0x000000000000b0e8       0xbb newlib-libm.a(lib_a-sf_log2.o)
 .debug_info    0x000000000000b1a3      0x14a newlib-libm.a(lib_a-sf_round.o)
 .debug_info    0x000000000000b2ed      0x17f newlib-libm.a(lib_a-wf_log.o)
 .debug_info    0x000000000000b46c      0x18c newlib-libm.a(lib_a-wf_pow.o)
 .debug_info    0x000000000000b5f8      0x17f newlib-libm.a(lib_a-wf_sqrt.o)
 .debug_info    0x000000000000b777      0x29a newlib-libm.a(lib_a-ef_log.o)
 .debug_info    0x000000000000ba11      0x57e newlib-libm.a(lib_a-ef_pow.o)
 .debug_info    0x000000000000bf8f      0x1aa newlib-libm.a(lib_a-ef_sqrt.o)
 .debug_info    0x000000000000c139       0xc4 newlib-libm.a(lib_a-sf_fabs.o)
 .debug_info    0x000000000000c1fd       0xc8 newlib-libm.a(lib_a-sf_finite.o)
 .debug_info    0x000000000000c2c5       0xc6 newlib-libm.a(lib_a-sf_fpclassify.o)
 .debug_info    0x000000000000c38b       0xca newlib-libm.a(lib_a-sf_nan.o)
 .debug_info    0x000000000000c455      0x1d7 newlib-libm.a(lib_a-sf_scalbn.o)
 .debug_info    0x000000000000c62c       0xc1 newlib-libm.a(lib_a-s_lib_ver.o)
 .debug_info    0x000000000000c6ed      0x131 newlib-libm.a(lib_a-s_matherr.o)
 .debug_info    0x000000000000c81e       0xcd newlib-libm.a(lib_a-s_nan.o)
 .debug_info    0x000000000000c8eb      0x209 newlib-libm.a(lib_a-s_rint.o)
 .debug_info    0x000000000000caf4      0x122 newlib-libm.a(lib_a-sf_copysign.o)

.debug_abbrev   0x0000000000000000     0x2915
 *(.debug_abbrev)
 .debug_abbrev  0x0000000000000000      0x44a minimal.o
 .debug_abbrev  0x000000000000044a      0x116 cache.o
 .debug_abbrev  0x0000000000000560      0x145 font_direct.o
 .debug_abbrev  0x00000000000006a5      0x72b raw.o
 .debug_abbrev  0x0000000000000dd0      0x3ca vram.o
 .debug_abbrev  0x000000000000119a      0x334 propvalues.o
 .debug_abbrev  0x00000000000014ce      0x1e8 stdio.o
 .debug_abbrev  0x00000000000016b6      0x31e imgconv.o
 .debug_abbrev  0x00000000000019d4      0x1df dialog_test.o
 .debug_abbrev  0x0000000000001bb3       0x99 newlib-libc.a(lib_a-memcpy-stub.o)
 .debug_abbrev  0x0000000000001c4c       0x8d newlib-libc.a(lib_a-memset.o)
 .debug_abbrev  0x0000000000001cd9       0x5d newlib-libm.a(lib_a-sf_log2.o)
 .debug_abbrev  0x0000000000001d36       0xb6 newlib-libm.a(lib_a-sf_round.o)
 .debug_abbrev  0x0000000000001dec       0xcf newlib-libm.a(lib_a-wf_log.o)
 .debug_abbrev  0x0000000000001ebb       0xcf newlib-libm.a(lib_a-wf_pow.o)
 .debug_abbrev  0x0000000000001f8a       0xcf newlib-libm.a(lib_a-wf_sqrt.o)
 .debug_abbrev  0x0000000000002059       0xf7 newlib-libm.a(lib_a-ef_log.o)
 .debug_abbrev  0x0000000000002150      0x130 newlib-libm.a(lib_a-ef_pow.o)
 .debug_abbrev  0x0000000000002280       0xe1 newlib-libm.a(lib_a-ef_sqrt.o)
 .debug_abbrev  0x0000000000002361       0x6a newlib-libm.a(lib_a-sf_fabs.o)
 .debug_abbrev  0x00000000000023cb       0x6c newlib-libm.a(lib_a-sf_finite.o)
 .debug_abbrev  0x0000000000002437       0x6c newlib-libm.a(lib_a-sf_fpclassify.o)
 .debug_abbrev  0x00000000000024a3       0x6f newlib-libm.a(lib_a-sf_nan.o)
 .debug_abbrev  0x0000000000002512       0xd9 newlib-libm.a(lib_a-sf_scalbn.o)
 .debug_abbrev  0x00000000000025eb       0x53 newlib-libm.a(lib_a-s_lib_ver.o)
 .debug_abbrev  0x000000000000263e       0x97 newlib-libm.a(lib_a-s_matherr.o)
 .debug_abbrev  0x00000000000026d5       0x6f newlib-libm.a(lib_a-s_nan.o)
 .debug_abbrev  0x0000000000002744      0x11b newlib-libm.a(lib_a-s_rint.o)
 .debug_abbrev  0x000000000000285f       0xb6 newlib-libm.a(lib_a-sf_copysign.o)

.debug_line     0x0000000000000000     0x5263
 *(.debug_line .debug_line.* .debug_line_end)
 .debug_line    0x0000000000000000      0x5c5 minimal.o
 .debug_line    0x00000000000005c5      0x358 cache.o
 .debug_line    0x000000000000091d      0x437 font_direct.o
 .debug_line    0x0000000000000d54      0xf9a raw.o
 .debug_line    0x0000000000001cee      0x807 vram.o
 .debug_line    0x00000000000024f5      0x717 propvalues.o
 .debug_line    0x0000000000002c0c      0x57d stdio.o
 .debug_line    0x0000000000003189      0x72b imgconv.o
 .debug_line    0x00000000000038b4      0x54f dialog_test.o
 .debug_line    0x0000000000003e03      0x197 newlib-libc.a(lib_a-memcpy-stub.o)
 .debug_line    0x0000000000003f9a      0x181 newlib-libc.a(lib_a-memset.o)
 .debug_line    0x000000000000411b       0x96 newlib-libm.a(lib_a-sf_log2.o)
 .debug_line    0x00000000000041b1      0x109 newlib-libm.a(lib_a-sf_round.o)
 .debug_line    0x00000000000042ba       0xc7 newlib-libm.a(lib_a-wf_log.o)
 .debug_line    0x0000000000004381      0x15c newlib-libm.a(lib_a-wf_pow.o)
 .debug_line    0x00000000000044dd       0xb5 newlib-libm.a(lib_a-wf_sqrt.o)
 .debug_line    0x0000000000004592      0x17a newlib-libm.a(lib_a-ef_log.o)
 .debug_line    0x000000000000470c      0x23c newlib-libm.a(lib_a-ef_pow.o)
 .debug_line    0x0000000000004948      0x11b newlib-libm.a(lib_a-ef_sqrt.o)
 .debug_line    0x0000000000004a63       0xe0 newlib-libm.a(lib_a-sf_fabs.o)
 .debug_line    0x0000000000004b43       0xe5 newlib-libm.a(lib_a-sf_finite.o)
 .debug_line    0x0000000000004c28       0xf7 newlib-libm.a(lib_a-sf_fpclassify.o)
 .debug_line    0x0000000000004d1f       0x92 newlib-libm.a(lib_a-sf_nan.o)
 .debug_line    0x0000000000004db1      0x118 newlib-libm.a(lib_a-sf_scalbn.o)
 .debug_line    0x0000000000004ec9       0x57 newlib-libm.a(lib_a-s_lib_ver.o)
 .debug_line    0x0000000000004f20       0x98 newlib-libm.a(lib_a-s_matherr.o)
 .debug_line    0x0000000000004fb8       0x93 newlib-libm.a(lib_a-s_nan.o)
 .debug_line    0x000000000000504b      0x125 newlib-libm.a(lib_a-s_rint.o)
 .debug_line    0x0000000000005170       0xf3 newlib-libm.a(lib_a-sf_copysign.o)

.debug_frame    0x0000000000000000     0x1590
 *(.debug_frame)
 .debug_frame   0x0000000000000000      0x278 minimal.o
 .debug_frame   0x0000000000000278       0x20 cache.o
 .debug_frame   0x0000000000000298       0x3c font_direct.o
 .debug_frame   0x00000000000002d4      0x658 raw.o
 .debug_frame   0x000000000000092c      0x1fc vram.o
 .debug_frame   0x0000000000000b28      0x36c propvalues.o
 .debug_frame   0x0000000000000e94      0x188 stdio.o
 .debug_frame   0x000000000000101c      0x1a8 imgconv.o
 .debug_frame   0x00000000000011c4       0x70 dialog_test.o
 .debug_frame   0x0000000000001234       0x30 newlib-libc.a(lib_a-memcpy-stub.o)
 .debug_frame   0x0000000000001264       0x30 newlib-libc.a(lib_a-memset.o)
 .debug_frame   0x0000000000001294       0x28 newlib-libm.a(lib_a-sf_log2.o)
 .debug_frame   0x00000000000012bc       0x28 newlib-libm.a(lib_a-sf_round.o)
 .debug_frame   0x00000000000012e4       0x30 newlib-libm.a(lib_a-wf_log.o)
 .debug_frame   0x0000000000001314       0x34 newlib-libm.a(lib_a-wf_pow.o)
 .debug_frame   0x0000000000001348       0x30 newlib-libm.a(lib_a-wf_sqrt.o)
 .debug_frame   0x0000000000001378       0x34 newlib-libm.a(lib_a-ef_log.o)
 .debug_frame   0x00000000000013ac       0x38 newlib-libm.a(lib_a-ef_pow.o)
 .debug_frame   0x00000000000013e4       0x30 newlib-libm.a(lib_a-ef_sqrt.o)
 .debug_frame   0x0000000000001414       0x20 newlib-libm.a(lib_a-sf_fabs.o)
 .debug_frame   0x0000000000001434       0x20 newlib-libm.a(lib_a-sf_finite.o)
 .debug_frame   0x0000000000001454       0x20 newlib-libm.a(lib_a-sf_fpclassify.o)
 .debug_frame   0x0000000000001474       0x20 newlib-libm.a(lib_a-sf_nan.o)
 .debug_frame   0x0000000000001494       0x28 newlib-libm.a(lib_a-sf_scalbn.o)
 .debug_frame   0x00000000000014bc       0x20 newlib-libm.a(lib_a-s_matherr.o)
 .debug_frame   0x00000000000014dc       0x20 newlib-libm.a(lib_a-s_nan.o)
 .debug_frame   0x00000000000014fc       0x34 newlib-libm.a(lib_a-s_rint.o)
 .debug_frame   0x0000000000001530       0x20 newlib-libm.a(lib_a-sf_copysign.o)
 .debug_frame   0x0000000000001550       0x20 gcc-libgcc.a(_udivsi3.o)
 .debug_frame   0x0000000000001570       0x20 gcc-libgcc.a(_divsi3.o)

.debug_str      0x0000000000000000    0x1890a
 *(.debug_str)
 .debug_str     0x0000000000000000    0x1342a minimal.o
                                      0x1376a (size before relaxing)
 .debug_str     0x000000000001342a       0x4d cache.o
                                       0x6d74 (size before relaxing)
 .debug_str     0x0000000000013477      0x223 font_direct.o
                                       0x93c2 (size before relaxing)
 .debug_str     0x000000000001369a     0x3248 raw.o
                                      0x167af (size before relaxing)
 .debug_str     0x00000000000168e2      0x4ff vram.o
                                      0x129ec (size before relaxing)
 .debug_str     0x0000000000016de1      0xc38 propvalues.o
                                      0x1325a (size before relaxing)
 .debug_str     0x0000000000017a19       0xb0 stdio.o
                                       0xe9f8 (size before relaxing)
 .debug_str     0x0000000000017ac9      0x1a5 imgconv.o
                                       0xfd6b (size before relaxing)
 .debug_str     0x0000000000017c6e      0x63b dialog_test.o
                                      0x13682 (size before relaxing)
 .debug_str     0x00000000000182a9       0xe9 newlib-libc.a(lib_a-memcpy-stub.o)
                                        0x180 (size before relaxing)
 .debug_str     0x0000000000018392       0x74 newlib-libc.a(lib_a-memset.o)
                                        0x15b (size before relaxing)
 .debug_str     0x0000000000018406       0x70 newlib-libm.a(lib_a-sf_log2.o)
                                        0x161 (size before relaxing)
 .debug_str     0x0000000000018476       0x74 newlib-libm.a(lib_a-sf_round.o)
                                        0x1b4 (size before relaxing)
 .debug_str     0x00000000000184ea       0x7e newlib-libm.a(lib_a-wf_log.o)
                                        0x1d3 (size before relaxing)
 .debug_str     0x0000000000018568       0x28 newlib-libm.a(lib_a-wf_pow.o)
                                        0x1d3 (size before relaxing)
 .debug_str     0x0000000000018590       0x29 newlib-libm.a(lib_a-wf_sqrt.o)
                                        0x1d5 (size before relaxing)
 .debug_str     0x00000000000185b9       0x5a newlib-libm.a(lib_a-ef_log.o)
                                        0x1bb (size before relaxing)
 .debug_str     0x0000000000018613       0x84 newlib-libm.a(lib_a-ef_pow.o)
                                        0x1ef (size before relaxing)
 .debug_str     0x0000000000018697       0x39 newlib-libm.a(lib_a-ef_sqrt.o)
                                        0x19f (size before relaxing)
 .debug_str     0x00000000000186d0       0x2f newlib-libm.a(lib_a-sf_fabs.o)
                                        0x160 (size before relaxing)
 .debug_str     0x00000000000186ff       0x35 newlib-libm.a(lib_a-sf_finite.o)
                                        0x167 (size before relaxing)
 .debug_str     0x0000000000018734       0x3f newlib-libm.a(lib_a-sf_fpclassify.o)
                                        0x172 (size before relaxing)
 .debug_str     0x0000000000018773       0x36 newlib-libm.a(lib_a-sf_nan.o)
                                        0x15e (size before relaxing)
 .debug_str     0x00000000000187a9       0x3c newlib-libm.a(lib_a-sf_scalbn.o)
                                        0x1b4 (size before relaxing)
 .debug_str     0x00000000000187e5       0x2d newlib-libm.a(lib_a-s_lib_ver.o)
                                        0x1b0 (size before relaxing)
 .debug_str     0x0000000000018812       0x35 newlib-libm.a(lib_a-s_matherr.o)
                                        0x182 (size before relaxing)
 .debug_str     0x0000000000018847       0x29 newlib-libm.a(lib_a-s_nan.o)
                                        0x158 (size before relaxing)
 .debug_str     0x0000000000018870       0x61 newlib-libm.a(lib_a-s_rint.o)
                                        0x1a4 (size before relaxing)
 .debug_str     0x00000000000188d1       0x39 newlib-libm.a(lib_a-sf_copysign.o)
                                        0x192 (size before relaxing)

.debug_loc      0x0000000000000000     0x899e
 *(.debug_loc)
 .debug_loc     0x0000000000000000      0x323 minimal.o
 .debug_loc     0x0000000000000323       0x50 cache.o
 .debug_loc     0x0000000000000373      0x1cd font_direct.o
 .debug_loc     0x0000000000000540     0x3a80 raw.o
 .debug_loc     0x0000000000003fc0      0x26d vram.o
 .debug_loc     0x000000000000422d      0xf32 propvalues.o
 .debug_loc     0x000000000000515f      0x522 stdio.o
 .debug_loc     0x0000000000005681     0x166c imgconv.o
 .debug_loc     0x0000000000006ced       0x6d dialog_test.o
 .debug_loc     0x0000000000006d5a      0x1ed newlib-libc.a(lib_a-memcpy-stub.o)
 .debug_loc     0x0000000000006f47      0x227 newlib-libc.a(lib_a-memset.o)
 .debug_loc     0x000000000000716e       0x33 newlib-libm.a(lib_a-sf_log2.o)
 .debug_loc     0x00000000000071a1      0x16e newlib-libm.a(lib_a-sf_round.o)
 .debug_loc     0x000000000000730f       0x68 newlib-libm.a(lib_a-wf_log.o)
 .debug_loc     0x0000000000007377      0x10b newlib-libm.a(lib_a-wf_pow.o)
 .debug_loc     0x0000000000007482       0x68 newlib-libm.a(lib_a-wf_sqrt.o)
 .debug_loc     0x00000000000074ea      0x3b2 newlib-libm.a(lib_a-ef_log.o)
 .debug_loc     0x000000000000789c      0xa9a newlib-libm.a(lib_a-ef_pow.o)
 .debug_loc     0x0000000000008336      0x1ee newlib-libm.a(lib_a-ef_sqrt.o)
 .debug_loc     0x0000000000008524       0x13 newlib-libm.a(lib_a-sf_fabs.o)
 .debug_loc     0x0000000000008537       0x39 newlib-libm.a(lib_a-sf_finite.o)
 .debug_loc     0x0000000000008570       0x13 newlib-libm.a(lib_a-sf_fpclassify.o)
 .debug_loc     0x0000000000008583       0x13 newlib-libm.a(lib_a-sf_nan.o)
 .debug_loc     0x0000000000008596      0x17d newlib-libm.a(lib_a-sf_scalbn.o)
 .debug_loc     0x0000000000008713       0x13 newlib-libm.a(lib_a-s_matherr.o)
 .debug_loc     0x0000000000008726       0x13 newlib-libm.a(lib_a-s_nan.o)
 .debug_loc     0x0000000000008739      0x23f newlib-libm.a(lib_a-s_rint.o)
 .debug_loc     0x0000000000008978       0x26 newlib-libm.a(lib_a-sf_copysign.o)

.debug_macinfo
 *(.debug_macinfo)

.debug_weaknames
 *(.debug_weaknames)

.debug_funcnames
 *(.debug_funcnames)

.debug_typenames
 *(.debug_typenames)

.debug_varnames
 *(.debug_varnames)

.debug_pubtypes
 *(.debug_pubtypes)

.debug_ranges   0x0000000000000000      0xa80
 *(.debug_ranges)
 .debug_ranges  0x0000000000000000       0x30 minimal.o
 .debug_ranges  0x0000000000000030       0x70 font_direct.o
 .debug_ranges  0x00000000000000a0      0x808 raw.o
 .debug_ranges  0x00000000000008a8       0x50 vram.o
 .debug_ranges  0x00000000000008f8       0x18 stdio.o
 .debug_ranges  0x0000000000000910      0x108 imgconv.o
 .debug_ranges  0x0000000000000a18       0x38 newlib-libm.a(lib_a-ef_pow.o)
 .debug_ranges  0x0000000000000a50       0x18 newlib-libm.a(lib_a-sf_scalbn.o)
 .debug_ranges  0x0000000000000a68       0x18 newlib-libm.a(lib_a-s_rint.o)

.debug_macro    0x0000000000000000     0x686a
 *(.debug_macro)
 .debug_macro   0x0000000000000000      0x366 minimal.o
 .debug_macro   0x0000000000000366      0x87a minimal.o
 .debug_macro   0x0000000000000be0       0x22 minimal.o
 .debug_macro   0x0000000000000c02       0xd3 minimal.o
 .debug_macro   0x0000000000000cd5      0x2ad minimal.o
 .debug_macro   0x0000000000000f82       0x9a minimal.o
 .debug_macro   0x000000000000101c       0x3a minimal.o
 .debug_macro   0x0000000000001056       0x10 minimal.o
 .debug_macro   0x0000000000001066       0x22 minimal.o
 .debug_macro   0x0000000000001088       0x87 minimal.o
 .debug_macro   0x000000000000110f       0x44 minimal.o
 .debug_macro   0x0000000000001153       0xfd minimal.o
 .debug_macro   0x0000000000001250       0x5e minimal.o
 .debug_macro   0x00000000000012ae      0x1df minimal.o
 .debug_macro   0x000000000000148d       0x52 minimal.o
 .debug_macro   0x00000000000014df      0x16d minimal.o
 .debug_macro   0x000000000000164c      0x330 minimal.o
 .debug_macro   0x000000000000197c       0x25 minimal.o
 .debug_macro   0x00000000000019a1      0x118 minimal.o
 .debug_macro   0x0000000000001ab9       0x35 minimal.o
 .debug_macro   0x0000000000001aee       0x9c minimal.o
 .debug_macro   0x0000000000001b8a       0x10 minimal.o
 .debug_macro   0x0000000000001b9a       0x52 minimal.o
 .debug_macro   0x0000000000001bec       0x1f minimal.o
 .debug_macro   0x0000000000001c0b       0x43 minimal.o
 .debug_macro   0x0000000000001c4e       0x20 minimal.o
 .debug_macro   0x0000000000001c6e       0x1c minimal.o
 .debug_macro   0x0000000000001c8a       0x52 minimal.o
 .debug_macro   0x0000000000001cdc       0x40 minimal.o
 .debug_macro   0x0000000000001d1c       0x10 minimal.o
 .debug_macro   0x0000000000001d2c       0x40 minimal.o
 .debug_macro   0x0000000000001d6c       0xd7 minimal.o
 .debug_macro   0x0000000000001e43       0x8e minimal.o
 .debug_macro   0x0000000000001ed1       0x97 minimal.o
 .debug_macro   0x0000000000001f68      0x2e6 minimal.o
 .debug_macro   0x000000000000224e       0xe8 minimal.o
 .debug_macro   0x0000000000002336       0x22 minimal.o
 .debug_macro   0x0000000000002358      0x2da minimal.o
 .debug_macro   0x0000000000002632       0xba minimal.o
 .debug_macro   0x00000000000026ec      0x330 minimal.o
 .debug_macro   0x0000000000002a1c       0x10 minimal.o
 .debug_macro   0x0000000000002a2c       0x16 minimal.o
 .debug_macro   0x0000000000002a42       0x20 minimal.o
 .debug_macro   0x0000000000002a62       0xd6 minimal.o
 .debug_macro   0x0000000000002b38       0xff minimal.o
 .debug_macro   0x0000000000002c37       0x58 minimal.o
 .debug_macro   0x0000000000002c8f       0x16 minimal.o
 .debug_macro   0x0000000000002ca5       0xd0 minimal.o
 .debug_macro   0x0000000000002d75       0x16 minimal.o
 .debug_macro   0x0000000000002d8b       0x35 minimal.o
 .debug_macro   0x0000000000002dc0      0x187 minimal.o
 .debug_macro   0x0000000000002f47       0x16 minimal.o
 .debug_macro   0x0000000000002f5d      0x18b minimal.o
 .debug_macro   0x00000000000030e8       0xa6 minimal.o
 .debug_macro   0x000000000000318e       0xa0 minimal.o
 .debug_macro   0x000000000000322e       0x7b minimal.o
 .debug_macro   0x00000000000032a9       0x10 minimal.o
 .debug_macro   0x00000000000032b9       0x10 minimal.o
 .debug_macro   0x00000000000032c9      0x440 minimal.o
 .debug_macro   0x0000000000003709      0x7f5 minimal.o
 .debug_macro   0x0000000000003efe      0x100 minimal.o
 .debug_macro   0x0000000000003ffe      0x3ff minimal.o
 .debug_macro   0x00000000000043fd       0x16 minimal.o
 .debug_macro   0x0000000000004413       0x58 minimal.o
 .debug_macro   0x000000000000446b      0x1a5 cache.o
 .debug_macro   0x0000000000004610      0x261 font_direct.o
 .debug_macro   0x0000000000004871       0x4c font_direct.o
 .debug_macro   0x00000000000048bd       0x8d font_direct.o
 .debug_macro   0x000000000000494a       0x4a font_direct.o
 .debug_macro   0x0000000000004994       0x10 font_direct.o
 .debug_macro   0x00000000000049a4       0x16 font_direct.o
 .debug_macro   0x00000000000049ba       0x16 font_direct.o
 .debug_macro   0x00000000000049d0       0x29 font_direct.o
 .debug_macro   0x00000000000049f9       0x1c font_direct.o
 .debug_macro   0x0000000000004a15       0x10 font_direct.o
 .debug_macro   0x0000000000004a25       0x52 font_direct.o
 .debug_macro   0x0000000000004a77       0x2b font_direct.o
 .debug_macro   0x0000000000004aa2      0x46c raw.o
 .debug_macro   0x0000000000004f0e      0x1e1 raw.o
 .debug_macro   0x00000000000050ef      0x405 raw.o
 .debug_macro   0x00000000000054f4      0x2be raw.o
 .debug_macro   0x00000000000057b2       0x28 raw.o
 .debug_macro   0x00000000000057da       0x2e raw.o
 .debug_macro   0x0000000000005808      0x344 vram.o
 .debug_macro   0x0000000000005b4c       0x11 vram.o
 .debug_macro   0x0000000000005b5d       0x3a vram.o
 .debug_macro   0x0000000000005b97      0x34a propvalues.o
 .debug_macro   0x0000000000005ee1      0x2f5 stdio.o
 .debug_macro   0x00000000000061d6      0x31f imgconv.o
 .debug_macro   0x00000000000064f5      0x33b dialog_test.o
 .debug_macro   0x0000000000006830       0x3a dialog_test.o
LOAD entry.o
LOAD minimal.o
LOAD cache.o
LOAD font_direct.o
LOAD ../../platform/EOSM.202/stubs.o
LOAD raw.o
LOAD vram.o
LOAD propvalues.o
LOAD stdio.o
LOAD imgconv.o
LOAD dialog_test.o
LOAD dietlibc.a
LOAD newlib-libc.a
LOAD newlib-libm.a
LOAD gcc-libgcc.a
OUTPUT(magiclantern elf32-littlearm)
