Archive member included to satisfy reference by file (symbol)

dietlibc.a(strlen.o)          font_direct.o (strlen)
gcc-libgcc.a(_udivsi3.o)      font_direct.o (__aeabi_uidiv)
gcc-libgcc.a(_dvmd_tls.o)     gcc-libgcc.a(_udivsi3.o) (__aeabi_idiv0)

Discarded input sections

 .group         0x0000000000000000        0x8 minimal.o
 .group         0x0000000000000000        0x8 minimal.o
 .group         0x0000000000000000        0x8 minimal.o
 .group         0x0000000000000000        0x8 minimal.o
 .group         0x0000000000000000        0x8 minimal.o
 .group         0x0000000000000000        0x8 minimal.o
 .group         0x0000000000000000        0x8 minimal.o
 .group         0x0000000000000000        0x8 minimal.o
 .group         0x0000000000000000        0x8 minimal.o
 .group         0x0000000000000000        0x8 minimal.o
 .group         0x0000000000000000        0x8 minimal.o
 .group         0x0000000000000000        0x8 minimal.o
 .group         0x0000000000000000        0x8 minimal.o
 .group         0x0000000000000000        0x8 minimal.o
 .group         0x0000000000000000        0x8 minimal.o
 .group         0x0000000000000000        0x8 minimal.o
 .group         0x0000000000000000        0x8 minimal.o
 .group         0x0000000000000000        0x8 minimal.o
 .group         0x0000000000000000        0x8 minimal.o
 .group         0x0000000000000000        0x8 minimal.o
 .group         0x0000000000000000        0x8 minimal.o
 .group         0x0000000000000000        0x8 minimal.o
 .group         0x0000000000000000        0x8 minimal.o
 .group         0x0000000000000000        0x8 minimal.o
 .group         0x0000000000000000        0x8 minimal.o
 .group         0x0000000000000000        0x8 minimal.o
 .group         0x0000000000000000        0x8 minimal.o
 .group         0x0000000000000000        0x8 minimal.o
 .group         0x0000000000000000        0x8 minimal.o
 .group         0x0000000000000000        0x8 minimal.o
 .group         0x0000000000000000        0x8 minimal.o
 .group         0x0000000000000000        0x8 minimal.o
 .group         0x0000000000000000        0x8 minimal.o
 .group         0x0000000000000000        0x8 minimal.o
 .group         0x0000000000000000        0x8 minimal.o
 .group         0x0000000000000000        0x8 minimal.o
 .group         0x0000000000000000        0x8 minimal.o
 .group         0x0000000000000000        0x8 minimal.o
 .group         0x0000000000000000        0x8 minimal.o
 .group         0x0000000000000000        0x8 minimal.o
 .group         0x0000000000000000        0x8 minimal.o
 .group         0x0000000000000000        0x8 minimal.o
 .group         0x0000000000000000        0x8 minimal.o
 .group         0x0000000000000000        0x8 minimal.o
 .group         0x0000000000000000        0x8 minimal.o
 .group         0x0000000000000000        0x8 minimal.o
 .group         0x0000000000000000        0x8 minimal.o
 .group         0x0000000000000000        0x8 minimal.o
 .group         0x0000000000000000        0x8 minimal.o
 .group         0x0000000000000000        0x8 minimal.o
 .group         0x0000000000000000        0x8 minimal.o
 .group         0x0000000000000000        0x8 minimal.o
 .group         0x0000000000000000        0x8 minimal.o
 .group         0x0000000000000000        0x8 minimal.o
 .group         0x0000000000000000        0x8 minimal.o
 .group         0x0000000000000000        0x8 minimal.o
 .group         0x0000000000000000        0x8 minimal.o
 .group         0x0000000000000000        0x8 minimal.o
 .group         0x0000000000000000        0x8 minimal.o
 .group         0x0000000000000000        0x8 cache.o
 .group         0x0000000000000000        0x8 cache.o
 .group         0x0000000000000000        0x8 cache.o
 .group         0x0000000000000000        0x8 cache.o
 .group         0x0000000000000000        0x8 cache.o
 .group         0x0000000000000000        0x8 cache.o
 .group         0x0000000000000000        0x8 cache.o
 .group         0x0000000000000000        0x8 cache.o
 .group         0x0000000000000000        0x8 cache.o
 .group         0x0000000000000000        0x8 cache.o
 .group         0x0000000000000000        0x8 cache.o
 .group         0x0000000000000000        0x8 cache.o
 .group         0x0000000000000000        0x8 cache.o
 .group         0x0000000000000000        0x8 cache.o
 .group         0x0000000000000000        0x8 cache.o
 .group         0x0000000000000000        0x8 cache.o
 .group         0x0000000000000000        0x8 cache.o
 .group         0x0000000000000000        0x8 cache.o
 .group         0x0000000000000000        0x8 cache.o
 .group         0x0000000000000000        0x8 cache.o
 .group         0x0000000000000000        0x8 cache.o
 .group         0x0000000000000000        0x8 cache.o
 .group         0x0000000000000000        0x8 cache.o
 .group         0x0000000000000000        0x8 cache.o
 .group         0x0000000000000000        0x8 cache.o
 .group         0x0000000000000000        0x8 cache.o
 .group         0x0000000000000000        0x8 cache.o
 .group         0x0000000000000000        0x8 cache.o
 .group         0x0000000000000000        0x8 cache.o
 .debug_macro   0x0000000000000000      0x87a cache.o
 .debug_macro   0x0000000000000000       0x3a cache.o
 .debug_macro   0x0000000000000000       0x10 cache.o
 .debug_macro   0x0000000000000000       0x22 cache.o
 .debug_macro   0x0000000000000000       0x87 cache.o
 .debug_macro   0x0000000000000000       0x44 cache.o
 .debug_macro   0x0000000000000000       0xfd cache.o
 .debug_macro   0x0000000000000000       0x5e cache.o
 .debug_macro   0x0000000000000000      0x1df cache.o
 .debug_macro   0x0000000000000000       0x52 cache.o
 .debug_macro   0x0000000000000000      0x16d cache.o
 .debug_macro   0x0000000000000000      0x330 cache.o
 .debug_macro   0x0000000000000000       0x25 cache.o
 .debug_macro   0x0000000000000000      0x118 cache.o
 .debug_macro   0x0000000000000000       0x35 cache.o
 .debug_macro   0x0000000000000000       0x9c cache.o
 .debug_macro   0x0000000000000000       0x10 cache.o
 .debug_macro   0x0000000000000000       0x52 cache.o
 .debug_macro   0x0000000000000000       0x1f cache.o
 .debug_macro   0x0000000000000000       0x43 cache.o
 .debug_macro   0x0000000000000000       0x20 cache.o
 .debug_macro   0x0000000000000000       0x1c cache.o
 .debug_macro   0x0000000000000000       0x52 cache.o
 .debug_macro   0x0000000000000000       0x40 cache.o
 .debug_macro   0x0000000000000000       0x10 cache.o
 .debug_macro   0x0000000000000000       0x40 cache.o
 .debug_macro   0x0000000000000000       0xd7 cache.o
 .debug_macro   0x0000000000000000       0x8e cache.o
 .debug_macro   0x0000000000000000       0x97 cache.o
 .group         0x0000000000000000        0x8 font_direct.o
 .group         0x0000000000000000        0x8 font_direct.o
 .group         0x0000000000000000        0x8 font_direct.o
 .group         0x0000000000000000        0x8 font_direct.o
 .group         0x0000000000000000        0x8 font_direct.o
 .group         0x0000000000000000        0x8 font_direct.o
 .group         0x0000000000000000        0x8 font_direct.o
 .group         0x0000000000000000        0x8 font_direct.o
 .group         0x0000000000000000        0x8 font_direct.o
 .group         0x0000000000000000        0x8 font_direct.o
 .group         0x0000000000000000        0x8 font_direct.o
 .group         0x0000000000000000        0x8 font_direct.o
 .group         0x0000000000000000        0x8 font_direct.o
 .group         0x0000000000000000        0x8 font_direct.o
 .group         0x0000000000000000        0x8 font_direct.o
 .group         0x0000000000000000        0x8 font_direct.o
 .group         0x0000000000000000        0x8 font_direct.o
 .group         0x0000000000000000        0x8 font_direct.o
 .group         0x0000000000000000        0x8 font_direct.o
 .group         0x0000000000000000        0x8 font_direct.o
 .group         0x0000000000000000        0x8 font_direct.o
 .group         0x0000000000000000        0x8 font_direct.o
 .group         0x0000000000000000        0x8 font_direct.o
 .group         0x0000000000000000        0x8 font_direct.o
 .group         0x0000000000000000        0x8 font_direct.o
 .group         0x0000000000000000        0x8 font_direct.o
 .group         0x0000000000000000        0x8 font_direct.o
 .group         0x0000000000000000        0x8 font_direct.o
 .group         0x0000000000000000        0x8 font_direct.o
 .group         0x0000000000000000        0x8 font_direct.o
 .group         0x0000000000000000        0x8 font_direct.o
 .group         0x0000000000000000        0x8 font_direct.o
 .group         0x0000000000000000        0x8 font_direct.o
 .group         0x0000000000000000        0x8 font_direct.o
 .group         0x0000000000000000        0x8 font_direct.o
 .group         0x0000000000000000        0x8 font_direct.o
 .group         0x0000000000000000        0x8 font_direct.o
 .group         0x0000000000000000        0x8 font_direct.o
 .group         0x0000000000000000        0x8 font_direct.o
 .group         0x0000000000000000        0x8 font_direct.o
 .group         0x0000000000000000        0x8 font_direct.o
 .group         0x0000000000000000        0x8 font_direct.o
 .debug_macro   0x0000000000000000      0x87a font_direct.o
 .debug_macro   0x0000000000000000       0x22 font_direct.o
 .debug_macro   0x0000000000000000       0x35 font_direct.o
 .debug_macro   0x0000000000000000       0x9c font_direct.o
 .debug_macro   0x0000000000000000      0x16d font_direct.o
 .debug_macro   0x0000000000000000       0x52 font_direct.o
 .debug_macro   0x0000000000000000       0x1f font_direct.o
 .debug_macro   0x0000000000000000       0x43 font_direct.o
 .debug_macro   0x0000000000000000       0x20 font_direct.o
 .debug_macro   0x0000000000000000      0x187 font_direct.o
 .debug_macro   0x0000000000000000      0x330 font_direct.o
 .debug_macro   0x0000000000000000       0x35 font_direct.o
 .debug_macro   0x0000000000000000       0xfd font_direct.o
 .debug_macro   0x0000000000000000       0x5e font_direct.o
 .debug_macro   0x0000000000000000      0x1df font_direct.o
 .debug_macro   0x0000000000000000       0x10 font_direct.o
 .debug_macro   0x0000000000000000       0x1c font_direct.o
 .debug_macro   0x0000000000000000       0x52 font_direct.o
 .debug_macro   0x0000000000000000       0x40 font_direct.o
 .debug_macro   0x0000000000000000       0x10 font_direct.o
 .debug_macro   0x0000000000000000       0x40 font_direct.o
 .debug_macro   0x0000000000000000       0xd7 font_direct.o
 .debug_macro   0x0000000000000000       0x16 font_direct.o
 .debug_macro   0x0000000000000000      0x18b font_direct.o
 .debug_macro   0x0000000000000000       0x16 font_direct.o
 .debug_macro   0x0000000000000000       0x3a font_direct.o
 .debug_macro   0x0000000000000000       0x10 font_direct.o
 .debug_macro   0x0000000000000000      0x118 font_direct.o
 .debug_macro   0x0000000000000000       0x8e font_direct.o
 .debug_macro   0x0000000000000000       0x97 font_direct.o
 .debug_macro   0x0000000000000000      0x2e6 font_direct.o

Memory Configuration

Name             Origin             Length             Attributes
*default*        0x0000000000000000 0xffffffffffffffff

Linker script and memory map

                0x000000000009e1e0                . = 0x9e1e0

.text           0x000000000009e1e0      0x780
                0x000000000009e1e0                _text_start = .
 *(.text)
 .text          0x000000000009e1e0        0x4 entry.o
                0x000000000009e1e0                _start
 *fill*         0x000000000009e1e4        0xc 
 .text          0x000000000009e1f0      0x168 minimal.o
                0x000000000009e26c                copy_and_restart
                0x000000000009e33c                disp_set_pixel
 *fill*         0x000000000009e358        0x8 
 .text          0x000000000009e360       0x64 cache.o
                0x000000000009e360                sync_caches
 *fill*         0x000000000009e3c4        0xc 
 .text          0x000000000009e3d0       0xdc font_direct.o
                0x000000000009e3d0                font_draw
 .text          0x000000000009e4ac        0x0 ../../platform/EOSM.202/stubs.o
 .text          0x000000000009e4ac       0x1c dietlibc.a(strlen.o)
                0x000000000009e4ac                strlen
 .text          0x000000000009e4c8      0x114 gcc-libgcc.a(_udivsi3.o)
                0x000000000009e4c8                __udivsi3
                0x000000000009e4c8                __aeabi_uidiv
                0x000000000009e5bc                __aeabi_uidivmod
 .text          0x000000000009e5dc        0x4 gcc-libgcc.a(_dvmd_tls.o)
                0x000000000009e5dc                __aeabi_ldiv0
                0x000000000009e5dc                __aeabi_idiv0
 .text.__stub   0x000000000009e5e0        0x8 linker stubs
                0x000000000009e5e8                _text_end = .
                0x000000000009e600                . = ALIGN (0x40)
 *fill*         0x000000000009e5e8       0x18 
                0x000000000009e600                _rodata_start = .
 *(.rodata)
 .rodata        0x000000000009e600      0x360 font_direct.o
                0x000000000009e960                _rodata_end = .
                0x000000000009e960                _data_start = .

.rodata.str1.1  0x000000000009e960        0xe
 .rodata.str1.1
                0x000000000009e960        0xe minimal.o

.glue_7         0x000000000009e970        0x0
 .glue_7        0x000000000009e970        0x0 linker stubs

.glue_7t        0x000000000009e970        0x0
 .glue_7t       0x000000000009e970        0x0 linker stubs

.vfp11_veneer   0x000000000009e970        0x0
 .vfp11_veneer  0x000000000009e970        0x0 linker stubs

.v4_bx          0x000000000009e970        0x0
 .v4_bx         0x000000000009e970        0x0 linker stubs

.iplt           0x000000000009e970        0x0
 .iplt          0x000000000009e970        0x0 entry.o

.rel.dyn        0x000000000009e970        0x0
 .rel.iplt      0x000000000009e970        0x0 entry.o

.data           0x000000000009e96e       0x12
                0x000000000009e970                . = ALIGN (0x8)
 *fill*         0x000000000009e96e        0x2 
                0x000000000009e970                _task_overrides_start = .
 *(.task_overrides)
                0x000000000009e970                _task_overrides_end = .
                0x000000000009e970                . = ALIGN (0x8)
                0x000000000009e970                _tasks_start = .
 *(.tasks)
                0x000000000009e970                _tasks_end = .
                0x000000000009e970                . = ALIGN (0x8)
                0x000000000009e970                _init_funcs_start = .
 *(.init_funcs)
                0x000000000009e970                _init_funcs_end = .
                0x000000000009e970                . = ALIGN (0x8)
                0x000000000009e970                _ptp_handlers_start = .
 *(.ptp_handlers)
                0x000000000009e970                _ptp_handlers_end = .
                0x000000000009e970                . = ALIGN (0x8)
                0x000000000009e970                _config_vars_start = .
 *(.config_vars)
                0x000000000009e970                _config_vars_end = .
                0x000000000009e970                . = ALIGN (0x8)
                0x000000000009e970                _prop_handlers_start = .
 *(.prop_handlers)
                0x000000000009e970                _prop_handlers_end = .
                0x000000000009e970                . = ALIGN (0x8)
                0x000000000009e970                _module_symbols_start = .
 *(.module_symbols)
                0x000000000009e970                _module_symbols_end = .
                0x000000000009e980                . = ALIGN (0x40)
 *fill*         0x000000000009e970       0x10 
 *(.data)
 .data          0x000000000009e980        0x0 entry.o
 .data          0x000000000009e980        0x0 minimal.o
 .data          0x000000000009e980        0x0 cache.o
 .data          0x000000000009e980        0x0 font_direct.o
 .data          0x000000000009e980        0x0 ../../platform/EOSM.202/stubs.o
 .data          0x000000000009e980        0x0 dietlibc.a(strlen.o)
 .data          0x000000000009e980        0x0 gcc-libgcc.a(_udivsi3.o)
 .data          0x000000000009e980        0x0 gcc-libgcc.a(_dvmd_tls.o)
                0x000000000009e980                _data.end = .
                0x000000000009e980                __exidx_start = .

.igot.plt       0x000000000009e980        0x0
 .igot.plt      0x000000000009e980        0x0 entry.o

.ARM.exidx
 *(.ARM.exidx*)
                0x000000000009e980                __exidx_end = .
                0x000000000009e980                . = ALIGN (0x40)
                0x000000000009e980                _bss_start = .

.bss            0x000000000009e980     0x3000
 *(.bss)
 .bss           0x000000000009e980        0x0 entry.o
 .bss           0x000000000009e980     0x3000 minimal.o
 .bss           0x00000000000a1980        0x0 cache.o
 .bss           0x00000000000a1980        0x0 font_direct.o
 .bss           0x00000000000a1980        0x0 ../../platform/EOSM.202/stubs.o
 .bss           0x00000000000a1980        0x0 dietlibc.a(strlen.o)
 .bss           0x00000000000a1980        0x0 gcc-libgcc.a(_udivsi3.o)
 .bss           0x00000000000a1980        0x0 gcc-libgcc.a(_dvmd_tls.o)
                0x00000000000a1980                . = ALIGN (0x40)
                0x00000000000a1980                _bss_end = .

.stab
 *(.stab)

.stabstr
 *(.stabstr)

.stab.excl
 *(.stab.excl)

.stab.exclstr
 *(.stab.exclstr)

.stab.index
 *(.stab.index)

.stab.indexstr
 *(.stab.indexstr)

.comment        0x0000000000000000       0x6e
 *(.comment)
 .comment       0x0000000000000000       0x6e minimal.o
                                         0x6f (size before relaxing)
 .comment       0x000000000000006e       0x6f cache.o
 .comment       0x000000000000006e       0x6f font_direct.o

.ARM.attributes
                0x0000000000000000       0x23
 .ARM.attributes
                0x0000000000000000       0x14 entry.o
 .ARM.attributes
                0x0000000000000014       0x27 minimal.o
 .ARM.attributes
                0x000000000000003b       0x27 cache.o
 .ARM.attributes
                0x0000000000000062       0x27 font_direct.o
 .ARM.attributes
                0x0000000000000089       0x14 ../../platform/EOSM.202/stubs.o
 .ARM.attributes
                0x000000000000009d       0x14 dietlibc.a(strlen.o)
 .ARM.attributes
                0x00000000000000b1       0x18 gcc-libgcc.a(_udivsi3.o)
 .ARM.attributes
                0x00000000000000c9       0x18 gcc-libgcc.a(_dvmd_tls.o)

.debug
 *(.debug)

.line
 *(.line)

.debug_srcinfo
 *(.debug_srcinfo)

.debug_sfnames
 *(.debug_sfnames)

.debug_aranges  0x0000000000000000       0x60
 *(.debug_aranges)
 .debug_aranges
                0x0000000000000000       0x20 minimal.o
 .debug_aranges
                0x0000000000000020       0x20 cache.o
 .debug_aranges
                0x0000000000000040       0x20 font_direct.o

.debug_pubnames
 *(.debug_pubnames)

.debug_info     0x0000000000000000      0xacc
 *(.debug_info .gnu.linkonce.wi.*)
 .debug_info    0x0000000000000000      0x60d minimal.o
 .debug_info    0x000000000000060d      0x22c cache.o
 .debug_info    0x0000000000000839      0x293 font_direct.o

.debug_abbrev   0x0000000000000000      0x48b
 *(.debug_abbrev)
 .debug_abbrev  0x0000000000000000      0x230 minimal.o
 .debug_abbrev  0x0000000000000230      0x116 cache.o
 .debug_abbrev  0x0000000000000346      0x145 font_direct.o

.debug_line     0x0000000000000000      0xcd4
 *(.debug_line .debug_line.* .debug_line_end)
 .debug_line    0x0000000000000000      0x545 minimal.o
 .debug_line    0x0000000000000545      0x358 cache.o
 .debug_line    0x000000000000089d      0x437 font_direct.o

.debug_frame    0x0000000000000000       0xc4
 *(.debug_frame)
 .debug_frame   0x0000000000000000       0x48 minimal.o
 .debug_frame   0x0000000000000048       0x20 cache.o
 .debug_frame   0x0000000000000068       0x3c font_direct.o
 .debug_frame   0x00000000000000a4       0x20 gcc-libgcc.a(_udivsi3.o)

.debug_str      0x0000000000000000     0xfb22
 *(.debug_str)
 .debug_str     0x0000000000000000     0xf8a1 minimal.o
                                       0xfb4a (size before relaxing)
 .debug_str     0x000000000000f8a1       0x52 cache.o
                                       0x6d76 (size before relaxing)
 .debug_str     0x000000000000f8f3      0x22f font_direct.o
                                       0x93c4 (size before relaxing)

.debug_loc      0x0000000000000000      0x30e
 *(.debug_loc)
 .debug_loc     0x0000000000000000       0xf1 minimal.o
 .debug_loc     0x00000000000000f1       0x50 cache.o
 .debug_loc     0x0000000000000141      0x1cd font_direct.o

.debug_macinfo
 *(.debug_macinfo)

.debug_weaknames
 *(.debug_weaknames)

.debug_funcnames
 *(.debug_funcnames)

.debug_typenames
 *(.debug_typenames)

.debug_varnames
 *(.debug_varnames)

.debug_pubtypes
 *(.debug_pubtypes)

.debug_ranges   0x0000000000000000       0x70
 *(.debug_ranges)
 .debug_ranges  0x0000000000000000       0x70 font_direct.o

.debug_macro    0x0000000000000000     0x3d2b
 *(.debug_macro)
 .debug_macro   0x0000000000000000      0x33b minimal.o
 .debug_macro   0x000000000000033b      0x87a minimal.o
 .debug_macro   0x0000000000000bb5       0x22 minimal.o
 .debug_macro   0x0000000000000bd7       0xd3 minimal.o
 .debug_macro   0x0000000000000caa      0x2ad minimal.o
 .debug_macro   0x0000000000000f57       0x9a minimal.o
 .debug_macro   0x0000000000000ff1       0x3a minimal.o
 .debug_macro   0x000000000000102b       0x10 minimal.o
 .debug_macro   0x000000000000103b       0x22 minimal.o
 .debug_macro   0x000000000000105d       0x87 minimal.o
 .debug_macro   0x00000000000010e4       0x44 minimal.o
 .debug_macro   0x0000000000001128       0xfd minimal.o
 .debug_macro   0x0000000000001225       0x5e minimal.o
 .debug_macro   0x0000000000001283      0x1df minimal.o
 .debug_macro   0x0000000000001462       0x52 minimal.o
 .debug_macro   0x00000000000014b4      0x16d minimal.o
 .debug_macro   0x0000000000001621      0x330 minimal.o
 .debug_macro   0x0000000000001951       0x25 minimal.o
 .debug_macro   0x0000000000001976      0x118 minimal.o
 .debug_macro   0x0000000000001a8e       0x35 minimal.o
 .debug_macro   0x0000000000001ac3       0x9c minimal.o
 .debug_macro   0x0000000000001b5f       0x10 minimal.o
 .debug_macro   0x0000000000001b6f       0x52 minimal.o
 .debug_macro   0x0000000000001bc1       0x1f minimal.o
 .debug_macro   0x0000000000001be0       0x43 minimal.o
 .debug_macro   0x0000000000001c23       0x20 minimal.o
 .debug_macro   0x0000000000001c43       0x1c minimal.o
 .debug_macro   0x0000000000001c5f       0x52 minimal.o
 .debug_macro   0x0000000000001cb1       0x40 minimal.o
 .debug_macro   0x0000000000001cf1       0x10 minimal.o
 .debug_macro   0x0000000000001d01       0x40 minimal.o
 .debug_macro   0x0000000000001d41       0xd7 minimal.o
 .debug_macro   0x0000000000001e18       0x8e minimal.o
 .debug_macro   0x0000000000001ea6       0x97 minimal.o
 .debug_macro   0x0000000000001f3d      0x2e6 minimal.o
 .debug_macro   0x0000000000002223       0xe8 minimal.o
 .debug_macro   0x000000000000230b       0x22 minimal.o
 .debug_macro   0x000000000000232d      0x2da minimal.o
 .debug_macro   0x0000000000002607       0xba minimal.o
 .debug_macro   0x00000000000026c1      0x330 minimal.o
 .debug_macro   0x00000000000029f1       0x10 minimal.o
 .debug_macro   0x0000000000002a01       0x16 minimal.o
 .debug_macro   0x0000000000002a17       0x20 minimal.o
 .debug_macro   0x0000000000002a37       0xd6 minimal.o
 .debug_macro   0x0000000000002b0d       0xff minimal.o
 .debug_macro   0x0000000000002c0c       0x58 minimal.o
 .debug_macro   0x0000000000002c64       0x16 minimal.o
 .debug_macro   0x0000000000002c7a       0xd0 minimal.o
 .debug_macro   0x0000000000002d4a       0x16 minimal.o
 .debug_macro   0x0000000000002d60       0x35 minimal.o
 .debug_macro   0x0000000000002d95      0x187 minimal.o
 .debug_macro   0x0000000000002f1c       0x16 minimal.o
 .debug_macro   0x0000000000002f32      0x18b minimal.o
 .debug_macro   0x00000000000030bd       0xa6 minimal.o
 .debug_macro   0x0000000000003163       0xa0 minimal.o
 .debug_macro   0x0000000000003203       0x7b minimal.o
 .debug_macro   0x000000000000327e       0x10 minimal.o
 .debug_macro   0x000000000000328e       0x10 minimal.o
 .debug_macro   0x000000000000329e      0x440 minimal.o
 .debug_macro   0x00000000000036de       0x16 minimal.o
 .debug_macro   0x00000000000036f4      0x1a5 cache.o
 .debug_macro   0x0000000000003899      0x261 font_direct.o
 .debug_macro   0x0000000000003afa       0x4c font_direct.o
 .debug_macro   0x0000000000003b46       0x8d font_direct.o
 .debug_macro   0x0000000000003bd3       0x4a font_direct.o
 .debug_macro   0x0000000000003c1d       0x10 font_direct.o
 .debug_macro   0x0000000000003c2d       0x16 font_direct.o
 .debug_macro   0x0000000000003c43       0x16 font_direct.o
 .debug_macro   0x0000000000003c59       0x29 font_direct.o
 .debug_macro   0x0000000000003c82       0x1c font_direct.o
 .debug_macro   0x0000000000003c9e       0x10 font_direct.o
 .debug_macro   0x0000000000003cae       0x52 font_direct.o
 .debug_macro   0x0000000000003d00       0x2b font_direct.o
LOAD entry.o
LOAD minimal.o
LOAD cache.o
LOAD font_direct.o
LOAD ../../platform/EOSM.202/stubs.o
LOAD dietlibc.a
LOAD newlib-libc.a
LOAD newlib-libm.a
LOAD gcc-libgcc.a
OUTPUT(magiclantern elf32-littlearm)
