Archive member included to satisfy reference by file (symbol)

dietlibc.a(strrchr.o)         ../../tcc/libtccx.o (strrchr)
dietlibc.a(strncpy.o)         fio-ml.o (strncpy)
dietlibc.a(strlen.o)          fio-ml.o (strlen)
dietlibc.a(strncmp.o)         fio-ml.o (strncmp)
dietlibc.a(strcpy.o)          backtrace.o (strcpy)
dietlibc.a(strcmp.o)          rbf_font.o (strcmp)
dietlibc.a(strcasecmp.o)      (strcasecmp)
dietlibc.a(strtoull.o)        ../../tcc/libtccx.o (strtoull)
dietlibc.a(strtol.o)          menu.o (strtol)
dietlibc.a(strtoul.o)         ../../tcc/libtccx.o (strtoul)
dietlibc.a(strchr.o)          fio-ml.o (strchr)
dietlibc.a(strstr.o)          (strstr)
dietlibc.a(memcmp.o)          ../../tcc/libtccx.o (memcmp)
dietlibc.a(memmove.o)         (memmove)
dietlibc.a(atol.o)            config.o (atoi)
dietlibc.a(errno.o)           dietlibc.a(strtoull.o) (errno)
dietlibc.a(errno_location.o)  dietlibc.a(strtol.o) (__errno_location)
newlib-libc.a(lib_a-setjmp.o)
                              ../../tcc/libtccx.o (longjmp)
newlib-libc.a(lib_a-memcpy-stub.o)
                              boot-hack.o (memcpy)
newlib-libc.a(lib_a-memccpy.o)
                              dietlibc.a(strncpy.o) (memccpy)
newlib-libc.a(lib_a-memset.o)
                              mem.o (memset)
newlib-libm.a(lib_a-sf_ceil.o)
                              (ceilf)
newlib-libm.a(lib_a-sf_cos.o)
                              chdk-gui_draw.o (cosf)
newlib-libm.a(lib_a-sf_frexp.o)
                              (frexpf)
newlib-libm.a(lib_a-sf_log2.o)
                              (log2f)
newlib-libm.a(lib_a-sf_round.o)
                              menu.o (roundf)
newlib-libm.a(lib_a-sf_sin.o)
                              chdk-gui_draw.o (sinf)
newlib-libm.a(lib_a-sf_tan.o)
                              (tanf)
newlib-libm.a(lib_a-wf_acos.o)
                              (acosf)
newlib-libm.a(lib_a-wf_asin.o)
                              (asinf)
newlib-libm.a(lib_a-wf_atan2.o)
                              (atan2f)
newlib-libm.a(lib_a-wf_exp.o)
                              (expf)
newlib-libm.a(lib_a-wf_fmod.o)
                              (fmodf)
newlib-libm.a(lib_a-wf_log10.o)
                              (log10f)
newlib-libm.a(lib_a-wf_log.o)
                              newlib-libm.a(lib_a-sf_log2.o) (logf)
newlib-libm.a(lib_a-wf_pow.o)
                              menu.o (powf)
newlib-libm.a(lib_a-wf_sqrt.o)
                              focus.o (sqrtf)
newlib-libm.a(lib_a-ef_acos.o)
                              newlib-libm.a(lib_a-wf_acos.o) (__ieee754_acosf)
newlib-libm.a(lib_a-ef_asin.o)
                              newlib-libm.a(lib_a-wf_asin.o) (__ieee754_asinf)
newlib-libm.a(lib_a-ef_atan2.o)
                              newlib-libm.a(lib_a-wf_atan2.o) (__ieee754_atan2f)
newlib-libm.a(lib_a-ef_exp.o)
                              newlib-libm.a(lib_a-wf_exp.o) (__ieee754_expf)
newlib-libm.a(lib_a-ef_fmod.o)
                              newlib-libm.a(lib_a-wf_fmod.o) (__ieee754_fmodf)
newlib-libm.a(lib_a-ef_log10.o)
                              newlib-libm.a(lib_a-wf_log10.o) (__ieee754_log10f)
newlib-libm.a(lib_a-ef_log.o)
                              newlib-libm.a(lib_a-wf_log.o) (__ieee754_logf)
newlib-libm.a(lib_a-ef_pow.o)
                              newlib-libm.a(lib_a-wf_pow.o) (__ieee754_powf)
newlib-libm.a(lib_a-ef_rem_pio2.o)
                              newlib-libm.a(lib_a-sf_cos.o) (__ieee754_rem_pio2f)
newlib-libm.a(lib_a-ef_sqrt.o)
                              newlib-libm.a(lib_a-wf_sqrt.o) (__ieee754_sqrtf)
newlib-libm.a(lib_a-kf_cos.o)
                              newlib-libm.a(lib_a-sf_cos.o) (__kernel_cosf)
newlib-libm.a(lib_a-kf_rem_pio2.o)
                              newlib-libm.a(lib_a-ef_rem_pio2.o) (__kernel_rem_pio2f)
newlib-libm.a(lib_a-kf_sin.o)
                              newlib-libm.a(lib_a-sf_cos.o) (__kernel_sinf)
newlib-libm.a(lib_a-kf_tan.o)
                              newlib-libm.a(lib_a-sf_tan.o) (__kernel_tanf)
newlib-libm.a(lib_a-sf_atan.o)
                              newlib-libm.a(lib_a-ef_atan2.o) (atanf)
newlib-libm.a(lib_a-sf_fabs.o)
                              newlib-libm.a(lib_a-wf_acos.o) (fabsf)
newlib-libm.a(lib_a-sf_finite.o)
                              newlib-libm.a(lib_a-wf_exp.o) (finitef)
newlib-libm.a(lib_a-sf_floor.o)
                              newlib-libm.a(lib_a-kf_rem_pio2.o) (floorf)
newlib-libm.a(lib_a-sf_fpclassify.o)
                              newlib-libm.a(lib_a-wf_acos.o) (__fpclassifyf)
newlib-libm.a(lib_a-sf_nan.o)
                              newlib-libm.a(lib_a-ef_pow.o) (nanf)
newlib-libm.a(lib_a-sf_scalbn.o)
                              newlib-libm.a(lib_a-ef_pow.o) (scalbnf)
newlib-libm.a(lib_a-s_lib_ver.o)
                              newlib-libm.a(lib_a-wf_acos.o) (__fdlib_version)
newlib-libm.a(lib_a-s_matherr.o)
                              newlib-libm.a(lib_a-wf_acos.o) (matherr)
[...]
Memory Configuration

Name             Origin             Length             Attributes
*default*        0x0000000000000000 0xffffffffffffffff

Linker script and memory map

                0x000000000009e1e0                . = 0x9e1e0

.text           0x000000000009e1e0    0x551c8
                0x000000000009e1e0                _text_start = .
 *(.text)
 .text          0x000000000009e1e0        0x4 entry.o
                0x000000000009e1e0                _start
 .text          0x000000000009e1e4        0x0 ../../platform/EOSM.202/stubs.o
 .text          0x000000000009e1e4        0x0 version.o
 *fill*         0x000000000009e1e4        0xc 
 .text          0x000000000009e1f0      0x37c backtrace.o
                0x000000000009e1f0                eos_backtrace_rebuild
                0x000000000009e530                backtrace_print
                0x000000000009e558                backtrace_getstr
 *fill*         0x000000000009e56c        0x4 
 .text          0x000000000009e570      0x76c boot-hack.o
                0x000000000009e98c                copy_and_restart
                0x000000000009ebd8                magic_is_off
                0x000000000009ebe8                _disable_ml_startup
                0x000000000009ebfc                hold_your_horses
                0x000000000009ec24                get_assert_msg
                0x000000000009ec30                ml_assert_handler
                0x000000000009ecb0                ml_crash_message
 *fill*         0x000000000009ecdc        0x4 
 .text          0x000000000009ece0      0xb54 fio-ml.o
                0x000000000009ef1c                get_ml_card
                0x000000000009ef2c                get_shooting_card
                0x000000000009ef3c                get_card
                0x000000000009ef7c                get_free_space_32k
                0x000000000009efa0                _card_tweaks
                0x000000000009efa4                get_dcim_dir_suffix
                0x000000000009efb0                get_dcim_dir
                0x000000000009effc                FIO_OpenFile
                0x000000000009f030                FIO_GetFileSize
                0x000000000009f05c                FIO_RemoveFile
                0x000000000009f080                FIO_FindFirstEx
                0x000000000009f0ac                FIO_RenameFile
                0x000000000009f0e4                FIO_GetFileSize_direct
                0x000000000009f118                FIO_ReadFile
                0x000000000009f218                FIO_WriteFile
                0x000000000009f248                is_file
                0x000000000009f26c                is_dir
                0x000000000009f298                _find_ml_card
                0x000000000009f360                FIO_CreateDirectory
                0x000000000009f408                FIO_CreateFile
                0x000000000009f48c                FIO_CreateFileOrAppend
                0x000000000009f4d8                FIO_CopyFile
                0x000000000009f5b0                FIO_MoveFile
                0x000000000009f5d4                get_numbered_file_name
                0x000000000009f654                dump_seg
                0x000000000009f688                dump_big_seg
                0x000000000009f700                read_file
                0x000000000009f744                read_entire_file
                0x000000000009f7d8                my_fprintf
 *fill*         0x000000000009f834        0xc 
 .text          0x000000000009f840     0x2320 mem.o
                0x000000000009f848                GetFreeMemForMalloc
                0x000000000009f86c                GetFreeMemForAllocateMemory
                0x00000000000a01a8                __priv_malloc
                0x00000000000a01ac                __priv_free
                0x00000000000a01b0                __priv_AllocateMemory
                0x00000000000a01b4                __priv_FreeMemory
                0x00000000000a01b8                __priv_alloc_dma_memory
                0x00000000000a01bc                __priv_free_dma_memory
                0x00000000000a01c0                __priv_shoot_malloc
                0x00000000000a01c4                __priv_shoot_free
                0x00000000000a01c8                format_memory_size
                0x00000000000a150c                __mem_malloc
                0x00000000000a17f4                __mem_free
                0x00000000000a19f0                shoot_malloc_suite
                0x00000000000a1a28                shoot_free_suite
                0x00000000000a1a58                srm_malloc_suite
                0x00000000000a1a90                srm_free_suite
                0x00000000000a1ac0                shoot_malloc_suite_contig
                0x00000000000a1af8                _mem_init
                0x00000000000a1b48                mem_menu_init
 .text          0x00000000000a1b60        0x0 ico.o
 .text          0x00000000000a1b60      0x588 edmac.o
                0x00000000000a1b68                edmac_index_to_channel
                0x00000000000a1ba8                edmac_get_dir
                0x00000000000a1be0                edmac_channel_to_index
                0x00000000000a1c7c                edmac_get_base
                0x00000000000a1cc8                edmac_get_channel
                0x00000000000a1d24                edmac_get_state
                0x00000000000a1d44                edmac_get_flags
                0x00000000000a1d68                edmac_get_address
                0x00000000000a1d8c                edmac_get_pointer
                0x00000000000a1dac                edmac_get_length
                0x00000000000a1dd0                edmac_get_connection
                0x00000000000a1e88                edmac_fix_off1
                0x00000000000a1e94                edmac_fix_off2
                0x00000000000a1e98                edmac_get_info
                0x00000000000a1fb8                edmac_get_total_size
                0x00000000000a204c                edmac_bytes_per_transfer
 *fill*         0x00000000000a20e8        0x8 
 .text          0x00000000000a20f0     0x8c84 menu.o
                0x00000000000a2478                menu_open_submenu
                0x00000000000a5880                get_menu_edit_mode
                0x00000000000a5890                menu_set_dirty
                0x00000000000a58a4                menu_enable_lv_transparent_mode
                0x00000000000a58d0                menu_disable_lv_transparent_mode
                0x00000000000a58e4                menu_get_root
                0x00000000000a58f4                menu_numeric_toggle
                0x00000000000a59dc                menu_numeric_toggle_time
                0x00000000000a5d28                menu_add
                0x00000000000a5d68                customize_menu_init
                0x00000000000a5df8                menu_remove
                0x00000000000a5fcc                menu_redraw
                0x00000000000a602c                menu_redraw_flood
                0x00000000000a60d8                handle_ml_menu_keyrepeat
                0x00000000000a6148                keyrepeat_ack
                0x00000000000a6168                handle_ml_menu_touch
                0x00000000000a61d8                menu_init
                0x00000000000a6378                gui_menu_shown
                0x00000000000a6388                is_submenu_or_edit_mode_active
                0x00000000000a63c4                is_menu_help_active
                0x00000000000a63ec                menu_active_but_hidden
                0x00000000000a6414                menu_active_and_not_hidden
                0x00000000000a645c                gui_stop_menu
                0x00000000000a6978                run_in_separate_task
                0x00000000000a69d8                gui_open_menu
                0x00000000000a69fc                is_menu_entry_selected
                0x00000000000a6a54                is_menu_selected
                0x00000000000a6a8c                is_menu_active
                0x00000000000a8270                select_menu
                0x00000000000a82e4                select_menu_by_name
                0x00000000000a8fe8                menu_benchmark
                0x00000000000a9198                handle_ml_menu_erase
                0x00000000000a923c                handle_longpress_events
                0x00000000000a933c                menu_close_submenu
                0x00000000000a9364                menu_toggle_submenu
                0x00000000000a9a30                handle_ml_menu_keys
                0x00000000000aa2cc                handle_quick_access_menu_items
                0x00000000000aa2d4                config_menu_save_flags
                0x00000000000aa4d8                menu_get_value_from_script
                0x00000000000aa530                menu_get_str_value_from_script
                0x00000000000aa578                menu_set_str_value_from_script
                0x00000000000aab34                menu_set_value_from_script
                0x00000000000aac24                menu_request_image_backend
                0x00000000000aacc0                menu_advanced_toggle
                0x00000000000aacf0                menu_advanced_update
 *fill*         0x00000000000aad74        0xc 
 .text          0x00000000000aad80     0x1874 debug.o
                0x00000000000ab940                _card_led_on
                0x00000000000ab958                _card_led_off
                0x00000000000ab970                info_led_on
                0x00000000000ab988                info_led_off
                0x00000000000ab9a0                info_led_blink
                0x00000000000ac188                scan_A5A5
                0x00000000000ac2d4                request_crash_log
                0x00000000000ac2e4                request_core_dump
                0x00000000000ac300                menu_kill_flicker
                0x00000000000ac310                debug_init
                0x00000000000ac314                debug_init_stuff
                0x00000000000ac32c                handle_keep_ml_after_format_toggle
                0x00000000000ac3a0                debug_menu_init
                0x00000000000ac3e8                spy_event
                0x00000000000ac448                get_halfshutter_pressed
                0x00000000000ac470                get_zoom_out_pressed
                0x00000000000ac480                handle_buttons_being_held
                0x00000000000ac4a8                handle_tricky_canon_calls
                0x00000000000ac5b4                EngDrvOut
                0x00000000000ac5dc                engio_write
 *fill*         0x00000000000ac5f4        0xc 
 .text          0x00000000000ac600      0x160 rand.o
                0x00000000000ac600                rand_fill
                0x00000000000ac6e0                rand_seed
 .text          0x00000000000ac760      0x158 posix.o
                0x00000000000ac760                rand
                0x00000000000ac788                srand
                0x00000000000ac78c                strdup
                0x00000000000ac7bc                time
                0x00000000000ac7c4                clock
                0x00000000000ac7c8                calloc
                0x00000000000ac804                realloc
                0x00000000000ac850                strlcat
                0x00000000000ac8a0                strcat
 *fill*         0x00000000000ac8b8        0x8 
 .text          0x00000000000ac8c0       0xe4 util.o
                0x00000000000ac8c0                util_atomic_inc
                0x00000000000ac8f4                util_atomic_dec
                0x00000000000ac928                bin_search
 *fill*         0x00000000000ac9a4        0xc 
 .text          0x00000000000ac9b0       0x98 imath.o
                0x00000000000ac9b0                powi
                0x00000000000ac9dc                log2i
                0x00000000000ac9f4                log10i
                0x00000000000aca18                log_length
 *fill*         0x00000000000aca48        0x8 
 .text          0x00000000000aca50        0x8 electronic_level.o
 *fill*         0x00000000000aca58        0x8 
 .text          0x00000000000aca60       0x6c cfn.o
                0x00000000000aca74                get_htp
                0x00000000000aca80                set_htp
                0x00000000000aca90                get_mlu
                0x00000000000aca98                set_mlu
                0x00000000000aca9c                cfn_get_af_button_assignment
                0x00000000000acaa8                cfn_set_af_button
                0x00000000000acab8                get_alo
 *fill*         0x00000000000acacc        0x4 
 .text          0x00000000000acad0      0x10c gui.o
                0x00000000000acad0                ml_gui_main_task
 *fill*         0x00000000000acbdc        0x4 
 .text          0x00000000000acbe0      0x260 picstyle.o
                0x00000000000acca8                get_prop_picstyle_from_index
                0x00000000000acd60                get_prop_picstyle_index
 .text          0x00000000000ace40      0xbd4 exmem.o
                0x00000000000ad208                GetNumberOfChunks
                0x00000000000ad250                GetSizeOfMemorySuite
                0x00000000000ad298                GetSizeOfMemoryChunk
                0x00000000000ad2e0                _shoot_free_suite
                0x00000000000ad31c                exmem_save_buffer
                0x00000000000ad39c                exmem_clear
                0x00000000000ad400                _shoot_malloc_suite
                0x00000000000ad47c                _shoot_malloc_suite_contig
                0x00000000000ad5e8                _shoot_malloc
                0x00000000000ad614                _shoot_free
                0x00000000000ad654                _shoot_get_free_space
                0x00000000000ad67c                _srm_malloc_suite
                0x00000000000ad790                _srm_free_suite
                0x00000000000ad894                _srm_free
                0x00000000000ad8e0                _srm_malloc
                0x00000000000ad958                _srm_get_max_region
                0x00000000000ad9b4                _srm_get_free_space
 *fill*         0x00000000000ada14        0xc 
 .text          0x00000000000ada20     0x1a8c bmp.o
                0x00000000000adb80                BMP_VRAM_START
                0x00000000000adc30                bmp_vram_real
                0x00000000000adc50                bmp_vram_idle
                0x00000000000adc60                bmp_draw_to_idle
                0x00000000000adc70                bmp_vram
                0x00000000000adc8c                bmp_idle_copy
                0x00000000000add8c                bmp_putpixel_fast
                0x00000000000add9c                bmp_puts
                0x00000000000ade34                bmp_printf
                0x00000000000ade88                big_bmp_printf
                0x00000000000adf08                bmp_string_width
                0x00000000000adf28                bmp_strlen_clipped
                0x00000000000adf48                bmp_fill
                0x00000000000adff8                bmp_load_ram
                0x00000000000ae330                bmp_load
                0x00000000000ae3f4                clrscr
                0x00000000000ae438                bmp_getpixel
                0x00000000000ae4b0                bmp_putpixel
                0x00000000000ae514                bmp_draw_rect
                0x00000000000ae5b4                bmp_draw_rect_chamfer
                0x00000000000ae754                bmp_draw_request_stop
                0x00000000000ae768                bmp_draw_scaled_ex
                0x00000000000aedac                bfnt_draw_char
                0x00000000000aef24                bfnt_char_get_width
                0x00000000000aef74                bmp_flip
                0x00000000000af0b8                bmp_flip_ex
                0x00000000000af26c                bmp_is_on
                0x00000000000af284                bmp_on
                0x00000000000af2dc                bmp_off
                0x00000000000af334                bmp_mute_flag_reset
                0x00000000000af34c                bmp_zoom
 *fill*         0x00000000000af4ac        0x4 
 .text          0x00000000000af4b0      0xf18 rbf_font.o
                0x00000000000af998                font_by_name
                0x00000000000afcc4                rbf_str_width
                0x00000000000afd10                rbf_str_clipped_width
                0x00000000000afd44                rbf_strlen_clipped
                0x00000000000afd80                rbf_draw_string
                0x00000000000b0288                _load_fonts
 *fill*         0x00000000000b03c8        0x8 
 .text          0x00000000000b03d0       0x18 movie_menu_raw_only.o
 *fill*         0x00000000000b03e8        0x8 
 .text          0x00000000000b03f0     0x10bc config.o
                0x00000000000b0ac4                config_save_file
                0x00000000000b0c3c                config_flag_file_setting_load
                0x00000000000b0c58                config_flag_file_setting_save
                0x00000000000b0d1c                config_parse_file
                0x00000000000b0e14                get_config_var
                0x00000000000b0e34                set_config_var
                0x00000000000b0e4c                set_config_var_ptr
                0x00000000000b0e8c                config_var_was_changed
                0x00000000000b0eb4                config_var_restore_default
                0x00000000000b0ed4                module_config_load
                0x00000000000b0f38                module_config_save
                0x00000000000b1060                get_config_dir
                0x00000000000b106c                get_config_preset_name
                0x00000000000b107c                handle_select_config_file_by_key_at_startup
                0x00000000000b10e0                config_load
                0x00000000000b13d8                config_save
                0x00000000000b145c                config_save_at_shutdown
 *fill*         0x00000000000b14ac        0x4 
 .text          0x00000000000b14b0      0x378 stdio.o
                0x00000000000b14b0                streq
                0x00000000000b1548                toupper
                0x00000000000b1558                tolower
                0x00000000000b1568                __errno
                0x00000000000b1574                islower
                0x00000000000b1588                isupper
                0x00000000000b159c                isalpha
                0x00000000000b15b4                isdigit
                0x00000000000b15c8                isxdigit
                0x00000000000b15e8                isalnum
                0x00000000000b1618                ispunct
                0x00000000000b1638                isgraph
                0x00000000000b1668                isspace
                0x00000000000b1688                iscntrl
                0x00000000000b16a8                snprintf
                0x00000000000b16d4                memset64
                0x00000000000b176c                memcpy64
 *fill*         0x00000000000b1828        0x8 
 .text          0x00000000000b1830      0xcdc bitrate.o
                0x00000000000b2010                hibr_should_record_wav
                0x00000000000b2018                bitrate_mvr_log
                0x00000000000b20c4                time_indicator_show
                0x00000000000b21c8                is_mvr_buffer_almost_full
                0x00000000000b2244                show_mvr_buffer_status
                0x00000000000b231c                movie_indicators_show
 *fill*         0x00000000000b250c        0x4 
 .text          0x00000000000b2510        0x0 lcdsensor.o
 .text          0x00000000000b2510     0x2b88 tweaks.o
                0x00000000000b2eb0                get_expsim
                0x00000000000b302c                set_expsim
                0x00000000000b3084                set_backlight_level
                0x00000000000b30b4                afframe_set_dirty
                0x00000000000b30c8                afframe_clr_dirty
                0x00000000000b30dc                clear_lv_afframe
                0x00000000000b3374                clear_lv_afframe_if_dirty
                0x00000000000b3f8c                handle_fast_zoom_box
                0x00000000000b3f94                display_shortcut_key_hints_lv
                0x00000000000b3f98                handle_upside_down
                0x00000000000b4084                alter_bitmap_palette_entry
                0x00000000000b4178                anamorphic_squeeze_bmp_y
                0x00000000000b4278                defish_draw_play
                0x00000000000b46d4                display_filter_get_buffers
                0x00000000000b49cc                display_filter_enabled
                0x00000000000b4a78                display_filter_lv_vsync
                0x00000000000b4ad0                display_filter_step
                0x00000000000b5090                arrow_keys_shortcuts_active
 .text          0x00000000000b5098        0x0 tweaks-eyefi.o
 *fill*         0x00000000000b5098        0x8 
 .text          0x00000000000b50a0     0x4f38 lens.o
                0x00000000000b6160                lens_format_dist
                0x00000000000b62ac                should_draw_bottom_bar
                0x00000000000b6314                raw2shutter_ms
                0x00000000000b6368                shutter_ms_to_raw
                0x00000000000b63b4                shutterf_to_raw
                0x00000000000b6400                raw2shutterf
                0x00000000000b6440                expo_value_rounding_ok
                0x00000000000b6498                round_shutter
                0x00000000000b654c                round_aperture
                0x00000000000b6648                round_expo_comp
                0x00000000000b66d4                lens_set_ae
                0x00000000000b671c                round_flash_expo_comp
                0x00000000000b67a8                lens_set_flash_ae
                0x00000000000b67f0                get_shootmode_name
                0x00000000000b69e0                get_shootmode_name_short
                0x00000000000b6c0c                get_ml_topbar_pos
                0x00000000000b6cf0                get_ml_bottombar_pos
                0x00000000000b6d90                draw_ml_bottombar
                0x00000000000b6db0                lens_format_shutter_reciprocal
                0x00000000000b7058                lens_format_shutter
                0x00000000000b71fc                free_space_show_photomode
                0x00000000000b7278                draw_ml_topbar
                0x00000000000b7298                update_lens_display
                0x00000000000b72bc                lens_focus
                0x00000000000b74a4                mlu_lock_mirror_if_needed
                0x00000000000b75c4                raw2index_iso
                0x00000000000b75f8                raw2iso
                0x00000000000b7748                lens_format_iso
                0x00000000000b79e8                val2raw_iso
                0x00000000000b7a2c                raw2index_shutter
                0x00000000000b7a60                val2raw_shutter
                0x00000000000b7a9c                raw2index_aperture
                0x00000000000b7ad0                lens_format_aperture
                0x00000000000b7bc4                val2raw_aperture
                0x00000000000b7c04                lens_set_custom_wb_gains
                0x00000000000b7ca8                lens_set_kelvin
                0x00000000000b7db8                lens_set_kelvin_value_only
                0x00000000000b7e60                split_iso
                0x00000000000b7ec0                iso_components_update
                0x00000000000b819c                iso_auto_restore_hack
                0x00000000000b84d8                _prop_lv_lens_request_update
                0x00000000000b84f0                job_state_ready_to_take_pic
                0x00000000000b8528                lens_wait_readytotakepic
                0x00000000000b8634                assign_af_button_to_halfshutter
                0x00000000000b8694                assign_af_button_to_star_button
                0x00000000000b86f4                lens_setup_af
                0x00000000000b8764                restore_af_button_assignment
                0x00000000000b87cc                restore_af_button_assignment_at_shutdown
                0x00000000000b8808                lens_cleanup_af
                0x00000000000b880c                lens_take_picture
                0x00000000000b8cd8                crop_factor_menu_init
                0x00000000000b8d20                lens_get_contrast
                0x00000000000b8d68                lens_get_sharpness
                0x00000000000b8dac                lens_get_saturation
                0x00000000000b8df4                lens_get_color_tone
                0x00000000000b92b0                lens_get_from_other_picstyle_contrast
                0x00000000000b92e4                lens_get_from_other_picstyle_sharpness
                0x00000000000b9314                lens_get_from_other_picstyle_saturation
                0x00000000000b9348                lens_get_from_other_picstyle_color_tone
                0x00000000000b937c                lens_set_contrast
                0x00000000000b93f8                lens_set_sharpness
                0x00000000000b9474                lens_set_saturation
                0x00000000000b94f4                lens_set_color_tone
                0x00000000000b9570                SW1
                0x00000000000b95b8                SW2
                0x00000000000b9600                expo_override_active
                0x00000000000b962c                bv_update_lensinfo
                0x00000000000b968c                bv_apply_tv
                0x00000000000b96d8                bv_apply_av
                0x00000000000b9728                bv_apply_iso
                0x00000000000b98ac                bv_set_rawshutter
                0x00000000000b9914                bv_set_rawiso
                0x00000000000b9974                bv_set_rawaperture
                0x00000000000b99c0                bv_auto_update
                0x00000000000b9b88                lens_set_rawaperture
                0x00000000000b9bc4                lens_set_rawiso
                0x00000000000b9c00                lens_set_rawshutter
                0x00000000000b9d20                lens_set_drivemode
                0x00000000000b9d58                lens_set_wbs_gm
                0x00000000000b9d8c                lens_set_wbs_ba
                0x00000000000b9dc0                hdr_set_rawiso
                0x00000000000b9dd0                hdr_set_rawshutter
                0x00000000000b9e04                hdr_set_rawaperture
                0x00000000000b9e58                hdr_set_ae
                0x00000000000b9e90                hdr_set_flash_ae
                0x00000000000b9ec4                get_max_analog_iso
                0x00000000000b9ecc                get_max_ae_ev
                0x00000000000b9ed4                get_ae_value
                0x00000000000b9ee4                get_bv
                0x00000000000b9fc8                get_ae_state
 *fill*         0x00000000000b9fd8        0x8 
 .text          0x00000000000b9fe0      0x468 property.o
                0x00000000000ba0c0                prop_add_handler
                0x00000000000ba150                prop_add_internal_handlers
                0x00000000000ba180                prop_reset_registration
                0x00000000000ba1b0                prop_init
                0x00000000000ba1b4                prop_update_registration
                0x00000000000ba1cc                prop_request_change
                0x00000000000ba368                prop_request_change_wait
 *fill*         0x00000000000ba448        0x8 
 .text          0x00000000000ba450      0xa04 propvalues.o
                0x00000000000ba8ac                is_camera
                0x00000000000ba960                is_movie_mode
                0x00000000000ba97c                set_recording_custom
                0x00000000000ba98c                get_video_mode_name
                0x00000000000bad38                get_display_device_name
 *fill*         0x00000000000bae54        0xc 
 .text          0x00000000000bae60      0xbf0 gui-common.o
                0x00000000000baf24                is_canon_bottom_bar_dirty
                0x00000000000baf34                get_last_time_active
                0x00000000000baf44                handle_other_events
                0x00000000000bb050                handle_common_events_startup
                0x00000000000bb0cc                reset_pre_shutdown_flag_step
                0x00000000000bb114                check_pre_shutdown_flag
                0x00000000000bb168                handle_scrollwheel_fast_clicks
                0x00000000000bb1f4                handle_flexinfo_keys
                0x00000000000bb1fc                handle_common_events_by_feature
                0x00000000000bb448                detect_double_click
                0x00000000000bb540                get_info_button_name
                0x00000000000bb54c                gui_uilock
                0x00000000000bb5fc                fake_simple_button
                0x00000000000bb660                display_is_on
                0x00000000000bb678                delayed_call
                0x00000000000bb684                redraw_after
                0x00000000000bb694                get_gui_mode
                0x00000000000bb6a0                enter_play_mode
                0x00000000000bb740                enter_menu_mode
                0x00000000000bb7e0                exit_play_qr_menu_mode
                0x00000000000bb8a4                exit_play_qr_mode
                0x00000000000bb8d8                exit_menu_mode
                0x00000000000bb900                is_pure_play_photo_mode
                0x00000000000bb94c                is_pure_play_movie_mode
                0x00000000000bb998                is_pure_play_photo_or_movie_mode
                0x00000000000bb9c0                is_play_or_qr_mode
                0x00000000000bb9f8                is_play_mode
                0x00000000000bba24                is_menu_mode
 .text          0x00000000000bba50      0x398 chdk-gui_draw.o
                0x00000000000bba50                draw_line
                0x00000000000bbb48                draw_circle
                0x00000000000bbc80                fill_circle
                0x00000000000bbd40                draw_angled_line
 *fill*         0x00000000000bbde8        0x8 
 .text          0x00000000000bbdf0     0x116c movtweaks.o
                0x00000000000bbf54                save_kelvin_wb
                0x00000000000bbf90                restore_kelvin_wb
                0x00000000000bbfec                kelvin_wb_workaround_step
                0x00000000000bc01c                set_shooting_mode
                0x00000000000bc084                force_liveview
                0x00000000000bc188                close_liveview
                0x00000000000bc1cc                movtweak_task_init
                0x00000000000bc1f8                movtweak_step
                0x00000000000bc4d8                get_screen_layout_ptr
                0x00000000000bc520                get_screen_layout
                0x00000000000bc570                screen_layout_update
                0x00000000000bc58c                screen_layout_toggle
                0x00000000000bc5b8                rec_notify_continuous
                0x00000000000bc81c                rec_notify_trigger
                0x00000000000bc85c                bv_enable
                0x00000000000bc968                bv_disable
                0x00000000000bc9e4                bv_toggle
                0x00000000000bca1c                smooth_iso_step
                0x00000000000bcf44                movie_tweak_menu_init
 *fill*         0x00000000000bcf5c        0x4 
 .text          0x00000000000bcf60      0x5d0 menuhelp.o
                0x00000000000bcf60                draw_beta_warning
                0x00000000000bd078                draw_404_page
                0x00000000000bd154                draw_help_not_installed_page
                0x00000000000bd1e8                menu_help_show_page
                0x00000000000bd2e8                menu_help_redraw
                0x00000000000bd31c                menu_help_next_page
                0x00000000000bd360                menu_help_prev_page
                0x00000000000bd3a4                menu_help_go_to_page
                0x00000000000bd3c4                str_make_lowercase
                0x00000000000bd3e8                menu_help_go_to_label
 .text          0x00000000000bd530       0x78 menuindex.o
 *fill*         0x00000000000bd5a8        0x8 
 .text          0x00000000000bd5b0     0x16c4 focus.o
                0x00000000000bdcdc                reset_override_zoom_buttons
                0x00000000000bdcf0                LensFocus
                0x00000000000bdd10                LensFocus2
                0x00000000000bdec0                is_follow_focus_active
                0x00000000000bdec8                get_follow_focus_mode
                0x00000000000bded0                get_follow_focus_dir_v
                0x00000000000bdeec                get_follow_focus_dir_h
                0x00000000000bdf08                focus_calc_dof
                0x00000000000be220                focus_dist_update
                0x00000000000be3a4                is_focus_stack_enabled
                0x00000000000be3cc                is_rack_focus_enabled
                0x00000000000be3e4                rack_focus_start_now
                0x00000000000be404                lens_focus_start
                0x00000000000be424                lens_focus_enqueue_step
                0x00000000000be458                lens_focus_stop
                0x00000000000be46c                get_focus_graph
                0x00000000000be490                can_lv_trap_focus_be_active
                0x00000000000be498                get_lv_focus_confirmation
                0x00000000000be4a0                get_focus_confirmation
                0x00000000000be4ac                is_manual_focus
                0x00000000000be4cc                should_override_zoom_buttons
                0x00000000000be630                focus_stack_run
                0x00000000000beb20                is_continuous_af
                0x00000000000beb6c                handle_rack_focus_menu_overrides
 *fill*         0x00000000000bec74        0xc 
 .text          0x00000000000bec80      0x1c8 notify_box.o
                0x00000000000bed7c                NotifyBoxHide
                0x00000000000bed90                NotifyBox
 *fill*         0x00000000000bee48        0x8 
 .text          0x00000000000bee50      0x260 bootflags.o
                0x00000000000bee90                bootflag_write_bootblock
 .text          0x00000000000bf0b0       0xb4 dialog_test.o
                0x00000000000bf0b0                get_current_dialog_handler
                0x00000000000bf0d4                canon_gui_disable_front_buffer
                0x00000000000bf10c                canon_gui_enable_front_buffer
                0x00000000000bf158                canon_gui_front_buffer_disabled
 *fill*         0x00000000000bf164        0xc 
 .text          0x00000000000bf170      0x918 vram.o
                0x00000000000bf208                vram_params_set_dirty
                0x00000000000bf258                _update_vram_params
                0x00000000000bf7fc                yuv422_buffer_check
                0x00000000000bf828                get_lcd_422_buf
                0x00000000000bf87c                guess_fastrefresh_direction
                0x00000000000bf8e8                get_fastrefresh_422_buf
                0x00000000000bf96c                get_yuv422_vram
                0x00000000000bfa14                get_yuv422_hd_vram
                0x00000000000bfa58                vram_clear_lv
 *fill*         0x00000000000bfa88        0x8 
 .text          0x00000000000bfa90      0x4b4 greenscreen.o
                0x00000000000bfa90                green_screen_step
 *fill*         0x00000000000bff44        0xc 
 .text          0x00000000000bff50     0x2564 fps-engio.o
                0x00000000000c07ec                EngDrvOutLV
                0x00000000000c0ee0                fps_should_record_wav
                0x00000000000c0ee8                get_current_tg_freq
                0x00000000000c12a0                get_max_shutter_timer
                0x00000000000c12d4                get_shutter_speed_us_from_timer
                0x00000000000c1310                was_sound_recording_disabled_by_fps_override
                0x00000000000c1328                fps_get_current_x1000
                0x00000000000c1368                fps_override_shutter_blanking
                0x00000000000c151c                get_current_shutter_reciprocal_x1000
                0x00000000000c15cc                fps_get_shutter_speed_shift
                0x00000000000c2248                fps_update_timers_from_evfstate
                0x00000000000c22c0                fps_mvr_log
                0x00000000000c2328                handle_fps_events
                0x00000000000c2400                fps_get_iso_correction_evx8
                0x00000000000c2408                fps_expo_iso_step
                0x00000000000c240c                get_frame_iso
                0x00000000000c241c                set_frame_iso
                0x00000000000c242c                get_frame_shutter_timer
                0x00000000000c243c                set_frame_shutter_timer
                0x00000000000c2454                set_frame_shutter
                0x00000000000c2484                can_set_frame_shutter_timer
                0x00000000000c24a0                can_set_frame_iso
                0x00000000000c24a4                get_frame_aperture
 *fill*         0x00000000000c24b4        0xc 
 .text          0x00000000000c24c0     0x8150 shoot.o
                0x00000000000c24dc                is_native_iso
                0x00000000000c2560                kelvin_n_gm_auto
                0x00000000000c2aac                iso_toggle
                0x00000000000c2c30                shutter_toggle
                0x00000000000c2cf4                kelvin_toggle
                0x00000000000c4298                aperture_toggle
                0x00000000000c4a2c                display_idle
                0x00000000000c4dd8                uniwb_is_active
                0x00000000000c50a0                is_hdr_bracketing_enabled
                0x00000000000c5338                is_intervalometer_running
                0x00000000000c5348                get_interval_count
                0x00000000000c5358                get_interval_time
                0x00000000000c5368                set_interval_time
                0x00000000000c5378                format_time_hours_minutes_seconds
                0x00000000000c546c                get_bulb_shutter_raw_equiv
                0x00000000000c5488                get_seconds_clock
                0x00000000000c5640                get_ms_clock
                0x00000000000c56b8                get_us_clock
                0x00000000000c5724                should_run_polling_action
                0x00000000000c5750                get_trap_focus
                0x00000000000c5760                set_flash_firing
                0x00000000000c57a0                get_afframe_pos
                0x00000000000c5824                get_afframe_sensor_res
                0x00000000000c584c                set_lv_zoom
                0x00000000000c590c                get_mlu_delay
                0x00000000000c5934                focus_box_get_raw_crop_offset
                0x00000000000c5aa0                move_lv_afframe
                0x00000000000c5c24                handle_lv_afframe_workaround
                0x00000000000c5ce0                next_image_in_play_mode
                0x00000000000c5d6c                ensure_movie_mode
                0x00000000000c5dc8                ensure_photo_mode
                0x00000000000c5e00                is_lowgain_iso
                0x00000000000c5e70                is_round_iso
                0x00000000000c5ebc                get_picstyle_name
                0x00000000000c629c                get_picstyle_shortname
                0x00000000000c63b0                mvr_rec_start_shoot
                0x00000000000c6488                zoom_focus_ring_trigger
                0x00000000000c650c                zoom_focus_ring_engage
                0x00000000000c65b4                handle_zoom_x5_x10
                0x00000000000c66d4                zoom_sharpen_step
                0x00000000000c68ec                is_bulb_mode
                0x00000000000c6f9c                ensure_bulb_mode
                0x00000000000c7044                set_drive_single
                0x00000000000c7070                bulb_take_pic
                0x00000000000c7508                expo_lock_update_value
                0x00000000000c7520                handle_expo_preset
                0x00000000000c76f0                hdr_flag_picture_was_taken
                0x00000000000c7704                hdr_script_get_first_file_number
                0x00000000000c7740                hdr_create_script
                0x00000000000c7b60                interval_create_script
                0x00000000000c7e00                take_a_pic
                0x00000000000c8278                movie_start
                0x00000000000c8330                movie_end
                0x00000000000c841c                hdr_shot
                0x00000000000c8864                schedule_remote_shot
                0x00000000000c8878                schedule_movie_start
                0x00000000000c888c                schedule_movie_end
                0x00000000000c88a0                display_shooting_info_lv
                0x00000000000c88a4                display_trap_focus_info
                0x00000000000c88a8                intervalometer_stop
                0x00000000000c8910                handle_intervalometer
                0x00000000000c8958                wait_till_next_second
                0x00000000000c897c                is_continuous_drive
                0x00000000000c8998                take_fast_pictures
                0x00000000000c8acc                remote_shot
                0x00000000000ca5f0                shoot_task_redraw
                0x00000000000ca60c                iso_refresh_display
 .text          0x00000000000ca610      0x654 hdr.o
                0x00000000000ca6dc                hdr_video_enabled
                0x00000000000ca6fc                hdr_get_iso_range
                0x00000000000ca730                hdr_step
                0x00000000000ca884                hdr_kill_flicker
                0x00000000000ca96c                get_effective_hdr_iso_for_display
                0x00000000000caba0                hdr_mvr_log
 *fill*         0x00000000000cac64        0xc 
 .text          0x00000000000cac70      0xad0 lv-img-engio.o
                0x00000000000cb0d4                get_digic_iso_gain_movie
                0x00000000000cb0ec                get_digic_iso_gain_photo
                0x00000000000cb104                set_display_gain_equiv
                0x00000000000cb130                set_movie_digital_iso_gain
                0x00000000000cb148                set_movie_digital_iso_gain_for_gradual_expo
                0x00000000000cb158                set_photo_digital_iso_gain_for_bv
                0x00000000000cb168                gain_to_ev_scaled
                0x00000000000cb1a8                digic_iso_print_movie
                0x00000000000cb268                display_gain_print
                0x00000000000cb2b8                digic_iso_or_gain_toggle
                0x00000000000cb350                digic_iso_toggle
                0x00000000000cb380                display_gain_toggle
                0x00000000000cb38c                digic_iso_toggle_movie
                0x00000000000cb398                vignetting_correction_apply_regs
                0x00000000000cb45c                shutter_finetune_step
                0x00000000000cb4c4                shutter_finetune_get_adjusted_timer
                0x00000000000cb4e8                image_effects_step
                0x00000000000cb4ec                digic_iso_step
 .text          0x00000000000cb740      0x268 state-object.o
                0x00000000000cb90c                wait_lv_frames
 *fill*         0x00000000000cb9a8        0x8 
 .text          0x00000000000cb9b0      0x75c tasks.o
                0x00000000000cba60                get_current_task_name
                0x00000000000cbae0                get_task_name_from_id
                0x00000000000cbb34                task_update_loads
                0x00000000000cbd78                tasks_toggle_flags
                0x00000000000cbd8c                tasks_print
 *fill*         0x00000000000cc10c        0x4 
 .text          0x00000000000cc110       0x5c vsync-lite.o
                0x00000000000cc134                _lv_vsync_signal
                0x00000000000cc148                _lv_vsync
 *fill*         0x00000000000cc16c        0x4 
 .text          0x00000000000cc170      0x630 tskmon.o
                0x00000000000cc1ac                tskmon_trace_thread
                0x00000000000cc4d8                tskmon_update_loads
                0x00000000000cc63c                tskmon_stack_check
                0x00000000000cc658                tskmon_stack_check_all
                0x00000000000cc67c                tskmon_stack_get_max
                0x00000000000cc6a0                tskmon_task_dispatch
                0x00000000000cc728                tskmon_init
                0x00000000000cc770                tskmon_trace
 .text          0x00000000000cc7a0        0x0 battery.o
 .text          0x00000000000cc7a0      0x7cc imgconv.o
                0x00000000000cc874                precompute_yuv2rgb
                0x00000000000cc91c                yuv2rgb
                0x00000000000cc9a0                rgb2yuv422_rec709
                0x00000000000cca68                rgb2yuv422_rec601
                0x00000000000ccb40                rgb2yuv422
                0x00000000000ccb44                uyvy_split
                0x00000000000ccb74                yuv_resize
                0x00000000000ccc28                yuv_halfcopy
                0x00000000000cccbc                yuv411_to_422
                0x00000000000ccd20                yuv411_to_rgb
                0x00000000000cce48                yuvcpy_main
                0x00000000000cceb4                little_cleanup
                0x00000000000ccf38                yuv422_get_pixel
 *fill*         0x00000000000ccf6c        0x4 
 .text          0x00000000000ccf70     0x1a28 histogram.o
                0x00000000000cd550                hist_build_raw
                0x00000000000cd980                raw_histo_update
                0x00000000000cda3c                hist_draw_image
                0x00000000000ce214                hist_print
                0x00000000000ce328                hist_warn_display
                0x00000000000ce3a4                raw_hist_get_percentile_levels
                0x00000000000ce838                raw_hist_get_percentile_level
                0x00000000000ce864                raw_hist_get_overexposure_percentage
 *fill*         0x00000000000ce998        0x8 
 .text          0x00000000000ce9a0      0x3d8 falsecolor.o
                0x00000000000ce9a0                falsecolor_value_ex
                0x00000000000ce9b4                falsecolor_value
                0x00000000000ce9d4                falsecolor_fordraw
                0x00000000000cea00                draw_false_downsampled
                0x00000000000cec04                falsecolor_palette_name
                0x00000000000cec90                falsecolor_palette_preview
                0x00000000000cecf8                falsecolor_display
                0x00000000000ced2c                falsecolor_display_palette
 *fill*         0x00000000000ced78        0x8 
 .text          0x00000000000ced80      0xa28 audio-ak.o
                0x00000000000ceee8                sound_recording_enabled_canon
                0x00000000000cef00                sound_recording_enabled
                0x00000000000cefe8                get_audio_levels
                0x00000000000ceff4                audio_level_to_db
                0x00000000000cf5d0                input_toggle
                0x00000000000cf5d4                audio_meters_are_drawn
                0x00000000000cf5d8                audio_configure
                0x00000000000cf740                out_volume_up
                0x00000000000cf774                out_volume_down
 *fill*         0x00000000000cf7a8        0x8 
 .text          0x00000000000cf7b0     0x7c38 zebra.o
                0x00000000000d0af0                get_y_skip_offset_for_overlays
                0x00000000000d0bb8                get_y_skip_offset_for_histogram
                0x00000000000d0c14                lv_luma_is_accurate
                0x00000000000d0e98                digic_zoom_overlay_enabled
                0x00000000000d0ea0                focus_peaking_as_display_filter
                0x00000000000d0ea8                histogram_or_small_waveform_enabled
                0x00000000000d0f20                get_bvram_mirror
                0x00000000000d1ad0                crop_set_dirty
                0x00000000000d1b28                set_movie_cropmarks
                0x00000000000d1bc8                reset_movie_cropmarks
                0x00000000000d1be0                get_global_draw
                0x00000000000d1d70                get_zoom_overlay_trigger_mode
                0x00000000000d1da0                get_zoom_overlay_trigger_by_focus_ring
                0x00000000000d2488                cropmark_clear_cache
                0x00000000000d3224                get_global_draw_setting
                0x00000000000d3234                zebra_highlight_raw_advanced
                0x00000000000d35d8                get_under_and_over_exposure
                0x00000000000d3794                bvram_mirror_init
                0x00000000000d3810                get_spot_yuv_ex
                0x00000000000d39f4                get_spot_yuv
                0x00000000000d3a20                get_spot_motion
                0x00000000000d3ce4                get_spot_focus
                0x00000000000d3e00                spotmeter_erase
                0x00000000000d4800                handle_zoom_overlay
                0x00000000000d4888                zoom_overlay_disable
                0x00000000000d48a0                zoom_overlay_set_countdown
                0x00000000000d48b0                digic_zoom_overlay_step
                0x00000000000d48b4                liveview_display_idle
                0x00000000000d498c                zebra_should_run
                0x00000000000d4a20                should_draw_zoom_overlay
                0x00000000000d4b1c                nondigic_zoom_overlay_enabled
                0x00000000000d5110                should_draw_bottom_graphs
                0x00000000000d516c                draw_histogram_and_waveform
                0x00000000000d5bd8                redraw
                0x00000000000d5d94                lens_display_set_dirty
                0x00000000000d5dbc                _redraw_do
                0x00000000000d5e98                is_focus_peaking_enabled
                0x00000000000d5f14                update_disp_mode_bits_from_params
                0x00000000000d6fe0                update_disp_mode_params_from_bits
                0x00000000000d70c8                get_disp_mode
                0x00000000000d70d8                toggle_disp_mode
                0x00000000000d71c0                handle_disp_preset_key
                0x00000000000d727c                handle_overlays_playback
                0x00000000000d7348                peaking_benchmark
 *fill*         0x00000000000d73e8        0x8 
 .text          0x00000000000d73f0      0x5c8 vectorscope.o
                0x00000000000d7590                vectorscope_addpixel
                0x00000000000d76bc                vectorscope_should_draw
                0x00000000000d76cc                vectorscope_request_draw
                0x00000000000d76dc                vectorscope_start
                0x00000000000d7718                vectorscope_redraw
 *fill*         0x00000000000d79b8        0x8 
 .text          0x00000000000d79c0       0x1c beep.o
                0x00000000000d79c0                unsafe_beep
                0x00000000000d79c4                beep
                0x00000000000d79c8                Beep
                0x00000000000d79cc                beep_times
                0x00000000000d79d0                WAV_StartRecord
                0x00000000000d79d4                WAV_StopRecord
                0x00000000000d79d8                beep_custom
 *fill*         0x00000000000d79dc        0x4 
 .text          0x00000000000d79e0      0x214 crop-mode-hack.o
                0x00000000000d7a2c                crop_mode_hack_init
                0x00000000000d7ae0                is_crop_hack_supported
                0x00000000000d7b24                movie_crop_hack_enable
                0x00000000000d7b78                movie_crop_hack_disable
 *fill*         0x00000000000d7bf4        0xc 
 .text          0x00000000000d7c00       0x28 ph_info_disp.o
                0x00000000000d7c00                display_shooting_info
 *fill*         0x00000000000d7c28        0x8 
 .text          0x00000000000d7c30     0x164c flexinfo.o
                0x00000000000d7cdc                info_trim_string
                0x00000000000d7d5c                info_get_cardmaker
                0x00000000000d7d64                info_get_cardmodel
                0x00000000000d7d6c                info_get_cardlabel
                0x00000000000d7d74                info_get_string
                0x00000000000d8920                info_measure_string
                0x00000000000d89bc                info_get_anchor_offset
                0x00000000000d8a14                info_get_by_name
                0x00000000000d8a58                info_get_absolute
                0x00000000000d8b64                info_resolve_color
                0x00000000000d8bd8                info_print_string
                0x00000000000d8d1c                info_print_text
                0x00000000000d8e40                info_print_fill
                0x00000000000d8ea4                info_print_icon
                0x00000000000d8ec0                info_print_battery_perf
                0x00000000000d8f2c                info_print_battery_icon
                0x00000000000d8f58                info_get_next_z
                0x00000000000d8f88                info_print_element
                0x00000000000d9010                info_print_config
                0x00000000000d90f8                info_print_screen
                0x00000000000d9180                info_add_item
                0x00000000000d922c                info_free_item
 *fill*         0x00000000000d927c        0x4 
 .text          0x00000000000d9280      0x3f0 screenshot.o
                0x00000000000d9280                take_screenshot
 .text          0x00000000000d9670      0x1c4 fileprefix.o
                0x00000000000d96a4                get_file_prefix
                0x00000000000d96b0                file_prefix_set
                0x00000000000d97a4                file_prefix_reset
 *fill*         0x00000000000d9834        0xc 
 .text          0x00000000000d9840      0xc38 lvinfo.o
                0x00000000000da1b8                lvinfo_add_items
                0x00000000000da240                lvinfo_add_item
                0x00000000000da248                lvinfo_display
 .text          0x00000000000da478      0x320 builtin-enforcing.o
                0x00000000000da478                unused_dummy_func
 *fill*         0x00000000000da798        0x8 
 .text          0x00000000000da7a0      0xe90 powersave.o
                0x00000000000da7c8                idle_globaldraw_dis
                0x00000000000da7e0                idle_globaldraw_en
                0x00000000000da938                idle_kill_flicker
                0x00000000000dab84                powersave_prolong
                0x00000000000dabac                powersave_prohibit
                0x00000000000dabd4                powersave_permit
                0x00000000000dabfc                PauseLiveView
                0x00000000000dad10                display_on
                0x00000000000dad18                display_off
                0x00000000000dae08                idle_led_blink_step
                0x00000000000daec4                idle_is_powersave_enabled
                0x00000000000daefc                idle_is_powersave_enabled_on_info_disp_key
                0x00000000000daf24                idle_is_powersave_active
                0x00000000000daf8c                idle_force_powersave_in_1s
                0x00000000000dafc8                idle_force_powersave_now
                0x00000000000db004                handle_powersave_key
                0x00000000000db09c                idle_wakeup_reset_counters
                0x00000000000db110                ResumeLiveView
                0x00000000000db348                idle_powersave_step
 .text          0x00000000000db630      0x630 ml-cbr.o
                0x00000000000db708                ml_register_cbr
                0x00000000000db8e0                ml_unregister_cbr
                0x00000000000db9c4                ml_notify_cbr
                0x00000000000dba84                debug_cbr_tree
                0x00000000000dbb18                _ml_cbr_init
 .text          0x00000000000dbc60     0x3554 raw.o
                0x00000000000dbc98                raw_red_pixel
                0x00000000000dbcd8                raw_green_pixel
                0x00000000000dbd1c                raw_blue_pixel
                0x00000000000dbd64                raw_red_pixel_dark
                0x00000000000dbdcc                raw_green_pixel_dark
                0x00000000000dbe3c                raw_blue_pixel_dark
                0x00000000000dbeb0                raw_red_pixel_bright
                0x00000000000dbf18                raw_green_pixel_bright
                0x00000000000dbf88                raw_blue_pixel_bright
                0x00000000000dd170                raw_set_dirty
                0x00000000000dd184                raw_set_preview_rect
                0x00000000000dd270                raw_set_geometry
                0x00000000000dd3b4                raw_get_pixel
                0x00000000000dd76c                raw_get_pixel_ex
                0x00000000000dd880                raw_set_pixel
                0x00000000000dda30                raw_get_gray_pixel
                0x00000000000ddc40                raw_to_ev
                0x00000000000ddd48                ev_to_raw
                0x00000000000dddac                raw_lv_redirect_edmac
                0x00000000000dddc0                raw_lv_vsync
                0x00000000000ddeac                _raw_lv_get_iso_post_gain
                0x00000000000dded8                raw_lv_settings_still_valid
                0x00000000000ddf40                raw_preview_fast_ex
                0x00000000000de00c                raw_preview_fast
                0x00000000000de06c                raw_lv_is_enabled
                0x00000000000de07c                raw_lv_request_bpp
                0x00000000000de16c                raw_lv_request_digital_gain
                0x00000000000de1f8                raw_force_aspect_ratio
                0x00000000000de320                get_dxo_dynamic_range
                0x00000000000de3c0                can_use_raw_overlays_photo
                0x00000000000dedec                raw_update_params
                0x00000000000def48                raw_lv_request
                0x00000000000defb0                raw_lv_release
                0x00000000000df010                can_use_raw_overlays
                0x00000000000df0b8                can_use_raw_overlays_menu
                0x00000000000df138                menu_set_warning_raw
                0x00000000000df18c                menu_checkdep_raw
 *fill*         0x00000000000df1b4        0xc 
 .text          0x00000000000df1c0     0x13d4 chdk-dng.o
                0x00000000000dff44                reverse_bytes_order
                0x00000000000e000c                dng_set_thumbnail_size
                0x00000000000e0020                dng_set_camname
                0x00000000000e0034                dng_set_camserial
                0x00000000000e0048                dng_set_description
                0x00000000000e005c                dng_set_lensmodel
                0x00000000000e0070                dng_set_focal
                0x00000000000e0084                dng_set_aperture
                0x00000000000e0098                dng_set_shutter
                0x00000000000e00ac                dng_set_framerate
                0x00000000000e00c4                dng_set_framerate_rational
                0x00000000000e00d8                dng_set_iso
                0x00000000000e00e8                dng_set_wbgain
                0x00000000000e0114                dng_set_datetime
                0x00000000000e0148                save_dng
 *fill*         0x00000000000e0594        0xc 
 .text          0x00000000000e05a0      0x798 edmac-memcpy.o
                0x00000000000e0698                edmac_memcpy_res_lock
                0x00000000000e06d0                edmac_memcpy_res_unlock
                0x00000000000e06e0                edmac_copy_rectangle_cbr_start
                0x00000000000e08c8                edmac_copy_rectangle_adv_cleanup
                0x00000000000e0918                edmac_copy_rectangle_adv_finish
                0x00000000000e0950                edmac_copy_rectangle_adv_start
                0x00000000000e09b4                edmac_copy_rectangle_adv
                0x00000000000e0a08                edmac_copy_rectangle
                0x00000000000e0a3c                edmac_copy_rectangle_start
                0x00000000000e0a70                edmac_copy_rectangle_finish
                0x00000000000e0a74                edmac_memset
                0x00000000000e0b44                edmac_find_divider
                0x00000000000e0bcc                edmac_memcpy_start
                0x00000000000e0c78                edmac_memcpy_finish
                0x00000000000e0c7c                edmac_memcpy
                0x00000000000e0c94                edmac_raw_slurp
 *fill*         0x00000000000e0d38        0x8 
 .text          0x00000000000e0d40     0x1d94 patch.o
                0x00000000000e1e60                _reapply_cache_patches
                0x00000000000e1f2c                _patch_sync_caches
                0x00000000000e1fdc                sync_caches
                0x00000000000e2170                unpatch_memory
                0x00000000000e24e0                patch_memory
                0x00000000000e24f8                patch_instruction
                0x00000000000e2510                patch_engio_list
                0x00000000000e254c                unpatch_engio_list
                0x00000000000e257c                patch_memory_matrix
                0x00000000000e27d4                patch_memory_ex
                0x00000000000e2818                patch_memory_array
                0x00000000000e2868                patch_hook_function
 *fill*         0x00000000000e2ad4        0xc 
 .text          0x00000000000e2ae0      0x838 console.o
                0x00000000000e2f94                console_show
                0x00000000000e2fa8                console_hide
                0x00000000000e2fcc                console_toggle
                0x00000000000e2fe8                console_clear
                0x00000000000e300c                console_puts
                0x00000000000e3260                console_draw_from_menu
                0x00000000000e327c                printf
                0x00000000000e32fc                puts
 *fill*         0x00000000000e3318        0x8 
 .text          0x00000000000e3320      0x180 tcc-glue.o
                0x00000000000e3320                _tcc_exit
                0x00000000000e3344                _tcc_open
                0x00000000000e340c                _tcc_read
                0x00000000000e3454                _tcc_close
                0x00000000000e3464                _tcc_lseek
 .text          0x00000000000e34a0     0x4218 ../../tcc/libtccx.o
                0x00000000000e40ec                tcc_delete
                0x00000000000e44e4                tcc_add_file
                0x00000000000e467c                tcc_add_symbol
                0x00000000000e47ec                tcc_new
                0x00000000000e4a30                tcc_set_options
                0x00000000000e5828                tcc_get_symbol
                0x00000000000e72c8                tcc_load_offline_section
                0x00000000000e75e8                tcc_relocate
 *fill*         0x00000000000e76b8        0x8 
 .text          0x00000000000e76c0     0x2968 module.o
                0x00000000000e863c                config_preset_scan
                0x00000000000e8960                module_load
                0x00000000000e89f8                module_get_symbol
                0x00000000000e8a04                module_exec
                0x00000000000e8bb0                module_unload
                0x00000000000e8bc0                module_exec_cbr
                0x00000000000e8c3c                module_translate_key
                0x00000000000e905c                module_send_keypress
                0x00000000000e90c8                handle_module_keys
                0x00000000000e91d0                module_display_filter_enabled
                0x00000000000e9248                module_display_filter_update
                0x00000000000e92e4                module_get_string
                0x00000000000e9d84                module_get_name
                0x00000000000e9da0                module_get_next_loaded
                0x00000000000e9dec                module_get_config_var
                0x00000000000e9e5c                module_config_var_lookup
                0x00000000000e9ec0                module_save_configs
                0x00000000000e9f64                module_shutdown
 .text          0x00000000000ea028       0x28 dietlibc.a(strrchr.o)
                0x00000000000ea028                strrchr
                0x00000000000ea028                rindex
 .text          0x00000000000ea050       0x20 dietlibc.a(strncpy.o)
                0x00000000000ea050                strncpy
 .text          0x00000000000ea070       0x1c dietlibc.a(strlen.o)
                0x00000000000ea070                strlen
 .text          0x00000000000ea08c       0x38 dietlibc.a(strncmp.o)
                0x00000000000ea08c                strncmp
 .text          0x00000000000ea0c4       0x1c dietlibc.a(strcpy.o)
                0x00000000000ea0c4                strcpy
 .text          0x00000000000ea0e0       0x30 dietlibc.a(strcmp.o)
                0x00000000000ea0e0                strcoll
                0x00000000000ea0e0                strcmp
 .text          0x00000000000ea110       0x44 dietlibc.a(strcasecmp.o)
                0x00000000000ea110                strcasecmp
 .text          0x00000000000ea154      0x208 dietlibc.a(strtoull.o)
                0x00000000000ea154                strtoumax
                0x00000000000ea154                strtoull
                0x00000000000ea154                strtouq
 .text          0x00000000000ea35c       0xdc dietlibc.a(strtol.o)
                0x00000000000ea35c                strtol
 .text          0x00000000000ea438      0x19c dietlibc.a(strtoul.o)
                0x00000000000ea438                strtoul
 .text          0x00000000000ea5d4       0x2c dietlibc.a(strchr.o)
                0x00000000000ea5d4                index
                0x00000000000ea5d4                strchr
 .text          0x00000000000ea600       0x8c dietlibc.a(strstr.o)
                0x00000000000ea600                strstr
 .text          0x00000000000ea68c       0x38 dietlibc.a(memcmp.o)
                0x00000000000ea68c                bcmp
                0x00000000000ea68c                memcmp
 .text          0x00000000000ea6c4       0x68 dietlibc.a(memmove.o)
                0x00000000000ea6c4                memmove
 .text          0x00000000000ea72c       0x7c dietlibc.a(atol.o)
                0x00000000000ea72c                atol
                0x00000000000ea72c                atoi
 .text          0x00000000000ea7a8        0x0 dietlibc.a(errno.o)
 .text          0x00000000000ea7a8        0xc dietlibc.a(errno_location.o)
                0x00000000000ea7a8                __errno_location
 .text          0x00000000000ea7b4       0x2c newlib-libc.a(lib_a-setjmp.o)
                0x00000000000ea7b4                setjmp
                0x00000000000ea7c8                longjmp
 .text          0x00000000000ea7e0      0x168 newlib-libc.a(lib_a-memcpy-stub.o)
                0x00000000000ea7e0                memcpy
 .text          0x00000000000ea948       0xac newlib-libc.a(lib_a-memccpy.o)
                0x00000000000ea948                memccpy
 .text          0x00000000000ea9f4      0x188 newlib-libc.a(lib_a-memset.o)
                0x00000000000ea9f4                memset
 .text          0x00000000000eab7c       0xd0 newlib-libm.a(lib_a-sf_ceil.o)
                0x00000000000eab7c                ceilf
 .text          0x00000000000eac4c       0xa4 newlib-libm.a(lib_a-sf_cos.o)
                0x00000000000eac4c                cosf
 .text          0x00000000000eacf0       0x88 newlib-libm.a(lib_a-sf_frexp.o)
                0x00000000000eacf0                frexpf
 .text          0x00000000000ead78       0x1c newlib-libm.a(lib_a-sf_log2.o)
                0x00000000000ead78                log2f
 .text          0x00000000000ead94       0x7c newlib-libm.a(lib_a-sf_round.o)
                0x00000000000ead94                roundf
 .text          0x00000000000eae10       0xbc newlib-libm.a(lib_a-sf_sin.o)
                0x00000000000eae10                sinf
 .text          0x00000000000eaecc       0x74 newlib-libm.a(lib_a-sf_tan.o)
                0x00000000000eaecc                tanf
 .text          0x00000000000eaf40      0x10c newlib-libm.a(lib_a-wf_acos.o)
                0x00000000000eaf40                acosf
 .text          0x00000000000eb04c      0x10c newlib-libm.a(lib_a-wf_asin.o)
                0x00000000000eb04c                asinf
 .text          0x00000000000eb158       0x10 newlib-libm.a(lib_a-wf_atan2.o)
                0x00000000000eb158                atan2f
 .text          0x00000000000eb168      0x178 newlib-libm.a(lib_a-wf_exp.o)
                0x00000000000eb168                expf
 .text          0x00000000000eb2e0      0x13c newlib-libm.a(lib_a-wf_fmod.o)
                0x00000000000eb2e0                fmodf
 .text          0x00000000000eb41c      0x164 newlib-libm.a(lib_a-wf_log10.o)
                0x00000000000eb41c                log10f
 .text          0x00000000000eb580      0x164 newlib-libm.a(lib_a-wf_log.o)
                0x00000000000eb580                logf
 .text          0x00000000000eb6e4      0x504 newlib-libm.a(lib_a-wf_pow.o)
                0x00000000000eb6e4                powf
 .text          0x00000000000ebbe8      0x11c newlib-libm.a(lib_a-wf_sqrt.o)
                0x00000000000ebbe8                sqrtf
 .text          0x00000000000ebd04      0x3bc newlib-libm.a(lib_a-ef_acos.o)
                0x00000000000ebd04                __ieee754_acosf
 .text          0x00000000000ec0c0      0x38c newlib-libm.a(lib_a-ef_asin.o)
                0x00000000000ec0c0                __ieee754_asinf
 .text          0x00000000000ec44c      0x1b4 newlib-libm.a(lib_a-ef_atan2.o)
                0x00000000000ec44c                __ieee754_atan2f
 .text          0x00000000000ec600      0x2b4 newlib-libm.a(lib_a-ef_exp.o)
                0x00000000000ec600                __ieee754_expf
 .text          0x00000000000ec8b4      0x18c newlib-libm.a(lib_a-ef_fmod.o)
                0x00000000000ec8b4                __ieee754_fmodf
 .text          0x00000000000eca40       0xf8 newlib-libm.a(lib_a-ef_log10.o)
                0x00000000000eca40                __ieee754_log10f
 .text          0x00000000000ecb38      0x3b8 newlib-libm.a(lib_a-ef_log.o)
                0x00000000000ecb38                __ieee754_logf
 .text          0x00000000000ecef0      0x998 newlib-libm.a(lib_a-ef_pow.o)
                0x00000000000ecef0                __ieee754_powf
 .text          0x00000000000ed888      0x454 newlib-libm.a(lib_a-ef_rem_pio2.o)
                0x00000000000ed888                __ieee754_rem_pio2f
 .text          0x00000000000edcdc      0x114 newlib-libm.a(lib_a-ef_sqrt.o)
                0x00000000000edcdc                __ieee754_sqrtf
 .text          0x00000000000eddf0      0x214 newlib-libm.a(lib_a-kf_cos.o)
                0x00000000000eddf0                __kernel_cosf
 .text          0x00000000000ee004      0x950 newlib-libm.a(lib_a-kf_rem_pio2.o)
                0x00000000000ee004                __kernel_rem_pio2f
 .text          0x00000000000ee954      0x14c newlib-libm.a(lib_a-kf_sin.o)
                0x00000000000ee954                __kernel_sinf
 .text          0x00000000000eeaa0      0x360 newlib-libm.a(lib_a-kf_tan.o)
                0x00000000000eeaa0                __kernel_tanf
 .text          0x00000000000eee00      0x2fc newlib-libm.a(lib_a-sf_atan.o)
                0x00000000000eee00                atanf
 .text          0x00000000000ef0fc        0x8 newlib-libm.a(lib_a-sf_fabs.o)
                0x00000000000ef0fc                fabsf
 .text          0x00000000000ef104       0x1c newlib-libm.a(lib_a-sf_finite.o)
                0x00000000000ef104                finitef
 .text          0x00000000000ef120       0xd4 newlib-libm.a(lib_a-sf_floor.o)
                0x00000000000ef120                floorf
 .text          0x00000000000ef1f4       0x6c newlib-libm.a(lib_a-sf_fpclassify.o)
                0x00000000000ef1f4                __fpclassifyf
 .text          0x00000000000ef260        0xc newlib-libm.a(lib_a-sf_nan.o)
                0x00000000000ef260                nanf
 .text          0x00000000000ef26c      0x11c newlib-libm.a(lib_a-sf_scalbn.o)
                0x00000000000ef26c                scalbnf
 .text          0x00000000000ef388        0x0 newlib-libm.a(lib_a-s_lib_ver.o)
 .text          0x00000000000ef388        0x8 newlib-libm.a(lib_a-s_matherr.o)
                0x00000000000ef388                matherr
 .text          0x00000000000ef390       0x10 newlib-libm.a(lib_a-s_nan.o)
                0x00000000000ef390                nan
 .text          0x00000000000ef3a0      0x1a0 newlib-libm.a(lib_a-s_rint.o)
                0x00000000000ef3a0                rint
 .text          0x00000000000ef540       0x10 newlib-libm.a(lib_a-sf_copysign.o)
                0x00000000000ef540                copysignf
 .text          0x00000000000ef550      0x114 gcc-libgcc.a(_udivsi3.o)
                0x00000000000ef550                __udivsi3
                0x00000000000ef550                __aeabi_uidiv
                0x00000000000ef644                __aeabi_uidivmod
 .text          0x00000000000ef664      0x148 gcc-libgcc.a(_divsi3.o)
                0x00000000000ef664                __aeabi_idiv
                0x00000000000ef664                __divsi3
                0x00000000000ef78c                __aeabi_idivmod
 .text          0x00000000000ef7ac        0x4 gcc-libgcc.a(_dvmd_tls.o)
                0x00000000000ef7ac                __aeabi_ldiv0
                0x00000000000ef7ac                __aeabi_idiv0
 .text          0x00000000000ef7b0      0x41c gcc-libgcc.a(_arm_addsubdf3.o)
                0x00000000000ef7b0                __aeabi_drsub
                0x00000000000ef7b8                __subdf3
                0x00000000000ef7b8                __aeabi_dsub
                0x00000000000ef7bc                __aeabi_dadd
                0x00000000000ef7bc                __adddf3
                0x00000000000efacc                __aeabi_ui2d
                0x00000000000efacc                __floatunsidf
                0x00000000000efaf0                __floatsidf
                0x00000000000efaf0                __aeabi_i2d
                0x00000000000efb18                __extendsfdf2
                0x00000000000efb18                __aeabi_f2d
                0x00000000000efb58                __aeabi_ul2d
                0x00000000000efb58                __floatundidf
                0x00000000000efb6c                __aeabi_l2d
                0x00000000000efb6c                __floatdidf
 .text          0x00000000000efbcc      0x49c gcc-libgcc.a(_arm_muldivdf3.o)
                0x00000000000efbcc                __aeabi_dmul
                0x00000000000efbcc                __muldf3
                0x00000000000efe5c                __aeabi_ddiv
                0x00000000000efe5c                __divdf3
 .text          0x00000000000f0068      0x144 gcc-libgcc.a(_arm_cmpdf2.o)
                0x00000000000f0068                __gedf2
                0x00000000000f0068                __gtdf2
                0x00000000000f0070                __ledf2
                0x00000000000f0070                __ltdf2
                0x00000000000f0078                __cmpdf2
                0x00000000000f0078                __eqdf2
                0x00000000000f0078                __nedf2
                0x00000000000f0100                __aeabi_cdrcmple
                0x00000000000f011c                __aeabi_cdcmple
                0x00000000000f011c                __aeabi_cdcmpeq
                0x00000000000f0134                __aeabi_dcmpeq
                0x00000000000f014c                __aeabi_dcmplt
                0x00000000000f0164                __aeabi_dcmple
                0x00000000000f017c                __aeabi_dcmpge
                0x00000000000f0194                __aeabi_dcmpgt
 .text          0x00000000000f01ac       0x5c gcc-libgcc.a(_arm_fixdfsi.o)
                0x00000000000f01ac                __fixdfsi
                0x00000000000f01ac                __aeabi_d2iz
 .text          0x00000000000f0208       0xa0 gcc-libgcc.a(_arm_truncdfsf2.o)
                0x00000000000f0208                __aeabi_d2f
                0x00000000000f0208                __truncdfsf2
 .text          0x00000000000f02a8      0x2ac gcc-libgcc.a(_arm_addsubsf3.o)
                0x00000000000f02a8                __aeabi_frsub
                0x00000000000f02b0                __aeabi_fsub
                0x00000000000f02b0                __subsf3
                0x00000000000f02b4                __aeabi_fadd
                0x00000000000f02b4                __addsf3
                0x00000000000f0470                __aeabi_ui2f
                0x00000000000f0470                __floatunsisf
                0x00000000000f0478                __floatsisf
                0x00000000000f0478                __aeabi_i2f
                0x00000000000f0498                __aeabi_ul2f
                0x00000000000f0498                __floatundisf
                0x00000000000f04a8                __aeabi_l2f
                0x00000000000f04a8                __floatdisf
 .text          0x00000000000f0554      0x2f8 gcc-libgcc.a(_arm_muldivsf3.o)
                0x00000000000f0554                __mulsf3
                0x00000000000f0554                __aeabi_fmul
                0x00000000000f06ec                __divsf3
                0x00000000000f06ec                __aeabi_fdiv
 .text          0x00000000000f084c      0x114 gcc-libgcc.a(_arm_cmpsf2.o)
                0x00000000000f084c                __gesf2
                0x00000000000f084c                __gtsf2
                0x00000000000f0854                __ltsf2
                0x00000000000f0854                __lesf2
                0x00000000000f085c                __nesf2
                0x00000000000f085c                __eqsf2
                0x00000000000f085c                __cmpsf2
                0x00000000000f08c0                __aeabi_cfrcmple
                0x00000000000f08d0                __aeabi_cfcmpeq
                0x00000000000f08d0                __aeabi_cfcmple
                0x00000000000f08e8                __aeabi_fcmpeq
                0x00000000000f0900                __aeabi_fcmplt
                0x00000000000f0918                __aeabi_fcmple
                0x00000000000f0930                __aeabi_fcmpge
                0x00000000000f0948                __aeabi_fcmpgt
 .text          0x00000000000f0960       0x5c gcc-libgcc.a(_arm_fixsfsi.o)
                0x00000000000f0960                __fixsfsi
                0x00000000000f0960                __aeabi_f2iz
 .text          0x00000000000f09bc       0x54 gcc-libgcc.a(_arm_fixunssfsi.o)
                0x00000000000f09bc                __aeabi_f2uiz
                0x00000000000f09bc                __fixunssfsi
 .text          0x00000000000f0a10       0xd4 gcc-libgcc.a(_aeabi_ldivmod.o)
                0x00000000000f0a10                __aeabi_ldivmod
 .text          0x00000000000f0ae4       0x3c gcc-libgcc.a(_aeabi_uldivmod.o)
                0x00000000000f0ae4                __aeabi_uldivmod
 .text          0x00000000000f0b20       0x44 gcc-libgcc.a(_popcountsi2.o)
                0x00000000000f0b20                __popcountsi2
 .text          0x00000000000f0b64       0x40 gcc-libgcc.a(_fixsfdi.o)
                0x00000000000f0b64                __aeabi_f2lz
                0x00000000000f0b64                __fixsfdi
 .text          0x00000000000f0ba4       0x70 gcc-libgcc.a(_fixunssfdi.o)
                0x00000000000f0ba4                __aeabi_f2ulz
                0x00000000000f0ba4                __fixunssfdi
 .text          0x00000000000f0c14      0x12c gcc-libgcc.a(_udivmoddi4.o)
                0x00000000000f0c14                __udivmoddi4
 .text          0x00000000000f0d40       0x54 gcc-libgcc.a(_arm_fixunsdfsi.o)
                0x00000000000f0d40                __fixunsdfsi
                0x00000000000f0d40                __aeabi_d2uiz
 .text          0x00000000000f0d94       0x28 gcc-libgcc.a(_clzdi2.o)
                0x00000000000f0d94                __clzdi2
 .text          0x00000000000f0dbc       0x48 gcc-libgcc.a(_clzsi2.o)
                0x00000000000f0dbc                __clzsi2
 *fill*         0x00000000000f0e04        0x4 
 .text.__stub   0x00000000000f0e08      0x170 linker stubs
                0x00000000000f0f78                _text_end = .
                0x00000000000f0f80                . = ALIGN (0x40)
 *fill*         0x00000000000f0f78        0x8 
                0x00000000000f0f80                _rodata_start = .
 *(.rodata)
 .rodata        0x00000000000f0f80       0x5b version.o
                0x00000000000f0f80                build_user
                0x00000000000f0fa1                build_date
                0x00000000000f0fb9                build_id
                0x00000000000f0fbf                build_version
 .rodata        0x00000000000f0fdb       0x35 fio-ml.o
 .rodata        0x00000000000f1010       0x31 mem.o
 *fill*         0x00000000000f1041        0x3 
 .rodata        0x00000000000f1044      0xd38 ico.o
                0x00000000000f1044                menu_icons_body
 .rodata        0x00000000000f1d7c      0x14c edmac.o
 .rodata        0x00000000000f1ec8      0x14c menu.o
 .rodata        0x00000000000f2014       0x15 debug.o
 .rodata        0x00000000000f2029        0xb util.o
 .rodata        0x00000000000f2034       0xb1 exmem.o
 .rodata        0x00000000000f20e5       0x51 bmp.o
 *fill*         0x00000000000f2136        0x2 
 .rodata        0x00000000000f2138       0x2c config.o
 .rodata        0x00000000000f2164       0x1d stdio.o
 *fill*         0x00000000000f2181        0x3 
 .rodata        0x00000000000f2184       0xcc tweaks.o
 .rodata        0x00000000000f2250      0x3a1 lens.o
 .rodata        0x00000000000f25f1       0x14 property.o
 .rodata        0x00000000000f2605       0x24 movtweaks.o
 *fill*         0x00000000000f2629        0x3 
 .rodata        0x00000000000f262c      0x144 fps-engio.o
 .rodata        0x00000000000f2770      0x230 shoot.o
 .rodata        0x00000000000f29a0       0x44 lv-img-engio.o
 .rodata        0x00000000000f29e4       0x13 state-object.o
 .rodata        0x00000000000f29f7       0x23 tasks.o
 .rodata        0x00000000000f2a1a        0x8 histogram.o
 *fill*         0x00000000000f2a22        0x2 
 .rodata        0x00000000000f2a24       0x88 zebra.o
 .rodata        0x00000000000f2aac       0x1e crop-mode-hack.o
 *fill*         0x00000000000f2aca        0x2 
 .rodata        0x00000000000f2acc       0x58 powersave.o
 .rodata        0x00000000000f2b24       0x63 ml-cbr.o
 *fill*         0x00000000000f2b87        0x1 
 .rodata        0x00000000000f2b88       0xc8 raw.o
 .rodata        0x00000000000f2c50      0x104 chdk-dng.o
 .rodata        0x00000000000f2d54       0x31 edmac-memcpy.o
 *fill*         0x00000000000f2d85        0x3 
 .rodata        0x00000000000f2d88      0x1b8 ../../tcc/libtccx.o
 .rodata        0x00000000000f2f40       0x2d module.o
 *fill*         0x00000000000f2f6d        0x3 
 .rodata        0x00000000000f2f70       0x18 newlib-libm.a(lib_a-ef_exp.o)
 .rodata        0x00000000000f2f88        0x8 newlib-libm.a(lib_a-ef_fmod.o)
 .rodata        0x00000000000f2f90       0x18 newlib-libm.a(lib_a-ef_pow.o)
 .rodata        0x00000000000f2fa8      0x398 newlib-libm.a(lib_a-ef_rem_pio2.o)
 .rodata        0x00000000000f3340       0x38 newlib-libm.a(lib_a-kf_rem_pio2.o)
 .rodata        0x00000000000f3378       0x20 newlib-libm.a(lib_a-sf_atan.o)
 .rodata        0x00000000000f3398       0x10 newlib-libm.a(lib_a-s_rint.o)
                0x00000000000f33a8                _rodata_end = .
                0x00000000000f33a8                _data_start = .

.rodata.str1.1  0x00000000000f33a8     0xc2a9
 .rodata.str1.1
                0x00000000000f33a8       0x46 backtrace.o
 .rodata.str1.1
                0x00000000000f33ee       0xdc boot-hack.o
                                         0xdf (size before relaxing)
 .rodata.str1.1
                0x00000000000f34ca      0x129 fio-ml.o
                                        0x135 (size before relaxing)
 .rodata.str1.1
                0x00000000000f35f3      0x5c6 mem.o
                                        0x630 (size before relaxing)
 .rodata.str1.1
                0x00000000000f3bb9       0x12 edmac.o
 .rodata.str1.1
                0x00000000000f3bb9      0xd28 menu.o
                                        0xdc7 (size before relaxing)
 .rodata.str1.1
                0x00000000000f48e1      0xb70 debug.o
                                        0xc02 (size before relaxing)
 .rodata.str1.1
                0x00000000000f5451       0x12 posix.o
 .rodata.str1.1
                0x00000000000f5463       0x16 util.o
 .rodata.str1.1
                0x00000000000f5479       0x12 electronic_level.o
 .rodata.str1.1
                0x00000000000f5479       0x28 picstyle.o
 .rodata.str1.1
                0x00000000000f54a1      0x19a exmem.o
                                        0x1ae (size before relaxing)
 .rodata.str1.1
                0x00000000000f563b       0x7f bmp.o
                                         0x88 (size before relaxing)
 .rodata.str1.1
                0x00000000000f56ba       0x78 rbf_font.o
 .rodata.str1.1
                0x00000000000f5732      0x112 movie_menu_raw_only.o
                                        0x122 (size before relaxing)
 .rodata.str1.1
                0x00000000000f5844      0x54b config.o
                                        0x5bd (size before relaxing)
 .rodata.str1.1
                0x00000000000f5d8f       0x3d stdio.o
                                         0x41 (size before relaxing)
 .rodata.str1.1
                0x00000000000f5dcc      0x515 bitrate.o
                                        0x52c (size before relaxing)
 .rodata.str1.1
                0x00000000000f62e1      0xf95 tweaks.o
                                        0xfea (size before relaxing)
 .rodata.str1.1
                0x00000000000f7276      0x94d lens.o
                                        0xa50 (size before relaxing)
 .rodata.str1.1
                0x00000000000f7bc3       0x70 property.o
 .rodata.str1.1
                0x00000000000f7c33       0xea propvalues.o
                                         0xf7 (size before relaxing)
 .rodata.str1.1
                0x00000000000f7d1d       0x7c gui-common.o
                                         0x82 (size before relaxing)
 .rodata.str1.1
                0x00000000000f7d99      0x4ea movtweaks.o
                                        0x510 (size before relaxing)
 .rodata.str1.1
                0x00000000000f8283      0x2f3 menuhelp.o
                                        0x352 (size before relaxing)
 .rodata.str1.1
                0x00000000000f8576      0x100 menuindex.o
                                        0x13a (size before relaxing)
 .rodata.str1.1
                0x00000000000f8676      0x9ca focus.o
                                        0x9d8 (size before relaxing)
 .rodata.str1.1
                0x00000000000f9040       0x42 notify_box.o
 .rodata.str1.1
                0x00000000000f9082       0x74 bootflags.o
 .rodata.str1.1
                0x00000000000f90f6       0x49 vram.o
 .rodata.str1.1
                0x00000000000f913f       0x4b greenscreen.o
 .rodata.str1.1
                0x00000000000f918a      0x6d6 fps-engio.o
                                        0x721 (size before relaxing)
 .rodata.str1.1
                0x00000000000f9860     0x2736 shoot.o
                                       0x2916 (size before relaxing)
 .rodata.str1.1
                0x00000000000fbf96      0x106 hdr.o
                                        0x123 (size before relaxing)
 .rodata.str1.1
                0x00000000000fc09c      0x1bc lv-img-engio.o
                                        0x1ea (size before relaxing)
 .rodata.str1.1
                0x00000000000fc258       0x55 state-object.o
 .rodata.str1.1
                0x00000000000fc2ad       0xbb tasks.o
                                         0xc2 (size before relaxing)
 .rodata.str1.1
                0x00000000000fc368        0xf vsync-lite.o
 .rodata.str1.1
                0x00000000000fc377       0xa1 tskmon.o
                                         0xb9 (size before relaxing)
 .rodata.str1.1
                0x00000000000fc418      0x174 histogram.o
                                        0x196 (size before relaxing)
 .rodata.str1.1
                0x00000000000fc58c       0x64 falsecolor.o
 .rodata.str1.1
                0x00000000000fc5f0      0x150 audio-ak.o
                                        0x164 (size before relaxing)
 .rodata.str1.1
                0x00000000000fc740     0x1232 zebra.o
                                       0x13a6 (size before relaxing)
 .rodata.str1.1
                0x00000000000fd972       0xc3 vectorscope.o
                                         0xde (size before relaxing)
 .rodata.str1.1
                0x00000000000fda35       0xb1 crop-mode-hack.o
                                         0xb7 (size before relaxing)
 .rodata.str1.1
                0x00000000000fdae6       0xc9 flexinfo.o
                                        0x172 (size before relaxing)
 .rodata.str1.1
                0x00000000000fdbaf       0x32 screenshot.o
                                         0x35 (size before relaxing)
 .rodata.str1.1
                0x00000000000fdbe1        0x3 fileprefix.o
 .rodata.str1.1
                0x00000000000fdbe1       0x12 lvinfo.o
                                         0x15 (size before relaxing)
 .rodata.str1.1
                0x00000000000fdbf3      0x404 powersave.o
                                        0x423 (size before relaxing)
 .rodata.str1.1
                0x00000000000fdff7       0xa7 ml-cbr.o
                                         0xb3 (size before relaxing)
 .rodata.str1.1
                0x00000000000fe09e      0x29c raw.o
                                        0x2ce (size before relaxing)
 .rodata.str1.1
                0x00000000000fe33a       0x1b chdk-dng.o
                                         0x2b (size before relaxing)
 .rodata.str1.1
                0x00000000000fe355      0x116 edmac-memcpy.o
                                        0x128 (size before relaxing)
 .rodata.str1.1
                0x00000000000fe46b      0x308 patch.o
                                        0x324 (size before relaxing)
 .rodata.str1.1
                0x00000000000fe773        0xd console.o
                                         0x17 (size before relaxing)
 .rodata.str1.1
                0x00000000000fe780       0x6c tcc-glue.o
 .rodata.str1.1
                0x00000000000fe7ec      0x5db ../../tcc/libtccx.o