Archive member included to satisfy reference by file (symbol)

dietlibc.a(strrchr.o)         ../../tcc/libtccx.o (strrchr)
dietlibc.a(strncpy.o)         fio-ml.o (strncpy)
dietlibc.a(strlen.o)          fio-ml.o (strlen)
dietlibc.a(strncmp.o)         fio-ml.o (strncmp)
dietlibc.a(strcpy.o)          backtrace.o (strcpy)
dietlibc.a(strcmp.o)          rbf_font.o (strcmp)
dietlibc.a(strcasecmp.o)      (strcasecmp)
dietlibc.a(strtoull.o)        ../../tcc/libtccx.o (strtoull)
dietlibc.a(strtol.o)          menu.o (strtol)
dietlibc.a(strtoul.o)         ../../tcc/libtccx.o (strtoul)
dietlibc.a(strchr.o)          fio-ml.o (strchr)
dietlibc.a(strstr.o)          (strstr)
dietlibc.a(memcmp.o)          ../../tcc/libtccx.o (memcmp)
dietlibc.a(memmove.o)         (memmove)
dietlibc.a(atol.o)            config.o (atoi)
dietlibc.a(errno.o)           dietlibc.a(strtoull.o) (errno)
dietlibc.a(errno_location.o)  dietlibc.a(strtol.o) (__errno_location)
newlib-libc.a(lib_a-setjmp.o)
                              ../../tcc/libtccx.o (longjmp)
newlib-libc.a(lib_a-memcpy-stub.o)
                              boot-hack.o (memcpy)
newlib-libc.a(lib_a-memccpy.o)
                              dietlibc.a(strncpy.o) (memccpy)
newlib-libc.a(lib_a-memset.o)
                              mem.o (memset)
newlib-libm.a(lib_a-sf_ceil.o)
                              (ceilf)
newlib-libm.a(lib_a-sf_cos.o)
                              chdk-gui_draw.o (cosf)
newlib-libm.a(lib_a-sf_frexp.o)
                              (frexpf)
newlib-libm.a(lib_a-sf_log2.o)
                              (log2f)
newlib-libm.a(lib_a-sf_round.o)
                              menu.o (roundf)
newlib-libm.a(lib_a-sf_sin.o)
                              chdk-gui_draw.o (sinf)
newlib-libm.a(lib_a-sf_tan.o)
                              (tanf)
newlib-libm.a(lib_a-wf_acos.o)
                              (acosf)
newlib-libm.a(lib_a-wf_asin.o)
                              (asinf)
newlib-libm.a(lib_a-wf_atan2.o)
                              (atan2f)
newlib-libm.a(lib_a-wf_exp.o)
                              (expf)
newlib-libm.a(lib_a-wf_fmod.o)
                              (fmodf)
newlib-libm.a(lib_a-wf_log10.o)
                              (log10f)
newlib-libm.a(lib_a-wf_log.o)
                              newlib-libm.a(lib_a-sf_log2.o) (logf)
newlib-libm.a(lib_a-wf_pow.o)
                              menu.o (powf)
newlib-libm.a(lib_a-wf_sqrt.o)
                              focus.o (sqrtf)
newlib-libm.a(lib_a-ef_acos.o)
                              newlib-libm.a(lib_a-wf_acos.o) (__ieee754_acosf)
newlib-libm.a(lib_a-ef_asin.o)
                              newlib-libm.a(lib_a-wf_asin.o) (__ieee754_asinf)
newlib-libm.a(lib_a-ef_atan2.o)
                              newlib-libm.a(lib_a-wf_atan2.o) (__ieee754_atan2f)
newlib-libm.a(lib_a-ef_exp.o)
                              newlib-libm.a(lib_a-wf_exp.o) (__ieee754_expf)
newlib-libm.a(lib_a-ef_fmod.o)
                              newlib-libm.a(lib_a-wf_fmod.o) (__ieee754_fmodf)
newlib-libm.a(lib_a-ef_log10.o)
                              newlib-libm.a(lib_a-wf_log10.o) (__ieee754_log10f)
newlib-libm.a(lib_a-ef_log.o)
                              newlib-libm.a(lib_a-wf_log.o) (__ieee754_logf)
newlib-libm.a(lib_a-ef_pow.o)
                              newlib-libm.a(lib_a-wf_pow.o) (__ieee754_powf)
newlib-libm.a(lib_a-ef_rem_pio2.o)
                              newlib-libm.a(lib_a-sf_cos.o) (__ieee754_rem_pio2f)
newlib-libm.a(lib_a-ef_sqrt.o)
                              newlib-libm.a(lib_a-wf_sqrt.o) (__ieee754_sqrtf)
newlib-libm.a(lib_a-kf_cos.o)
                              newlib-libm.a(lib_a-sf_cos.o) (__kernel_cosf)
newlib-libm.a(lib_a-kf_rem_pio2.o)
                              newlib-libm.a(lib_a-ef_rem_pio2.o) (__kernel_rem_pio2f)
newlib-libm.a(lib_a-kf_sin.o)
                              newlib-libm.a(lib_a-sf_cos.o) (__kernel_sinf)
newlib-libm.a(lib_a-kf_tan.o)
                              newlib-libm.a(lib_a-sf_tan.o) (__kernel_tanf)
newlib-libm.a(lib_a-sf_atan.o)
                              newlib-libm.a(lib_a-ef_atan2.o) (atanf)
newlib-libm.a(lib_a-sf_fabs.o)
                              newlib-libm.a(lib_a-wf_acos.o) (fabsf)
newlib-libm.a(lib_a-sf_finite.o)
                              newlib-libm.a(lib_a-wf_exp.o) (finitef)
newlib-libm.a(lib_a-sf_floor.o)
                              newlib-libm.a(lib_a-kf_rem_pio2.o) (floorf)
newlib-libm.a(lib_a-sf_fpclassify.o)
                              newlib-libm.a(lib_a-wf_acos.o) (__fpclassifyf)
newlib-libm.a(lib_a-sf_nan.o)
                              newlib-libm.a(lib_a-ef_pow.o) (nanf)
newlib-libm.a(lib_a-sf_scalbn.o)
                              newlib-libm.a(lib_a-ef_pow.o) (scalbnf)
newlib-libm.a(lib_a-s_lib_ver.o)
                              newlib-libm.a(lib_a-wf_acos.o) (__fdlib_version)
newlib-libm.a(lib_a-s_matherr.o)
                              newlib-libm.a(lib_a-wf_acos.o) (matherr)
[...]
Memory Configuration

Name             Origin             Length             Attributes
*default*        0x0000000000000000 0xffffffffffffffff

Linker script and memory map

                0x000000000009e1e0                . = 0x9e1e0

.text           0x000000000009e1e0    0x555f8
                0x000000000009e1e0                _text_start = .
 *(.text)
 .text          0x000000000009e1e0        0x4 entry.o
                0x000000000009e1e0                _start
 .text          0x000000000009e1e4        0x0 ../../platform/EOSM.202/stubs.o
 .text          0x000000000009e1e4        0x0 version.o
 *fill*         0x000000000009e1e4        0xc 
 .text          0x000000000009e1f0      0x37c backtrace.o
                0x000000000009e1f0                eos_backtrace_rebuild
                0x000000000009e530                backtrace_print
                0x000000000009e558                backtrace_getstr
 *fill*         0x000000000009e56c        0x4 
 .text          0x000000000009e570      0x76c boot-hack.o
                0x000000000009e98c                copy_and_restart
                0x000000000009ebd8                magic_is_off
                0x000000000009ebe8                _disable_ml_startup
                0x000000000009ebfc                hold_your_horses
                0x000000000009ec24                get_assert_msg
                0x000000000009ec30                ml_assert_handler
                0x000000000009ecb0                ml_crash_message
 *fill*         0x000000000009ecdc        0x4 
 .text          0x000000000009ece0      0xb54 fio-ml.o
                0x000000000009ef1c                get_ml_card
                0x000000000009ef2c                get_shooting_card
                0x000000000009ef3c                get_card
                0x000000000009ef7c                get_free_space_32k
                0x000000000009efa0                _card_tweaks
                0x000000000009efa4                get_dcim_dir_suffix
                0x000000000009efb0                get_dcim_dir
                0x000000000009effc                FIO_OpenFile
                0x000000000009f030                FIO_GetFileSize
                0x000000000009f05c                FIO_RemoveFile
                0x000000000009f080                FIO_FindFirstEx
                0x000000000009f0ac                FIO_RenameFile
                0x000000000009f0e4                FIO_GetFileSize_direct
                0x000000000009f118                FIO_ReadFile
                0x000000000009f218                FIO_WriteFile
                0x000000000009f248                is_file
                0x000000000009f26c                is_dir
                0x000000000009f298                _find_ml_card
                0x000000000009f360                FIO_CreateDirectory
                0x000000000009f408                FIO_CreateFile
                0x000000000009f48c                FIO_CreateFileOrAppend
                0x000000000009f4d8                FIO_CopyFile
                0x000000000009f5b0                FIO_MoveFile
                0x000000000009f5d4                get_numbered_file_name
                0x000000000009f654                dump_seg
                0x000000000009f688                dump_big_seg
                0x000000000009f700                read_file
                0x000000000009f744                read_entire_file
                0x000000000009f7d8                my_fprintf
 *fill*         0x000000000009f834        0xc 
 .text          0x000000000009f840     0x2320 mem.o
                0x000000000009f848                GetFreeMemForMalloc
                0x000000000009f86c                GetFreeMemForAllocateMemory
                0x00000000000a01a8                __priv_malloc
                0x00000000000a01ac                __priv_free
                0x00000000000a01b0                __priv_AllocateMemory
                0x00000000000a01b4                __priv_FreeMemory
                0x00000000000a01b8                __priv_alloc_dma_memory
                0x00000000000a01bc                __priv_free_dma_memory
                0x00000000000a01c0                __priv_shoot_malloc
                0x00000000000a01c4                __priv_shoot_free
                0x00000000000a01c8                format_memory_size
                0x00000000000a150c                __mem_malloc
                0x00000000000a17f4                __mem_free
                0x00000000000a19f0                shoot_malloc_suite
                0x00000000000a1a28                shoot_free_suite
                0x00000000000a1a58                srm_malloc_suite
                0x00000000000a1a90                srm_free_suite
                0x00000000000a1ac0                shoot_malloc_suite_contig
                0x00000000000a1af8                _mem_init
                0x00000000000a1b48                mem_menu_init
 .text          0x00000000000a1b60        0x0 ico.o
 .text          0x00000000000a1b60      0x588 edmac.o
                0x00000000000a1b68                edmac_index_to_channel
                0x00000000000a1ba8                edmac_get_dir
                0x00000000000a1be0                edmac_channel_to_index
                0x00000000000a1c7c                edmac_get_base
                0x00000000000a1cc8                edmac_get_channel
                0x00000000000a1d24                edmac_get_state
                0x00000000000a1d44                edmac_get_flags
                0x00000000000a1d68                edmac_get_address
                0x00000000000a1d8c                edmac_get_pointer
                0x00000000000a1dac                edmac_get_length
                0x00000000000a1dd0                edmac_get_connection
                0x00000000000a1e88                edmac_fix_off1
                0x00000000000a1e94                edmac_fix_off2
                0x00000000000a1e98                edmac_get_info
                0x00000000000a1fb8                edmac_get_total_size
                0x00000000000a204c                edmac_bytes_per_transfer
 *fill*         0x00000000000a20e8        0x8 
 .text          0x00000000000a20f0     0x8c84 menu.o
                0x00000000000a2478                menu_open_submenu
                0x00000000000a5880                get_menu_edit_mode
                0x00000000000a5890                menu_set_dirty
                0x00000000000a58a4                menu_enable_lv_transparent_mode
                0x00000000000a58d0                menu_disable_lv_transparent_mode
                0x00000000000a58e4                menu_get_root
                0x00000000000a58f4                menu_numeric_toggle
                0x00000000000a59dc                menu_numeric_toggle_time
                0x00000000000a5d28                menu_add
                0x00000000000a5d68                customize_menu_init
                0x00000000000a5df8                menu_remove
                0x00000000000a5fcc                menu_redraw
                0x00000000000a602c                menu_redraw_flood
                0x00000000000a60d8                handle_ml_menu_keyrepeat
                0x00000000000a6148                keyrepeat_ack
                0x00000000000a6168                handle_ml_menu_touch
                0x00000000000a61d8                menu_init
                0x00000000000a6378                gui_menu_shown
                0x00000000000a6388                is_submenu_or_edit_mode_active
                0x00000000000a63c4                is_menu_help_active
                0x00000000000a63ec                menu_active_but_hidden
                0x00000000000a6414                menu_active_and_not_hidden
                0x00000000000a645c                gui_stop_menu
                0x00000000000a6978                run_in_separate_task
                0x00000000000a69d8                gui_open_menu
                0x00000000000a69fc                is_menu_entry_selected
                0x00000000000a6a54                is_menu_selected
                0x00000000000a6a8c                is_menu_active
                0x00000000000a8270                select_menu
                0x00000000000a82e4                select_menu_by_name
                0x00000000000a8fe8                menu_benchmark
                0x00000000000a9198                handle_ml_menu_erase
                0x00000000000a923c                handle_longpress_events
                0x00000000000a933c                menu_close_submenu
                0x00000000000a9364                menu_toggle_submenu
                0x00000000000a9a30                handle_ml_menu_keys
                0x00000000000aa2cc                handle_quick_access_menu_items
                0x00000000000aa2d4                config_menu_save_flags
                0x00000000000aa4d8                menu_get_value_from_script
                0x00000000000aa530                menu_get_str_value_from_script
                0x00000000000aa578                menu_set_str_value_from_script
                0x00000000000aab34                menu_set_value_from_script
                0x00000000000aac24                menu_request_image_backend
                0x00000000000aacc0                menu_advanced_toggle
                0x00000000000aacf0                menu_advanced_update
 *fill*         0x00000000000aad74        0xc 
 .text          0x00000000000aad80     0x1874 debug.o
                0x00000000000ab940                _card_led_on
                0x00000000000ab958                _card_led_off
                0x00000000000ab970                info_led_on
                0x00000000000ab988                info_led_off
                0x00000000000ab9a0                info_led_blink
                0x00000000000ac188                scan_A5A5
                0x00000000000ac2d4                request_crash_log
                0x00000000000ac2e4                request_core_dump
                0x00000000000ac300                menu_kill_flicker
                0x00000000000ac310                debug_init
                0x00000000000ac314                debug_init_stuff
                0x00000000000ac32c                handle_keep_ml_after_format_toggle
                0x00000000000ac3a0                debug_menu_init
                0x00000000000ac3e8                spy_event
                0x00000000000ac448                get_halfshutter_pressed
                0x00000000000ac470                get_zoom_out_pressed
                0x00000000000ac480                handle_buttons_being_held
                0x00000000000ac4a8                handle_tricky_canon_calls
                0x00000000000ac5b4                EngDrvOut
                0x00000000000ac5dc                engio_write
 *fill*         0x00000000000ac5f4        0xc 
 .text          0x00000000000ac600      0x160 rand.o
                0x00000000000ac600                rand_fill
                0x00000000000ac6e0                rand_seed
 .text          0x00000000000ac760      0x158 posix.o
                0x00000000000ac760                rand
                0x00000000000ac788                srand
                0x00000000000ac78c                strdup
                0x00000000000ac7bc                time
                0x00000000000ac7c4                clock
                0x00000000000ac7c8                calloc
                0x00000000000ac804                realloc
                0x00000000000ac850                strlcat
                0x00000000000ac8a0                strcat
 *fill*         0x00000000000ac8b8        0x8 
 .text          0x00000000000ac8c0       0xe4 util.o
                0x00000000000ac8c0                util_atomic_inc
                0x00000000000ac8f4                util_atomic_dec
                0x00000000000ac928                bin_search
 *fill*         0x00000000000ac9a4        0xc 
 .text          0x00000000000ac9b0       0x98 imath.o
                0x00000000000ac9b0                powi
                0x00000000000ac9dc                log2i
                0x00000000000ac9f4                log10i
                0x00000000000aca18                log_length
 *fill*         0x00000000000aca48        0x8 
 .text          0x00000000000aca50        0x8 electronic_level.o
 *fill*         0x00000000000aca58        0x8 
 .text          0x00000000000aca60       0x6c cfn.o
                0x00000000000aca74                get_htp
                0x00000000000aca80                set_htp
                0x00000000000aca90                get_mlu
                0x00000000000aca98                set_mlu
                0x00000000000aca9c                cfn_get_af_button_assignment
                0x00000000000acaa8                cfn_set_af_button
                0x00000000000acab8                get_alo
 *fill*         0x00000000000acacc        0x4 
 .text          0x00000000000acad0      0x10c gui.o
                0x00000000000acad0                ml_gui_main_task
 *fill*         0x00000000000acbdc        0x4 
 .text          0x00000000000acbe0      0x260 picstyle.o
                0x00000000000acca8                get_prop_picstyle_from_index
                0x00000000000acd60                get_prop_picstyle_index
 .text          0x00000000000ace40      0xbd4 exmem.o
                0x00000000000ad208                GetNumberOfChunks
                0x00000000000ad250                GetSizeOfMemorySuite
                0x00000000000ad298                GetSizeOfMemoryChunk
                0x00000000000ad2e0                _shoot_free_suite
                0x00000000000ad31c                exmem_save_buffer
                0x00000000000ad39c                exmem_clear
                0x00000000000ad400                _shoot_malloc_suite
                0x00000000000ad47c                _shoot_malloc_suite_contig
                0x00000000000ad5e8                _shoot_malloc
                0x00000000000ad614                _shoot_free
                0x00000000000ad654                _shoot_get_free_space
                0x00000000000ad67c                _srm_malloc_suite
                0x00000000000ad790                _srm_free_suite
                0x00000000000ad894                _srm_free
                0x00000000000ad8e0                _srm_malloc
                0x00000000000ad958                _srm_get_max_region
                0x00000000000ad9b4                _srm_get_free_space
 *fill*         0x00000000000ada14        0xc 
 .text          0x00000000000ada20     0x1a8c bmp.o
                0x00000000000adb80                BMP_VRAM_START
                0x00000000000adc30                bmp_vram_real
                0x00000000000adc50                bmp_vram_idle
                0x00000000000adc60                bmp_draw_to_idle
                0x00000000000adc70                bmp_vram
                0x00000000000adc8c                bmp_idle_copy
                0x00000000000add8c                bmp_putpixel_fast
                0x00000000000add9c                bmp_puts
                0x00000000000ade34                bmp_printf
                0x00000000000ade88                big_bmp_printf
                0x00000000000adf08                bmp_string_width
                0x00000000000adf28                bmp_strlen_clipped
                0x00000000000adf48                bmp_fill
                0x00000000000adff8                bmp_load_ram
                0x00000000000ae330                bmp_load
                0x00000000000ae3f4                clrscr
                0x00000000000ae438                bmp_getpixel
                0x00000000000ae4b0                bmp_putpixel
                0x00000000000ae514                bmp_draw_rect
                0x00000000000ae5b4                bmp_draw_rect_chamfer
                0x00000000000ae754                bmp_draw_request_stop
                0x00000000000ae768                bmp_draw_scaled_ex
                0x00000000000aedac                bfnt_draw_char
                0x00000000000aef24                bfnt_char_get_width
                0x00000000000aef74                bmp_flip
                0x00000000000af0b8                bmp_flip_ex
                0x00000000000af26c                bmp_is_on
                0x00000000000af284                bmp_on
                0x00000000000af2dc                bmp_off
                0x00000000000af334                bmp_mute_flag_reset
                0x00000000000af34c                bmp_zoom
 *fill*         0x00000000000af4ac        0x4 
 .text          0x00000000000af4b0      0xf18 rbf_font.o
                0x00000000000af998                font_by_name
                0x00000000000afcc4                rbf_str_width
                0x00000000000afd10                rbf_str_clipped_width
                0x00000000000afd44                rbf_strlen_clipped
                0x00000000000afd80                rbf_draw_string
                0x00000000000b0288                _load_fonts
 *fill*         0x00000000000b03c8        0x8 
 .text          0x00000000000b03d0       0x18 movie_menu_raw_only.o
 *fill*         0x00000000000b03e8        0x8 
 .text          0x00000000000b03f0     0x10bc config.o
                0x00000000000b0ac4                config_save_file
                0x00000000000b0c3c                config_flag_file_setting_load
                0x00000000000b0c58                config_flag_file_setting_save
                0x00000000000b0d1c                config_parse_file
                0x00000000000b0e14                get_config_var
                0x00000000000b0e34                set_config_var
                0x00000000000b0e4c                set_config_var_ptr
                0x00000000000b0e8c                config_var_was_changed
                0x00000000000b0eb4                config_var_restore_default
                0x00000000000b0ed4                module_config_load
                0x00000000000b0f38                module_config_save
                0x00000000000b1060                get_config_dir
                0x00000000000b106c                get_config_preset_name
                0x00000000000b107c                handle_select_config_file_by_key_at_startup
                0x00000000000b10e0                config_load
                0x00000000000b13d8                config_save
                0x00000000000b145c                config_save_at_shutdown
 *fill*         0x00000000000b14ac        0x4 
 .text          0x00000000000b14b0      0x378 stdio.o
                0x00000000000b14b0                streq
                0x00000000000b1548                toupper
                0x00000000000b1558                tolower
                0x00000000000b1568                __errno
                0x00000000000b1574                islower
                0x00000000000b1588                isupper
                0x00000000000b159c                isalpha
                0x00000000000b15b4                isdigit
                0x00000000000b15c8                isxdigit
                0x00000000000b15e8                isalnum
                0x00000000000b1618                ispunct
                0x00000000000b1638                isgraph
                0x00000000000b1668                isspace
                0x00000000000b1688                iscntrl
                0x00000000000b16a8                snprintf
                0x00000000000b16d4                memset64
                0x00000000000b176c                memcpy64
 *fill*         0x00000000000b1828        0x8 
 .text          0x00000000000b1830      0xcdc bitrate.o
                0x00000000000b2010                hibr_should_record_wav
                0x00000000000b2018                bitrate_mvr_log
                0x00000000000b20c4                time_indicator_show
                0x00000000000b21c8                is_mvr_buffer_almost_full
                0x00000000000b2244                show_mvr_buffer_status
                0x00000000000b231c                movie_indicators_show
 *fill*         0x00000000000b250c        0x4 
 .text          0x00000000000b2510        0x0 lcdsensor.o
 .text          0x00000000000b2510     0x2c0c tweaks.o
                0x00000000000b2eb0                get_expsim
                0x00000000000b302c                set_expsim
                0x00000000000b3084                set_backlight_level
                0x00000000000b30b4                afframe_set_dirty
                0x00000000000b30c8                afframe_clr_dirty
                0x00000000000b30dc                clear_lv_afframe
                0x00000000000b3374                clear_lv_afframe_if_dirty
                0x00000000000b3f8c                handle_fast_zoom_box
                0x00000000000b4018                display_shortcut_key_hints_lv
                0x00000000000b401c                handle_upside_down
                0x00000000000b4108                alter_bitmap_palette_entry
                0x00000000000b41fc                anamorphic_squeeze_bmp_y
                0x00000000000b42fc                defish_draw_play
                0x00000000000b4758                display_filter_get_buffers
                0x00000000000b4a50                display_filter_enabled
                0x00000000000b4afc                display_filter_lv_vsync
                0x00000000000b4b54                display_filter_step
                0x00000000000b5114                arrow_keys_shortcuts_active
 .text          0x00000000000b511c        0x0 tweaks-eyefi.o
 *fill*         0x00000000000b511c        0x4 
 .text          0x00000000000b5120     0x4f38 lens.o
                0x00000000000b61e0                lens_format_dist
                0x00000000000b632c                should_draw_bottom_bar
                0x00000000000b6394                raw2shutter_ms
                0x00000000000b63e8                shutter_ms_to_raw
                0x00000000000b6434                shutterf_to_raw
                0x00000000000b6480                raw2shutterf
                0x00000000000b64c0                expo_value_rounding_ok
                0x00000000000b6518                round_shutter
                0x00000000000b65cc                round_aperture
                0x00000000000b66c8                round_expo_comp
                0x00000000000b6754                lens_set_ae
                0x00000000000b679c                round_flash_expo_comp
                0x00000000000b6828                lens_set_flash_ae
                0x00000000000b6870                get_shootmode_name
                0x00000000000b6a60                get_shootmode_name_short
                0x00000000000b6c8c                get_ml_topbar_pos
                0x00000000000b6d70                get_ml_bottombar_pos
                0x00000000000b6e10                draw_ml_bottombar
                0x00000000000b6e30                lens_format_shutter_reciprocal
                0x00000000000b70d8                lens_format_shutter
                0x00000000000b727c                free_space_show_photomode
                0x00000000000b72f8                draw_ml_topbar
                0x00000000000b7318                update_lens_display
                0x00000000000b733c                lens_focus
                0x00000000000b7524                mlu_lock_mirror_if_needed
                0x00000000000b7644                raw2index_iso
                0x00000000000b7678                raw2iso
                0x00000000000b77c8                lens_format_iso
                0x00000000000b7a68                val2raw_iso
                0x00000000000b7aac                raw2index_shutter
                0x00000000000b7ae0                val2raw_shutter
                0x00000000000b7b1c                raw2index_aperture
                0x00000000000b7b50                lens_format_aperture
                0x00000000000b7c44                val2raw_aperture
                0x00000000000b7c84                lens_set_custom_wb_gains
                0x00000000000b7d28                lens_set_kelvin
                0x00000000000b7e38                lens_set_kelvin_value_only
                0x00000000000b7ee0                split_iso
                0x00000000000b7f40                iso_components_update
                0x00000000000b821c                iso_auto_restore_hack
                0x00000000000b8558                _prop_lv_lens_request_update
                0x00000000000b8570                job_state_ready_to_take_pic
                0x00000000000b85a8                lens_wait_readytotakepic
                0x00000000000b86b4                assign_af_button_to_halfshutter
                0x00000000000b8714                assign_af_button_to_star_button
                0x00000000000b8774                lens_setup_af
                0x00000000000b87e4                restore_af_button_assignment
                0x00000000000b884c                restore_af_button_assignment_at_shutdown
                0x00000000000b8888                lens_cleanup_af
                0x00000000000b888c                lens_take_picture
                0x00000000000b8d58                crop_factor_menu_init
                0x00000000000b8da0                lens_get_contrast
                0x00000000000b8de8                lens_get_sharpness
                0x00000000000b8e2c                lens_get_saturation
                0x00000000000b8e74                lens_get_color_tone
                0x00000000000b9330                lens_get_from_other_picstyle_contrast
                0x00000000000b9364                lens_get_from_other_picstyle_sharpness
                0x00000000000b9394                lens_get_from_other_picstyle_saturation
                0x00000000000b93c8                lens_get_from_other_picstyle_color_tone
                0x00000000000b93fc                lens_set_contrast
                0x00000000000b9478                lens_set_sharpness
                0x00000000000b94f4                lens_set_saturation
                0x00000000000b9574                lens_set_color_tone
                0x00000000000b95f0                SW1
                0x00000000000b9638                SW2
                0x00000000000b9680                expo_override_active
                0x00000000000b96ac                bv_update_lensinfo
                0x00000000000b970c                bv_apply_tv
                0x00000000000b9758                bv_apply_av
                0x00000000000b97a8                bv_apply_iso
                0x00000000000b992c                bv_set_rawshutter
                0x00000000000b9994                bv_set_rawiso
                0x00000000000b99f4                bv_set_rawaperture
                0x00000000000b9a40                bv_auto_update
                0x00000000000b9c08                lens_set_rawaperture
                0x00000000000b9c44                lens_set_rawiso
                0x00000000000b9c80                lens_set_rawshutter
                0x00000000000b9da0                lens_set_drivemode
                0x00000000000b9dd8                lens_set_wbs_gm
                0x00000000000b9e0c                lens_set_wbs_ba
                0x00000000000b9e40                hdr_set_rawiso
                0x00000000000b9e50                hdr_set_rawshutter
                0x00000000000b9e84                hdr_set_rawaperture
                0x00000000000b9ed8                hdr_set_ae
                0x00000000000b9f10                hdr_set_flash_ae
                0x00000000000b9f44                get_max_analog_iso
                0x00000000000b9f4c                get_max_ae_ev
                0x00000000000b9f54                get_ae_value
                0x00000000000b9f64                get_bv
                0x00000000000ba048                get_ae_state
 *fill*         0x00000000000ba058        0x8 
 .text          0x00000000000ba060      0x468 property.o
                0x00000000000ba140                prop_add_handler
                0x00000000000ba1d0                prop_add_internal_handlers
                0x00000000000ba200                prop_reset_registration
                0x00000000000ba230                prop_init
                0x00000000000ba234                prop_update_registration
                0x00000000000ba24c                prop_request_change
                0x00000000000ba3e8                prop_request_change_wait
 *fill*         0x00000000000ba4c8        0x8 
 .text          0x00000000000ba4d0      0xa04 propvalues.o
                0x00000000000ba92c                is_camera
                0x00000000000ba9e0                is_movie_mode
                0x00000000000ba9fc                set_recording_custom
                0x00000000000baa0c                get_video_mode_name
                0x00000000000badb8                get_display_device_name
 *fill*         0x00000000000baed4        0xc 
 .text          0x00000000000baee0      0xbf0 gui-common.o
                0x00000000000bafa4                is_canon_bottom_bar_dirty
                0x00000000000bafb4                get_last_time_active
                0x00000000000bafc4                handle_other_events
                0x00000000000bb0d0                handle_common_events_startup
                0x00000000000bb14c                reset_pre_shutdown_flag_step
                0x00000000000bb194                check_pre_shutdown_flag
                0x00000000000bb1e8                handle_scrollwheel_fast_clicks
                0x00000000000bb274                handle_flexinfo_keys
                0x00000000000bb27c                handle_common_events_by_feature
                0x00000000000bb4c8                detect_double_click
                0x00000000000bb5c0                get_info_button_name
                0x00000000000bb5cc                gui_uilock
                0x00000000000bb67c                fake_simple_button
                0x00000000000bb6e0                display_is_on
                0x00000000000bb6f8                delayed_call
                0x00000000000bb704                redraw_after
                0x00000000000bb714                get_gui_mode
                0x00000000000bb720                enter_play_mode
                0x00000000000bb7c0                enter_menu_mode
                0x00000000000bb860                exit_play_qr_menu_mode
                0x00000000000bb924                exit_play_qr_mode
                0x00000000000bb958                exit_menu_mode
                0x00000000000bb980                is_pure_play_photo_mode
                0x00000000000bb9cc                is_pure_play_movie_mode
                0x00000000000bba18                is_pure_play_photo_or_movie_mode
                0x00000000000bba40                is_play_or_qr_mode
                0x00000000000bba78                is_play_mode
                0x00000000000bbaa4                is_menu_mode
 .text          0x00000000000bbad0      0x398 chdk-gui_draw.o
                0x00000000000bbad0                draw_line
                0x00000000000bbbc8                draw_circle
                0x00000000000bbd00                fill_circle
                0x00000000000bbdc0                draw_angled_line
 *fill*         0x00000000000bbe68        0x8 
 .text          0x00000000000bbe70     0x116c movtweaks.o
                0x00000000000bbfd4                save_kelvin_wb
                0x00000000000bc010                restore_kelvin_wb
                0x00000000000bc06c                kelvin_wb_workaround_step
                0x00000000000bc09c                set_shooting_mode
                0x00000000000bc104                force_liveview
                0x00000000000bc208                close_liveview
                0x00000000000bc24c                movtweak_task_init
                0x00000000000bc278                movtweak_step
                0x00000000000bc558                get_screen_layout_ptr
                0x00000000000bc5a0                get_screen_layout
                0x00000000000bc5f0                screen_layout_update
                0x00000000000bc60c                screen_layout_toggle
                0x00000000000bc638                rec_notify_continuous
                0x00000000000bc89c                rec_notify_trigger
                0x00000000000bc8dc                bv_enable
                0x00000000000bc9e8                bv_disable
                0x00000000000bca64                bv_toggle
                0x00000000000bca9c                smooth_iso_step
                0x00000000000bcfc4                movie_tweak_menu_init
 *fill*         0x00000000000bcfdc        0x4 
 .text          0x00000000000bcfe0      0x5d0 menuhelp.o
                0x00000000000bcfe0                draw_beta_warning
                0x00000000000bd0f8                draw_404_page
                0x00000000000bd1d4                draw_help_not_installed_page
                0x00000000000bd268                menu_help_show_page
                0x00000000000bd368                menu_help_redraw
                0x00000000000bd39c                menu_help_next_page
                0x00000000000bd3e0                menu_help_prev_page
                0x00000000000bd424                menu_help_go_to_page
                0x00000000000bd444                str_make_lowercase
                0x00000000000bd468                menu_help_go_to_label
 .text          0x00000000000bd5b0       0x78 menuindex.o
 *fill*         0x00000000000bd628        0x8 
 .text          0x00000000000bd630     0x16c4 focus.o
                0x00000000000bdd5c                reset_override_zoom_buttons
                0x00000000000bdd70                LensFocus
                0x00000000000bdd90                LensFocus2
                0x00000000000bdf40                is_follow_focus_active
                0x00000000000bdf48                get_follow_focus_mode
                0x00000000000bdf50                get_follow_focus_dir_v
                0x00000000000bdf6c                get_follow_focus_dir_h
                0x00000000000bdf88                focus_calc_dof
                0x00000000000be2a0                focus_dist_update
                0x00000000000be424                is_focus_stack_enabled
                0x00000000000be44c                is_rack_focus_enabled
                0x00000000000be464                rack_focus_start_now
                0x00000000000be484                lens_focus_start
                0x00000000000be4a4                lens_focus_enqueue_step
                0x00000000000be4d8                lens_focus_stop
                0x00000000000be4ec                get_focus_graph
                0x00000000000be510                can_lv_trap_focus_be_active
                0x00000000000be518                get_lv_focus_confirmation
                0x00000000000be520                get_focus_confirmation
                0x00000000000be52c                is_manual_focus
                0x00000000000be54c                should_override_zoom_buttons
                0x00000000000be6b0                focus_stack_run
                0x00000000000beba0                is_continuous_af
                0x00000000000bebec                handle_rack_focus_menu_overrides
 *fill*         0x00000000000becf4        0xc 
 .text          0x00000000000bed00      0x1c8 notify_box.o
                0x00000000000bedfc                NotifyBoxHide
                0x00000000000bee10                NotifyBox
 *fill*         0x00000000000beec8        0x8 
 .text          0x00000000000beed0      0x260 bootflags.o
                0x00000000000bef10                bootflag_write_bootblock
 .text          0x00000000000bf130       0xb4 dialog_test.o
                0x00000000000bf130                get_current_dialog_handler
                0x00000000000bf154                canon_gui_disable_front_buffer
                0x00000000000bf18c                canon_gui_enable_front_buffer
                0x00000000000bf1d8                canon_gui_front_buffer_disabled
 *fill*         0x00000000000bf1e4        0xc 
 .text          0x00000000000bf1f0      0x918 vram.o
                0x00000000000bf288                vram_params_set_dirty
                0x00000000000bf2d8                _update_vram_params
                0x00000000000bf87c                yuv422_buffer_check
                0x00000000000bf8a8                get_lcd_422_buf
                0x00000000000bf8fc                guess_fastrefresh_direction
                0x00000000000bf968                get_fastrefresh_422_buf
                0x00000000000bf9ec                get_yuv422_vram
                0x00000000000bfa94                get_yuv422_hd_vram
                0x00000000000bfad8                vram_clear_lv
 *fill*         0x00000000000bfb08        0x8 
 .text          0x00000000000bfb10      0x4b4 greenscreen.o
                0x00000000000bfb10                green_screen_step
 *fill*         0x00000000000bffc4        0xc 
 .text          0x00000000000bffd0     0x2564 fps-engio.o
                0x00000000000c086c                EngDrvOutLV
                0x00000000000c0f60                fps_should_record_wav
                0x00000000000c0f68                get_current_tg_freq
                0x00000000000c1320                get_max_shutter_timer
                0x00000000000c1354                get_shutter_speed_us_from_timer
                0x00000000000c1390                was_sound_recording_disabled_by_fps_override
                0x00000000000c13a8                fps_get_current_x1000
                0x00000000000c13e8                fps_override_shutter_blanking
                0x00000000000c159c                get_current_shutter_reciprocal_x1000
                0x00000000000c164c                fps_get_shutter_speed_shift
                0x00000000000c22c8                fps_update_timers_from_evfstate
                0x00000000000c2340                fps_mvr_log
                0x00000000000c23a8                handle_fps_events
                0x00000000000c2480                fps_get_iso_correction_evx8
                0x00000000000c2488                fps_expo_iso_step
                0x00000000000c248c                get_frame_iso
                0x00000000000c249c                set_frame_iso
                0x00000000000c24ac                get_frame_shutter_timer
                0x00000000000c24bc                set_frame_shutter_timer
                0x00000000000c24d4                set_frame_shutter
                0x00000000000c2504                can_set_frame_shutter_timer
                0x00000000000c2520                can_set_frame_iso
                0x00000000000c2524                get_frame_aperture
 *fill*         0x00000000000c2534        0xc 
 .text          0x00000000000c2540     0x84e8 shoot.o
                0x00000000000c255c                is_native_iso
                0x00000000000c25e0                kelvin_n_gm_auto
                0x00000000000c2b2c                iso_toggle
                0x00000000000c2cb0                shutter_toggle
                0x00000000000c2d74                kelvin_toggle
                0x00000000000c4318                aperture_toggle
                0x00000000000c4aac                display_idle
                0x00000000000c4e58                uniwb_is_active
                0x00000000000c5120                is_hdr_bracketing_enabled
                0x00000000000c53b8                is_intervalometer_running
                0x00000000000c53c8                get_interval_count
                0x00000000000c53d8                get_interval_time
                0x00000000000c53e8                set_interval_time
                0x00000000000c53f8                format_time_hours_minutes_seconds
                0x00000000000c54ec                get_bulb_shutter_raw_equiv
                0x00000000000c5508                get_seconds_clock
                0x00000000000c56c0                get_ms_clock
                0x00000000000c5738                get_us_clock
                0x00000000000c57a4                should_run_polling_action
                0x00000000000c57d0                get_trap_focus
                0x00000000000c57e0                set_flash_firing
                0x00000000000c5820                get_afframe_pos
                0x00000000000c58a4                get_afframe_sensor_res
                0x00000000000c58cc                set_lv_zoom
                0x00000000000c598c                get_mlu_delay
                0x00000000000c59b4                focus_box_get_raw_crop_offset
                0x00000000000c5b20                center_lv_afframe
                0x00000000000c5b34                move_lv_afframe
                0x00000000000c5cb8                center_lv_afframe_do
                0x00000000000c6018                handle_lv_afframe_workaround
                0x00000000000c60d4                next_image_in_play_mode
                0x00000000000c6160                ensure_movie_mode
                0x00000000000c61bc                ensure_photo_mode
                0x00000000000c61f4                is_lowgain_iso
                0x00000000000c6264                is_round_iso
                0x00000000000c62b0                get_picstyle_name
                0x00000000000c6690                get_picstyle_shortname
                0x00000000000c67a4                mvr_rec_start_shoot
                0x00000000000c687c                zoom_focus_ring_trigger
                0x00000000000c6900                zoom_focus_ring_engage
                0x00000000000c69a8                handle_zoom_x5_x10
                0x00000000000c6ac8                zoom_sharpen_step
                0x00000000000c6ce0                is_bulb_mode
                0x00000000000c7390                ensure_bulb_mode
                0x00000000000c7438                set_drive_single
                0x00000000000c7464                bulb_take_pic
                0x00000000000c78fc                expo_lock_update_value
                0x00000000000c7914                handle_expo_preset
                0x00000000000c7ae4                hdr_flag_picture_was_taken
                0x00000000000c7af8                hdr_script_get_first_file_number
                0x00000000000c7b34                hdr_create_script
                0x00000000000c7f54                interval_create_script
                0x00000000000c81f4                take_a_pic
                0x00000000000c866c                movie_start
                0x00000000000c8724                movie_end
                0x00000000000c8810                hdr_shot
                0x00000000000c8c58                schedule_remote_shot
                0x00000000000c8c6c                schedule_movie_start
                0x00000000000c8c80                schedule_movie_end
                0x00000000000c8c94                display_shooting_info_lv
                0x00000000000c8c98                display_trap_focus_info
                0x00000000000c8c9c                intervalometer_stop
                0x00000000000c8d04                handle_intervalometer
                0x00000000000c8d4c                wait_till_next_second
                0x00000000000c8d70                is_continuous_drive
                0x00000000000c8d8c                take_fast_pictures
                0x00000000000c8ec0                remote_shot
                0x00000000000caa08                shoot_task_redraw
                0x00000000000caa24                iso_refresh_display
 *fill*         0x00000000000caa28        0x8 
 .text          0x00000000000caa30      0x654 hdr.o
                0x00000000000caafc                hdr_video_enabled
                0x00000000000cab1c                hdr_get_iso_range
                0x00000000000cab50                hdr_step
                0x00000000000caca4                hdr_kill_flicker
                0x00000000000cad8c                get_effective_hdr_iso_for_display
                0x00000000000cafc0                hdr_mvr_log
 *fill*         0x00000000000cb084        0xc 
 .text          0x00000000000cb090      0xad0 lv-img-engio.o
                0x00000000000cb4f4                get_digic_iso_gain_movie
                0x00000000000cb50c                get_digic_iso_gain_photo
                0x00000000000cb524                set_display_gain_equiv
                0x00000000000cb550                set_movie_digital_iso_gain
                0x00000000000cb568                set_movie_digital_iso_gain_for_gradual_expo
                0x00000000000cb578                set_photo_digital_iso_gain_for_bv
                0x00000000000cb588                gain_to_ev_scaled
                0x00000000000cb5c8                digic_iso_print_movie
                0x00000000000cb688                display_gain_print
                0x00000000000cb6d8                digic_iso_or_gain_toggle
                0x00000000000cb770                digic_iso_toggle
                0x00000000000cb7a0                display_gain_toggle
                0x00000000000cb7ac                digic_iso_toggle_movie
                0x00000000000cb7b8                vignetting_correction_apply_regs
                0x00000000000cb87c                shutter_finetune_step
                0x00000000000cb8e4                shutter_finetune_get_adjusted_timer
                0x00000000000cb908                image_effects_step
                0x00000000000cb90c                digic_iso_step
 .text          0x00000000000cbb60      0x268 state-object.o
                0x00000000000cbd2c                wait_lv_frames
 *fill*         0x00000000000cbdc8        0x8 
 .text          0x00000000000cbdd0      0x75c tasks.o
                0x00000000000cbe80                get_current_task_name
                0x00000000000cbf00                get_task_name_from_id
                0x00000000000cbf54                task_update_loads
                0x00000000000cc198                tasks_toggle_flags
                0x00000000000cc1ac                tasks_print
 *fill*         0x00000000000cc52c        0x4 
 .text          0x00000000000cc530       0x5c vsync-lite.o
                0x00000000000cc554                _lv_vsync_signal
                0x00000000000cc568                _lv_vsync
 *fill*         0x00000000000cc58c        0x4 
 .text          0x00000000000cc590      0x630 tskmon.o
                0x00000000000cc5cc                tskmon_trace_thread
                0x00000000000cc8f8                tskmon_update_loads
                0x00000000000cca5c                tskmon_stack_check
                0x00000000000cca78                tskmon_stack_check_all
                0x00000000000cca9c                tskmon_stack_get_max
                0x00000000000ccac0                tskmon_task_dispatch
                0x00000000000ccb48                tskmon_init
                0x00000000000ccb90                tskmon_trace
 .text          0x00000000000ccbc0        0x0 battery.o
 .text          0x00000000000ccbc0      0x7cc imgconv.o
                0x00000000000ccc94                precompute_yuv2rgb
                0x00000000000ccd3c                yuv2rgb
                0x00000000000ccdc0                rgb2yuv422_rec709
                0x00000000000cce88                rgb2yuv422_rec601
                0x00000000000ccf60                rgb2yuv422
                0x00000000000ccf64                uyvy_split
                0x00000000000ccf94                yuv_resize
                0x00000000000cd048                yuv_halfcopy
                0x00000000000cd0dc                yuv411_to_422
                0x00000000000cd140                yuv411_to_rgb
                0x00000000000cd268                yuvcpy_main
                0x00000000000cd2d4                little_cleanup
                0x00000000000cd358                yuv422_get_pixel
 *fill*         0x00000000000cd38c        0x4 
 .text          0x00000000000cd390     0x1a28 histogram.o
                0x00000000000cd970                hist_build_raw
                0x00000000000cdda0                raw_histo_update
                0x00000000000cde5c                hist_draw_image
                0x00000000000ce634                hist_print
                0x00000000000ce748                hist_warn_display
                0x00000000000ce7c4                raw_hist_get_percentile_levels
                0x00000000000cec58                raw_hist_get_percentile_level
                0x00000000000cec84                raw_hist_get_overexposure_percentage
 *fill*         0x00000000000cedb8        0x8 
 .text          0x00000000000cedc0      0x3d8 falsecolor.o
                0x00000000000cedc0                falsecolor_value_ex
                0x00000000000cedd4                falsecolor_value
                0x00000000000cedf4                falsecolor_fordraw
                0x00000000000cee20                draw_false_downsampled
                0x00000000000cf024                falsecolor_palette_name
                0x00000000000cf0b0                falsecolor_palette_preview
                0x00000000000cf118                falsecolor_display
                0x00000000000cf14c                falsecolor_display_palette
 *fill*         0x00000000000cf198        0x8 
 .text          0x00000000000cf1a0      0xa28 audio-ak.o
                0x00000000000cf308                sound_recording_enabled_canon
                0x00000000000cf320                sound_recording_enabled
                0x00000000000cf408                get_audio_levels
                0x00000000000cf414                audio_level_to_db
                0x00000000000cf9f0                input_toggle
                0x00000000000cf9f4                audio_meters_are_drawn
                0x00000000000cf9f8                audio_configure
                0x00000000000cfb60                out_volume_up
                0x00000000000cfb94                out_volume_down
 *fill*         0x00000000000cfbc8        0x8 
 .text          0x00000000000cfbd0     0x7c38 zebra.o
                0x00000000000d0f10                get_y_skip_offset_for_overlays
                0x00000000000d0fd8                get_y_skip_offset_for_histogram
                0x00000000000d1034                lv_luma_is_accurate
                0x00000000000d12b8                digic_zoom_overlay_enabled
                0x00000000000d12c0                focus_peaking_as_display_filter
                0x00000000000d12c8                histogram_or_small_waveform_enabled
                0x00000000000d1340                get_bvram_mirror
                0x00000000000d1ef0                crop_set_dirty
                0x00000000000d1f48                set_movie_cropmarks
                0x00000000000d1fe8                reset_movie_cropmarks
                0x00000000000d2000                get_global_draw
                0x00000000000d2190                get_zoom_overlay_trigger_mode
                0x00000000000d21c0                get_zoom_overlay_trigger_by_focus_ring
                0x00000000000d28a8                cropmark_clear_cache
                0x00000000000d3644                get_global_draw_setting
                0x00000000000d3654                zebra_highlight_raw_advanced
                0x00000000000d39f8                get_under_and_over_exposure
                0x00000000000d3bb4                bvram_mirror_init
                0x00000000000d3c30                get_spot_yuv_ex
                0x00000000000d3e14                get_spot_yuv
                0x00000000000d3e40                get_spot_motion
                0x00000000000d4104                get_spot_focus
                0x00000000000d4220                spotmeter_erase
                0x00000000000d4c20                handle_zoom_overlay
                0x00000000000d4ca8                zoom_overlay_disable
                0x00000000000d4cc0                zoom_overlay_set_countdown
                0x00000000000d4cd0                digic_zoom_overlay_step
                0x00000000000d4cd4                liveview_display_idle
                0x00000000000d4dac                zebra_should_run
                0x00000000000d4e40                should_draw_zoom_overlay
                0x00000000000d4f3c                nondigic_zoom_overlay_enabled
                0x00000000000d5530                should_draw_bottom_graphs
                0x00000000000d558c                draw_histogram_and_waveform
                0x00000000000d5ff8                redraw
                0x00000000000d61b4                lens_display_set_dirty
                0x00000000000d61dc                _redraw_do
                0x00000000000d62b8                is_focus_peaking_enabled
                0x00000000000d6334                update_disp_mode_bits_from_params
                0x00000000000d7400                update_disp_mode_params_from_bits
                0x00000000000d74e8                get_disp_mode
                0x00000000000d74f8                toggle_disp_mode
                0x00000000000d75e0                handle_disp_preset_key
                0x00000000000d769c                handle_overlays_playback
                0x00000000000d7768                peaking_benchmark
 *fill*         0x00000000000d7808        0x8 
 .text          0x00000000000d7810      0x5c8 vectorscope.o
                0x00000000000d79b0                vectorscope_addpixel
                0x00000000000d7adc                vectorscope_should_draw
                0x00000000000d7aec                vectorscope_request_draw
                0x00000000000d7afc                vectorscope_start
                0x00000000000d7b38                vectorscope_redraw
 *fill*         0x00000000000d7dd8        0x8 
 .text          0x00000000000d7de0       0x1c beep.o
                0x00000000000d7de0                unsafe_beep
                0x00000000000d7de4                beep
                0x00000000000d7de8                Beep
                0x00000000000d7dec                beep_times
                0x00000000000d7df0                WAV_StartRecord
                0x00000000000d7df4                WAV_StopRecord
                0x00000000000d7df8                beep_custom
 *fill*         0x00000000000d7dfc        0x4 
 .text          0x00000000000d7e00      0x214 crop-mode-hack.o
                0x00000000000d7e4c                crop_mode_hack_init
                0x00000000000d7f00                is_crop_hack_supported
                0x00000000000d7f44                movie_crop_hack_enable
                0x00000000000d7f98                movie_crop_hack_disable
 *fill*         0x00000000000d8014        0xc 
 .text          0x00000000000d8020       0x28 ph_info_disp.o
                0x00000000000d8020                display_shooting_info
 *fill*         0x00000000000d8048        0x8 
 .text          0x00000000000d8050     0x164c flexinfo.o
                0x00000000000d80fc                info_trim_string
                0x00000000000d817c                info_get_cardmaker
                0x00000000000d8184                info_get_cardmodel
                0x00000000000d818c                info_get_cardlabel
                0x00000000000d8194                info_get_string
                0x00000000000d8d40                info_measure_string
                0x00000000000d8ddc                info_get_anchor_offset
                0x00000000000d8e34                info_get_by_name
                0x00000000000d8e78                info_get_absolute
                0x00000000000d8f84                info_resolve_color
                0x00000000000d8ff8                info_print_string
                0x00000000000d913c                info_print_text
                0x00000000000d9260                info_print_fill
                0x00000000000d92c4                info_print_icon
                0x00000000000d92e0                info_print_battery_perf
                0x00000000000d934c                info_print_battery_icon
                0x00000000000d9378                info_get_next_z
                0x00000000000d93a8                info_print_element
                0x00000000000d9430                info_print_config
                0x00000000000d9518                info_print_screen
                0x00000000000d95a0                info_add_item
                0x00000000000d964c                info_free_item
 *fill*         0x00000000000d969c        0x4 
 .text          0x00000000000d96a0      0x3f0 screenshot.o
                0x00000000000d96a0                take_screenshot
 .text          0x00000000000d9a90      0x1c4 fileprefix.o
                0x00000000000d9ac4                get_file_prefix
                0x00000000000d9ad0                file_prefix_set
                0x00000000000d9bc4                file_prefix_reset
 *fill*         0x00000000000d9c54        0xc 
 .text          0x00000000000d9c60      0xc38 lvinfo.o
                0x00000000000da5d8                lvinfo_add_items
                0x00000000000da660                lvinfo_add_item
                0x00000000000da668                lvinfo_display
 .text          0x00000000000da898      0x320 builtin-enforcing.o
                0x00000000000da898                unused_dummy_func
 *fill*         0x00000000000dabb8        0x8 
 .text          0x00000000000dabc0      0xe90 powersave.o
                0x00000000000dabe8                idle_globaldraw_dis
                0x00000000000dac00                idle_globaldraw_en
                0x00000000000dad58                idle_kill_flicker
                0x00000000000dafa4                powersave_prolong
                0x00000000000dafcc                powersave_prohibit
                0x00000000000daff4                powersave_permit
                0x00000000000db01c                PauseLiveView
                0x00000000000db130                display_on
                0x00000000000db138                display_off
                0x00000000000db228                idle_led_blink_step
                0x00000000000db2e4                idle_is_powersave_enabled
                0x00000000000db31c                idle_is_powersave_enabled_on_info_disp_key
                0x00000000000db344                idle_is_powersave_active
                0x00000000000db3ac                idle_force_powersave_in_1s
                0x00000000000db3e8                idle_force_powersave_now
                0x00000000000db424                handle_powersave_key
                0x00000000000db4bc                idle_wakeup_reset_counters
                0x00000000000db530                ResumeLiveView
                0x00000000000db768                idle_powersave_step
 .text          0x00000000000dba50      0x630 ml-cbr.o
                0x00000000000dbb28                ml_register_cbr
                0x00000000000dbd00                ml_unregister_cbr
                0x00000000000dbde4                ml_notify_cbr
                0x00000000000dbea4                debug_cbr_tree
                0x00000000000dbf38                _ml_cbr_init
 .text          0x00000000000dc080     0x3554 raw.o
                0x00000000000dc0b8                raw_red_pixel
                0x00000000000dc0f8                raw_green_pixel
                0x00000000000dc13c                raw_blue_pixel
                0x00000000000dc184                raw_red_pixel_dark
                0x00000000000dc1ec                raw_green_pixel_dark
                0x00000000000dc25c                raw_blue_pixel_dark
                0x00000000000dc2d0                raw_red_pixel_bright
                0x00000000000dc338                raw_green_pixel_bright
                0x00000000000dc3a8                raw_blue_pixel_bright
                0x00000000000dd590                raw_set_dirty
                0x00000000000dd5a4                raw_set_preview_rect
                0x00000000000dd690                raw_set_geometry
                0x00000000000dd7d4                raw_get_pixel
                0x00000000000ddb8c                raw_get_pixel_ex
                0x00000000000ddca0                raw_set_pixel
                0x00000000000dde50                raw_get_gray_pixel
                0x00000000000de060                raw_to_ev
                0x00000000000de168                ev_to_raw
                0x00000000000de1cc                raw_lv_redirect_edmac
                0x00000000000de1e0                raw_lv_vsync
                0x00000000000de2cc                _raw_lv_get_iso_post_gain
                0x00000000000de2f8                raw_lv_settings_still_valid
                0x00000000000de360                raw_preview_fast_ex
                0x00000000000de42c                raw_preview_fast
                0x00000000000de48c                raw_lv_is_enabled
                0x00000000000de49c                raw_lv_request_bpp
                0x00000000000de58c                raw_lv_request_digital_gain
                0x00000000000de618                raw_force_aspect_ratio
                0x00000000000de740                get_dxo_dynamic_range
                0x00000000000de7e0                can_use_raw_overlays_photo
                0x00000000000df20c                raw_update_params
                0x00000000000df368                raw_lv_request
                0x00000000000df3d0                raw_lv_release
                0x00000000000df430                can_use_raw_overlays
                0x00000000000df4d8                can_use_raw_overlays_menu
                0x00000000000df558                menu_set_warning_raw
                0x00000000000df5ac                menu_checkdep_raw
 *fill*         0x00000000000df5d4        0xc 
 .text          0x00000000000df5e0     0x13d4 chdk-dng.o
                0x00000000000e0364                reverse_bytes_order
                0x00000000000e042c                dng_set_thumbnail_size
                0x00000000000e0440                dng_set_camname
                0x00000000000e0454                dng_set_camserial
                0x00000000000e0468                dng_set_description
                0x00000000000e047c                dng_set_lensmodel
                0x00000000000e0490                dng_set_focal
                0x00000000000e04a4                dng_set_aperture
                0x00000000000e04b8                dng_set_shutter
                0x00000000000e04cc                dng_set_framerate
                0x00000000000e04e4                dng_set_framerate_rational
                0x00000000000e04f8                dng_set_iso
                0x00000000000e0508                dng_set_wbgain
                0x00000000000e0534                dng_set_datetime
                0x00000000000e0568                save_dng
 *fill*         0x00000000000e09b4        0xc 
 .text          0x00000000000e09c0      0x798 edmac-memcpy.o
                0x00000000000e0ab8                edmac_memcpy_res_lock
                0x00000000000e0af0                edmac_memcpy_res_unlock
                0x00000000000e0b00                edmac_copy_rectangle_cbr_start
                0x00000000000e0ce8                edmac_copy_rectangle_adv_cleanup
                0x00000000000e0d38                edmac_copy_rectangle_adv_finish
                0x00000000000e0d70                edmac_copy_rectangle_adv_start
                0x00000000000e0dd4                edmac_copy_rectangle_adv
                0x00000000000e0e28                edmac_copy_rectangle
                0x00000000000e0e5c                edmac_copy_rectangle_start
                0x00000000000e0e90                edmac_copy_rectangle_finish
                0x00000000000e0e94                edmac_memset
                0x00000000000e0f64                edmac_find_divider
                0x00000000000e0fec                edmac_memcpy_start
                0x00000000000e1098                edmac_memcpy_finish
                0x00000000000e109c                edmac_memcpy
                0x00000000000e10b4                edmac_raw_slurp
 *fill*         0x00000000000e1158        0x8 
 .text          0x00000000000e1160     0x1d94 patch.o
                0x00000000000e2280                _reapply_cache_patches
                0x00000000000e234c                _patch_sync_caches
                0x00000000000e23fc                sync_caches
                0x00000000000e2590                unpatch_memory
                0x00000000000e2900                patch_memory
                0x00000000000e2918                patch_instruction
                0x00000000000e2930                patch_engio_list
                0x00000000000e296c                unpatch_engio_list
                0x00000000000e299c                patch_memory_matrix
                0x00000000000e2bf4                patch_memory_ex
                0x00000000000e2c38                patch_memory_array
                0x00000000000e2c88                patch_hook_function
 *fill*         0x00000000000e2ef4        0xc 
 .text          0x00000000000e2f00      0x838 console.o
                0x00000000000e33b4                console_show
                0x00000000000e33c8                console_hide
                0x00000000000e33ec                console_toggle
                0x00000000000e3408                console_clear
                0x00000000000e342c                console_puts
                0x00000000000e3680                console_draw_from_menu
                0x00000000000e369c                printf
                0x00000000000e371c                puts
 *fill*         0x00000000000e3738        0x8 
 .text          0x00000000000e3740      0x180 tcc-glue.o
                0x00000000000e3740                _tcc_exit
                0x00000000000e3764                _tcc_open
                0x00000000000e382c                _tcc_read
                0x00000000000e3874                _tcc_close
                0x00000000000e3884                _tcc_lseek
 .text          0x00000000000e38c0     0x4218 ../../tcc/libtccx.o
                0x00000000000e450c                tcc_delete
                0x00000000000e4904                tcc_add_file
                0x00000000000e4a9c                tcc_add_symbol
                0x00000000000e4c0c                tcc_new
                0x00000000000e4e50                tcc_set_options
                0x00000000000e5c48                tcc_get_symbol
                0x00000000000e76e8                tcc_load_offline_section
                0x00000000000e7a08                tcc_relocate
 *fill*         0x00000000000e7ad8        0x8 
 .text          0x00000000000e7ae0     0x2968 module.o
                0x00000000000e8a5c                config_preset_scan
                0x00000000000e8d80                module_load
                0x00000000000e8e18                module_get_symbol
                0x00000000000e8e24                module_exec
                0x00000000000e8fd0                module_unload
                0x00000000000e8fe0                module_exec_cbr
                0x00000000000e905c                module_translate_key
                0x00000000000e947c                module_send_keypress
                0x00000000000e94e8                handle_module_keys
                0x00000000000e95f0                module_display_filter_enabled
                0x00000000000e9668                module_display_filter_update
                0x00000000000e9704                module_get_string
                0x00000000000ea1a4                module_get_name
                0x00000000000ea1c0                module_get_next_loaded
                0x00000000000ea20c                module_get_config_var
                0x00000000000ea27c                module_config_var_lookup
                0x00000000000ea2e0                module_save_configs
                0x00000000000ea384                module_shutdown
 .text          0x00000000000ea448       0x28 dietlibc.a(strrchr.o)
                0x00000000000ea448                strrchr
                0x00000000000ea448                rindex
 .text          0x00000000000ea470       0x20 dietlibc.a(strncpy.o)
                0x00000000000ea470                strncpy
 .text          0x00000000000ea490       0x1c dietlibc.a(strlen.o)
                0x00000000000ea490                strlen
 .text          0x00000000000ea4ac       0x38 dietlibc.a(strncmp.o)
                0x00000000000ea4ac                strncmp
 .text          0x00000000000ea4e4       0x1c dietlibc.a(strcpy.o)
                0x00000000000ea4e4                strcpy
 .text          0x00000000000ea500       0x30 dietlibc.a(strcmp.o)
                0x00000000000ea500                strcoll
                0x00000000000ea500                strcmp
 .text          0x00000000000ea530       0x44 dietlibc.a(strcasecmp.o)
                0x00000000000ea530                strcasecmp
 .text          0x00000000000ea574      0x208 dietlibc.a(strtoull.o)
                0x00000000000ea574                strtoumax
                0x00000000000ea574                strtoull
                0x00000000000ea574                strtouq
 .text          0x00000000000ea77c       0xdc dietlibc.a(strtol.o)
                0x00000000000ea77c                strtol
 .text          0x00000000000ea858      0x19c dietlibc.a(strtoul.o)
                0x00000000000ea858                strtoul
 .text          0x00000000000ea9f4       0x2c dietlibc.a(strchr.o)
                0x00000000000ea9f4                index
                0x00000000000ea9f4                strchr
 .text          0x00000000000eaa20       0x8c dietlibc.a(strstr.o)
                0x00000000000eaa20                strstr
 .text          0x00000000000eaaac       0x38 dietlibc.a(memcmp.o)
                0x00000000000eaaac                bcmp
                0x00000000000eaaac                memcmp
 .text          0x00000000000eaae4       0x68 dietlibc.a(memmove.o)
                0x00000000000eaae4                memmove
 .text          0x00000000000eab4c       0x7c dietlibc.a(atol.o)
                0x00000000000eab4c                atol
                0x00000000000eab4c                atoi
 .text          0x00000000000eabc8        0x0 dietlibc.a(errno.o)
 .text          0x00000000000eabc8        0xc dietlibc.a(errno_location.o)
                0x00000000000eabc8                __errno_location
 .text          0x00000000000eabd4       0x2c newlib-libc.a(lib_a-setjmp.o)
                0x00000000000eabd4                setjmp
                0x00000000000eabe8                longjmp
 .text          0x00000000000eac00      0x168 newlib-libc.a(lib_a-memcpy-stub.o)
                0x00000000000eac00                memcpy
 .text          0x00000000000ead68       0xac newlib-libc.a(lib_a-memccpy.o)
                0x00000000000ead68                memccpy
 .text          0x00000000000eae14      0x188 newlib-libc.a(lib_a-memset.o)
                0x00000000000eae14                memset
 .text          0x00000000000eaf9c       0xd0 newlib-libm.a(lib_a-sf_ceil.o)
                0x00000000000eaf9c                ceilf
 .text          0x00000000000eb06c       0xa4 newlib-libm.a(lib_a-sf_cos.o)
                0x00000000000eb06c                cosf
 .text          0x00000000000eb110       0x88 newlib-libm.a(lib_a-sf_frexp.o)
                0x00000000000eb110                frexpf
 .text          0x00000000000eb198       0x1c newlib-libm.a(lib_a-sf_log2.o)
                0x00000000000eb198                log2f
 .text          0x00000000000eb1b4       0x7c newlib-libm.a(lib_a-sf_round.o)
                0x00000000000eb1b4                roundf
 .text          0x00000000000eb230       0xbc newlib-libm.a(lib_a-sf_sin.o)
                0x00000000000eb230                sinf
 .text          0x00000000000eb2ec       0x74 newlib-libm.a(lib_a-sf_tan.o)
                0x00000000000eb2ec                tanf
 .text          0x00000000000eb360      0x10c newlib-libm.a(lib_a-wf_acos.o)
                0x00000000000eb360                acosf
 .text          0x00000000000eb46c      0x10c newlib-libm.a(lib_a-wf_asin.o)
                0x00000000000eb46c                asinf
 .text          0x00000000000eb578       0x10 newlib-libm.a(lib_a-wf_atan2.o)
                0x00000000000eb578                atan2f
 .text          0x00000000000eb588      0x178 newlib-libm.a(lib_a-wf_exp.o)
                0x00000000000eb588                expf
 .text          0x00000000000eb700      0x13c newlib-libm.a(lib_a-wf_fmod.o)
                0x00000000000eb700                fmodf
 .text          0x00000000000eb83c      0x164 newlib-libm.a(lib_a-wf_log10.o)
                0x00000000000eb83c                log10f
 .text          0x00000000000eb9a0      0x164 newlib-libm.a(lib_a-wf_log.o)
                0x00000000000eb9a0                logf
 .text          0x00000000000ebb04      0x504 newlib-libm.a(lib_a-wf_pow.o)
                0x00000000000ebb04                powf
 .text          0x00000000000ec008      0x11c newlib-libm.a(lib_a-wf_sqrt.o)
                0x00000000000ec008                sqrtf
 .text          0x00000000000ec124      0x3bc newlib-libm.a(lib_a-ef_acos.o)
                0x00000000000ec124                __ieee754_acosf
 .text          0x00000000000ec4e0      0x38c newlib-libm.a(lib_a-ef_asin.o)
                0x00000000000ec4e0                __ieee754_asinf
 .text          0x00000000000ec86c      0x1b4 newlib-libm.a(lib_a-ef_atan2.o)
                0x00000000000ec86c                __ieee754_atan2f
 .text          0x00000000000eca20      0x2b4 newlib-libm.a(lib_a-ef_exp.o)
                0x00000000000eca20                __ieee754_expf
 .text          0x00000000000eccd4      0x18c newlib-libm.a(lib_a-ef_fmod.o)
                0x00000000000eccd4                __ieee754_fmodf
 .text          0x00000000000ece60       0xf8 newlib-libm.a(lib_a-ef_log10.o)
                0x00000000000ece60                __ieee754_log10f
 .text          0x00000000000ecf58      0x3b8 newlib-libm.a(lib_a-ef_log.o)
                0x00000000000ecf58                __ieee754_logf
 .text          0x00000000000ed310      0x998 newlib-libm.a(lib_a-ef_pow.o)
                0x00000000000ed310                __ieee754_powf
 .text          0x00000000000edca8      0x454 newlib-libm.a(lib_a-ef_rem_pio2.o)
                0x00000000000edca8                __ieee754_rem_pio2f
 .text          0x00000000000ee0fc      0x114 newlib-libm.a(lib_a-ef_sqrt.o)
                0x00000000000ee0fc                __ieee754_sqrtf
 .text          0x00000000000ee210      0x214 newlib-libm.a(lib_a-kf_cos.o)
                0x00000000000ee210                __kernel_cosf
 .text          0x00000000000ee424      0x950 newlib-libm.a(lib_a-kf_rem_pio2.o)
                0x00000000000ee424                __kernel_rem_pio2f
 .text          0x00000000000eed74      0x14c newlib-libm.a(lib_a-kf_sin.o)
                0x00000000000eed74                __kernel_sinf
 .text          0x00000000000eeec0      0x360 newlib-libm.a(lib_a-kf_tan.o)
                0x00000000000eeec0                __kernel_tanf
 .text          0x00000000000ef220      0x2fc newlib-libm.a(lib_a-sf_atan.o)
                0x00000000000ef220                atanf
 .text          0x00000000000ef51c        0x8 newlib-libm.a(lib_a-sf_fabs.o)
                0x00000000000ef51c                fabsf
 .text          0x00000000000ef524       0x1c newlib-libm.a(lib_a-sf_finite.o)
                0x00000000000ef524                finitef
 .text          0x00000000000ef540       0xd4 newlib-libm.a(lib_a-sf_floor.o)
                0x00000000000ef540                floorf
 .text          0x00000000000ef614       0x6c newlib-libm.a(lib_a-sf_fpclassify.o)
                0x00000000000ef614                __fpclassifyf
 .text          0x00000000000ef680        0xc newlib-libm.a(lib_a-sf_nan.o)
                0x00000000000ef680                nanf
 .text          0x00000000000ef68c      0x11c newlib-libm.a(lib_a-sf_scalbn.o)
                0x00000000000ef68c                scalbnf
 .text          0x00000000000ef7a8        0x0 newlib-libm.a(lib_a-s_lib_ver.o)
 .text          0x00000000000ef7a8        0x8 newlib-libm.a(lib_a-s_matherr.o)
                0x00000000000ef7a8                matherr
 .text          0x00000000000ef7b0       0x10 newlib-libm.a(lib_a-s_nan.o)
                0x00000000000ef7b0                nan
 .text          0x00000000000ef7c0      0x1a0 newlib-libm.a(lib_a-s_rint.o)
                0x00000000000ef7c0                rint
 .text          0x00000000000ef960       0x10 newlib-libm.a(lib_a-sf_copysign.o)
                0x00000000000ef960                copysignf
 .text          0x00000000000ef970      0x114 gcc-libgcc.a(_udivsi3.o)
                0x00000000000ef970                __udivsi3
                0x00000000000ef970                __aeabi_uidiv
                0x00000000000efa64                __aeabi_uidivmod
 .text          0x00000000000efa84      0x148 gcc-libgcc.a(_divsi3.o)
                0x00000000000efa84                __aeabi_idiv
                0x00000000000efa84                __divsi3
                0x00000000000efbac                __aeabi_idivmod
 .text          0x00000000000efbcc        0x4 gcc-libgcc.a(_dvmd_tls.o)
                0x00000000000efbcc                __aeabi_ldiv0
                0x00000000000efbcc                __aeabi_idiv0
 .text          0x00000000000efbd0      0x41c gcc-libgcc.a(_arm_addsubdf3.o)
                0x00000000000efbd0                __aeabi_drsub
                0x00000000000efbd8                __subdf3
                0x00000000000efbd8                __aeabi_dsub
                0x00000000000efbdc                __aeabi_dadd
                0x00000000000efbdc                __adddf3
                0x00000000000efeec                __aeabi_ui2d
                0x00000000000efeec                __floatunsidf
                0x00000000000eff10                __floatsidf
                0x00000000000eff10                __aeabi_i2d
                0x00000000000eff38                __extendsfdf2
                0x00000000000eff38                __aeabi_f2d
                0x00000000000eff78                __aeabi_ul2d
                0x00000000000eff78                __floatundidf
                0x00000000000eff8c                __aeabi_l2d
                0x00000000000eff8c                __floatdidf
 .text          0x00000000000effec      0x49c gcc-libgcc.a(_arm_muldivdf3.o)
                0x00000000000effec                __aeabi_dmul
                0x00000000000effec                __muldf3
                0x00000000000f027c                __aeabi_ddiv
                0x00000000000f027c                __divdf3
 .text          0x00000000000f0488      0x144 gcc-libgcc.a(_arm_cmpdf2.o)
                0x00000000000f0488                __gedf2
                0x00000000000f0488                __gtdf2
                0x00000000000f0490                __ledf2
                0x00000000000f0490                __ltdf2
                0x00000000000f0498                __cmpdf2
                0x00000000000f0498                __eqdf2
                0x00000000000f0498                __nedf2
                0x00000000000f0520                __aeabi_cdrcmple
                0x00000000000f053c                __aeabi_cdcmple
                0x00000000000f053c                __aeabi_cdcmpeq
                0x00000000000f0554                __aeabi_dcmpeq
                0x00000000000f056c                __aeabi_dcmplt
                0x00000000000f0584                __aeabi_dcmple
                0x00000000000f059c                __aeabi_dcmpge
                0x00000000000f05b4                __aeabi_dcmpgt
 .text          0x00000000000f05cc       0x5c gcc-libgcc.a(_arm_fixdfsi.o)
                0x00000000000f05cc                __fixdfsi
                0x00000000000f05cc                __aeabi_d2iz
 .text          0x00000000000f0628       0xa0 gcc-libgcc.a(_arm_truncdfsf2.o)
                0x00000000000f0628                __aeabi_d2f
                0x00000000000f0628                __truncdfsf2
 .text          0x00000000000f06c8      0x2ac gcc-libgcc.a(_arm_addsubsf3.o)
                0x00000000000f06c8                __aeabi_frsub
                0x00000000000f06d0                __aeabi_fsub
                0x00000000000f06d0                __subsf3
                0x00000000000f06d4                __aeabi_fadd
                0x00000000000f06d4                __addsf3
                0x00000000000f0890                __aeabi_ui2f
                0x00000000000f0890                __floatunsisf
                0x00000000000f0898                __floatsisf
                0x00000000000f0898                __aeabi_i2f
                0x00000000000f08b8                __aeabi_ul2f
                0x00000000000f08b8                __floatundisf
                0x00000000000f08c8                __aeabi_l2f
                0x00000000000f08c8                __floatdisf
 .text          0x00000000000f0974      0x2f8 gcc-libgcc.a(_arm_muldivsf3.o)
                0x00000000000f0974                __mulsf3
                0x00000000000f0974                __aeabi_fmul
                0x00000000000f0b0c                __divsf3
                0x00000000000f0b0c                __aeabi_fdiv
 .text          0x00000000000f0c6c      0x114 gcc-libgcc.a(_arm_cmpsf2.o)
                0x00000000000f0c6c                __gesf2
                0x00000000000f0c6c                __gtsf2
                0x00000000000f0c74                __ltsf2
                0x00000000000f0c74                __lesf2
                0x00000000000f0c7c                __nesf2
                0x00000000000f0c7c                __eqsf2
                0x00000000000f0c7c                __cmpsf2
                0x00000000000f0ce0                __aeabi_cfrcmple
                0x00000000000f0cf0                __aeabi_cfcmpeq
                0x00000000000f0cf0                __aeabi_cfcmple
                0x00000000000f0d08                __aeabi_fcmpeq
                0x00000000000f0d20                __aeabi_fcmplt
                0x00000000000f0d38                __aeabi_fcmple
                0x00000000000f0d50                __aeabi_fcmpge
                0x00000000000f0d68                __aeabi_fcmpgt
 .text          0x00000000000f0d80       0x5c gcc-libgcc.a(_arm_fixsfsi.o)
                0x00000000000f0d80                __fixsfsi
                0x00000000000f0d80                __aeabi_f2iz
 .text          0x00000000000f0ddc       0x54 gcc-libgcc.a(_arm_fixunssfsi.o)
                0x00000000000f0ddc                __aeabi_f2uiz
                0x00000000000f0ddc                __fixunssfsi
 .text          0x00000000000f0e30       0xd4 gcc-libgcc.a(_aeabi_ldivmod.o)
                0x00000000000f0e30                __aeabi_ldivmod
 .text          0x00000000000f0f04       0x3c gcc-libgcc.a(_aeabi_uldivmod.o)
                0x00000000000f0f04                __aeabi_uldivmod
 .text          0x00000000000f0f40       0x44 gcc-libgcc.a(_popcountsi2.o)
                0x00000000000f0f40                __popcountsi2
 .text          0x00000000000f0f84       0x40 gcc-libgcc.a(_fixsfdi.o)
                0x00000000000f0f84                __aeabi_f2lz
                0x00000000000f0f84                __fixsfdi
 .text          0x00000000000f0fc4       0x70 gcc-libgcc.a(_fixunssfdi.o)
                0x00000000000f0fc4                __aeabi_f2ulz
                0x00000000000f0fc4                __fixunssfdi
 .text          0x00000000000f1034      0x12c gcc-libgcc.a(_udivmoddi4.o)
                0x00000000000f1034                __udivmoddi4
 .text          0x00000000000f1160       0x54 gcc-libgcc.a(_arm_fixunsdfsi.o)
                0x00000000000f1160                __fixunsdfsi
                0x00000000000f1160                __aeabi_d2uiz
 .text          0x00000000000f11b4       0x28 gcc-libgcc.a(_clzdi2.o)
                0x00000000000f11b4                __clzdi2
 .text          0x00000000000f11dc       0x48 gcc-libgcc.a(_clzsi2.o)
                0x00000000000f11dc                __clzsi2
 *fill*         0x00000000000f1224        0x4 
 .text.__stub   0x00000000000f1228      0x170 linker stubs
                0x00000000000f1398                _text_end = .
                0x00000000000f13c0                . = ALIGN (0x40)
 *fill*         0x00000000000f1398       0x28 
                0x00000000000f13c0                _rodata_start = .
 *(.rodata)
 .rodata        0x00000000000f13c0       0x4d version.o
                0x00000000000f13c0                build_user
                0x00000000000f13d3                build_date
                0x00000000000f13eb                build_id
                0x00000000000f13f1                build_version
 .rodata        0x00000000000f140d       0x35 fio-ml.o
 .rodata        0x00000000000f1442       0x31 mem.o
 *fill*         0x00000000000f1473        0x1 
 .rodata        0x00000000000f1474      0xd38 ico.o
                0x00000000000f1474                menu_icons_body
 .rodata        0x00000000000f21ac      0x14c edmac.o
 .rodata        0x00000000000f22f8      0x14c menu.o
 .rodata        0x00000000000f2444       0x15 debug.o
 .rodata        0x00000000000f2459        0xb util.o
 .rodata        0x00000000000f2464       0xb1 exmem.o
 .rodata        0x00000000000f2515       0x51 bmp.o
 *fill*         0x00000000000f2566        0x2 
 .rodata        0x00000000000f2568       0x2c config.o
 .rodata        0x00000000000f2594       0x1d stdio.o
 *fill*         0x00000000000f25b1        0x3 
 .rodata        0x00000000000f25b4       0xcc tweaks.o
 .rodata        0x00000000000f2680      0x3a1 lens.o
 .rodata        0x00000000000f2a21       0x14 property.o
 .rodata        0x00000000000f2a35       0x24 movtweaks.o
 *fill*         0x00000000000f2a59        0x3 
 .rodata        0x00000000000f2a5c      0x144 fps-engio.o
 .rodata        0x00000000000f2ba0      0x230 shoot.o
 .rodata        0x00000000000f2dd0       0x44 lv-img-engio.o
 .rodata        0x00000000000f2e14       0x13 state-object.o
 .rodata        0x00000000000f2e27       0x23 tasks.o
 .rodata        0x00000000000f2e4a        0x8 histogram.o
 *fill*         0x00000000000f2e52        0x2 
 .rodata        0x00000000000f2e54       0x88 zebra.o
 .rodata        0x00000000000f2edc       0x1e crop-mode-hack.o
 *fill*         0x00000000000f2efa        0x2 
 .rodata        0x00000000000f2efc       0x58 powersave.o
 .rodata        0x00000000000f2f54       0x63 ml-cbr.o
 *fill*         0x00000000000f2fb7        0x1 
 .rodata        0x00000000000f2fb8       0xc8 raw.o
 .rodata        0x00000000000f3080      0x104 chdk-dng.o
 .rodata        0x00000000000f3184       0x31 edmac-memcpy.o
 *fill*         0x00000000000f31b5        0x3 
 .rodata        0x00000000000f31b8      0x1b8 ../../tcc/libtccx.o
 .rodata        0x00000000000f3370       0x2d module.o
 *fill*         0x00000000000f339d        0x3 
 .rodata        0x00000000000f33a0       0x18 newlib-libm.a(lib_a-ef_exp.o)
 .rodata        0x00000000000f33b8        0x8 newlib-libm.a(lib_a-ef_fmod.o)
 .rodata        0x00000000000f33c0       0x18 newlib-libm.a(lib_a-ef_pow.o)
 .rodata        0x00000000000f33d8      0x398 newlib-libm.a(lib_a-ef_rem_pio2.o)
 .rodata        0x00000000000f3770       0x38 newlib-libm.a(lib_a-kf_rem_pio2.o)
 .rodata        0x00000000000f37a8       0x20 newlib-libm.a(lib_a-sf_atan.o)
 .rodata        0x00000000000f37c8       0x10 newlib-libm.a(lib_a-s_rint.o)
                0x00000000000f37d8                _rodata_end = .
                0x00000000000f37d8                _data_start = .

.rodata.str1.1  0x00000000000f37d8     0xc348
 .rodata.str1.1
                0x00000000000f37d8       0x46 backtrace.o
 .rodata.str1.1
                0x00000000000f381e       0xdc boot-hack.o
                                         0xdf (size before relaxing)
 .rodata.str1.1
                0x00000000000f38fa      0x129 fio-ml.o
                                        0x135 (size before relaxing)
 .rodata.str1.1
                0x00000000000f3a23      0x5c6 mem.o
                                        0x630 (size before relaxing)
 .rodata.str1.1
                0x00000000000f3fe9       0x12 edmac.o
 .rodata.str1.1
                0x00000000000f3fe9      0xd28 menu.o
                                        0xdc7 (size before relaxing)
 .rodata.str1.1
                0x00000000000f4d11      0xb70 debug.o
                                        0xc02 (size before relaxing)
 .rodata.str1.1
                0x00000000000f5881       0x12 posix.o
 .rodata.str1.1
                0x00000000000f5893       0x16 util.o
 .rodata.str1.1
                0x00000000000f58a9       0x12 electronic_level.o
 .rodata.str1.1
                0x00000000000f58a9       0x28 picstyle.o
 .rodata.str1.1
                0x00000000000f58d1      0x19a exmem.o
                                        0x1ae (size before relaxing)
 .rodata.str1.1
                0x00000000000f5a6b       0x7f bmp.o
                                         0x88 (size before relaxing)
 .rodata.str1.1
                0x00000000000f5aea       0x78 rbf_font.o
 .rodata.str1.1
                0x00000000000f5b62      0x11f movie_menu_raw_only.o
                                        0x12f (size before relaxing)
 .rodata.str1.1
                0x00000000000f5c81      0x54b config.o
                                        0x5bd (size before relaxing)
 .rodata.str1.1
                0x00000000000f61cc       0x3d stdio.o
                                         0x41 (size before relaxing)
 .rodata.str1.1
                0x00000000000f6209      0x515 bitrate.o
                                        0x52c (size before relaxing)
 .rodata.str1.1
                0x00000000000f671e     0x1027 tweaks.o
                                       0x107c (size before relaxing)
 .rodata.str1.1
                0x00000000000f7745      0x94d lens.o
                                        0xa50 (size before relaxing)
 .rodata.str1.1
                0x00000000000f8092       0x70 property.o
 .rodata.str1.1
                0x00000000000f8102       0xea propvalues.o
                                         0xf7 (size before relaxing)
 .rodata.str1.1
                0x00000000000f81ec       0x7c gui-common.o
                                         0x82 (size before relaxing)
 .rodata.str1.1
                0x00000000000f8268      0x4ea movtweaks.o
                                        0x510 (size before relaxing)
 .rodata.str1.1
                0x00000000000f8752      0x2f3 menuhelp.o
                                        0x352 (size before relaxing)
 .rodata.str1.1
                0x00000000000f8a45      0x100 menuindex.o
                                        0x13a (size before relaxing)
 .rodata.str1.1
                0x00000000000f8b45      0x9ca focus.o
                                        0x9d8 (size before relaxing)
 .rodata.str1.1
                0x00000000000f950f       0x42 notify_box.o
 .rodata.str1.1
                0x00000000000f9551       0x74 bootflags.o
 .rodata.str1.1
                0x00000000000f95c5       0x49 vram.o
 .rodata.str1.1
                0x00000000000f960e       0x4b greenscreen.o
 .rodata.str1.1
                0x00000000000f9659      0x6d6 fps-engio.o
                                        0x721 (size before relaxing)
 .rodata.str1.1
                0x00000000000f9d2f     0x2736 shoot.o
                                       0x2916 (size before relaxing)
 .rodata.str1.1
                0x00000000000fc465      0x106 hdr.o
                                        0x123 (size before relaxing)
 .rodata.str1.1
                0x00000000000fc56b      0x1bc lv-img-engio.o
                                        0x1ea (size before relaxing)
 .rodata.str1.1
                0x00000000000fc727       0x55 state-object.o
 .rodata.str1.1
                0x00000000000fc77c       0xbb tasks.o
                                         0xc2 (size before relaxing)
 .rodata.str1.1
                0x00000000000fc837        0xf vsync-lite.o
 .rodata.str1.1
                0x00000000000fc846       0xa1 tskmon.o
                                         0xb9 (size before relaxing)
 .rodata.str1.1
                0x00000000000fc8e7      0x174 histogram.o
                                        0x196 (size before relaxing)
 .rodata.str1.1
                0x00000000000fca5b       0x64 falsecolor.o
 .rodata.str1.1
                0x00000000000fcabf      0x150 audio-ak.o
                                        0x164 (size before relaxing)
 .rodata.str1.1
                0x00000000000fcc0f     0x1232 zebra.o
                                       0x13a6 (size before relaxing)
 .rodata.str1.1
                0x00000000000fde41       0xc3 vectorscope.o
                                         0xde (size before relaxing)
 .rodata.str1.1
                0x00000000000fdf04       0xb1 crop-mode-hack.o
                                         0xb7 (size before relaxing)
 .rodata.str1.1
                0x00000000000fdfb5       0xc9 flexinfo.o
                                        0x172 (size before relaxing)
 .rodata.str1.1
                0x00000000000fe07e       0x32 screenshot.o
                                         0x35 (size before relaxing)
 .rodata.str1.1
                0x00000000000fe0b0        0x3 fileprefix.o
 .rodata.str1.1
                0x00000000000fe0b0       0x12 lvinfo.o
                                         0x15 (size before relaxing)
 .rodata.str1.1
                0x00000000000fe0c2      0x404 powersave.o
                                        0x423 (size before relaxing)
 .rodata.str1.1
                0x00000000000fe4c6       0xa7 ml-cbr.o
                                         0xb3 (size before relaxing)
 .rodata.str1.1
                0x00000000000fe56d      0x29c raw.o
                                        0x2ce (size before relaxing)
 .rodata.str1.1
                0x00000000000fe809       0x1b chdk-dng.o
                                         0x2b (size before relaxing)
 .rodata.str1.1
                0x00000000000fe824      0x116 edmac-memcpy.o
                                        0x128 (size before relaxing)
 .rodata.str1.1
                0x00000000000fe93a      0x308 patch.o
                                        0x324 (size before relaxing)
 .rodata.str1.1
                0x00000000000fec42        0xd console.o
                                         0x17 (size before relaxing)
 .rodata.str1.1