Archive member included to satisfy reference by file (symbol)

dietlibc.a(strlen.o)          font_direct.o (strlen)
gcc-libgcc.a(_udivsi3.o)      font_direct.o (__aeabi_uidiv)
gcc-libgcc.a(_dvmd_tls.o)     gcc-libgcc.a(_udivsi3.o) (__aeabi_idiv0)

Discarded input sections

 .group         0x0000000000000000        0x8 minimal.o
 .group         0x0000000000000000        0x8 minimal.o
 .group         0x0000000000000000        0x8 minimal.o
 .group         0x0000000000000000        0x8 minimal.o
 .group         0x0000000000000000        0x8 minimal.o
 .group         0x0000000000000000        0x8 minimal.o
 .group         0x0000000000000000        0x8 minimal.o
 .group         0x0000000000000000        0x8 minimal.o
 .group         0x0000000000000000        0x8 minimal.o
 .group         0x0000000000000000        0x8 minimal.o
 .group         0x0000000000000000        0x8 minimal.o
 .group         0x0000000000000000        0x8 minimal.o
 .group         0x0000000000000000        0x8 minimal.o
 .group         0x0000000000000000        0x8 minimal.o
 .group         0x0000000000000000        0x8 minimal.o
 .group         0x0000000000000000        0x8 minimal.o
 .group         0x0000000000000000        0x8 minimal.o
 .group         0x0000000000000000        0x8 minimal.o
 .group         0x0000000000000000        0x8 minimal.o
 .group         0x0000000000000000        0x8 minimal.o
 .group         0x0000000000000000        0x8 minimal.o
 .group         0x0000000000000000        0x8 minimal.o
 .group         0x0000000000000000        0x8 minimal.o
 .group         0x0000000000000000        0x8 minimal.o
 .group         0x0000000000000000        0x8 minimal.o
 .group         0x0000000000000000        0x8 minimal.o
 .group         0x0000000000000000        0x8 minimal.o
 .group         0x0000000000000000        0x8 minimal.o
 .group         0x0000000000000000        0x8 minimal.o
 .group         0x0000000000000000        0x8 minimal.o
 .group         0x0000000000000000        0x8 minimal.o
 .group         0x0000000000000000        0x8 minimal.o
 .group         0x0000000000000000        0x8 minimal.o
 .group         0x0000000000000000        0x8 minimal.o
 .group         0x0000000000000000        0x8 minimal.o
 .group         0x0000000000000000        0x8 minimal.o
 .group         0x0000000000000000        0x8 minimal.o
 .group         0x0000000000000000        0x8 minimal.o
 .group         0x0000000000000000        0x8 minimal.o
 .group         0x0000000000000000        0x8 minimal.o
 .group         0x0000000000000000        0x8 minimal.o
 .group         0x0000000000000000        0x8 minimal.o
 .group         0x0000000000000000        0x8 minimal.o
 .group         0x0000000000000000        0x8 minimal.o
 .group         0x0000000000000000        0x8 minimal.o
 .group         0x0000000000000000        0x8 minimal.o
 .group         0x0000000000000000        0x8 minimal.o
 .group         0x0000000000000000        0x8 minimal.o
 .group         0x0000000000000000        0x8 minimal.o
 .group         0x0000000000000000        0x8 minimal.o
 .group         0x0000000000000000        0x8 minimal.o
 .group         0x0000000000000000        0x8 minimal.o
 .group         0x0000000000000000        0x8 minimal.o
 .group         0x0000000000000000        0x8 minimal.o
 .group         0x0000000000000000        0x8 minimal.o
 .group         0x0000000000000000        0x8 minimal.o
 .group         0x0000000000000000        0x8 minimal.o
 .group         0x0000000000000000        0x8 minimal.o
 .group         0x0000000000000000        0x8 cache.o
 .group         0x0000000000000000        0x8 cache.o
 .group         0x0000000000000000        0x8 cache.o
 .group         0x0000000000000000        0x8 cache.o
 .group         0x0000000000000000        0x8 cache.o
 .group         0x0000000000000000        0x8 cache.o
 .group         0x0000000000000000        0x8 cache.o
 .group         0x0000000000000000        0x8 cache.o
 .group         0x0000000000000000        0x8 cache.o
 .group         0x0000000000000000        0x8 cache.o
 .group         0x0000000000000000        0x8 cache.o
 .group         0x0000000000000000        0x8 cache.o
 .group         0x0000000000000000        0x8 cache.o
 .group         0x0000000000000000        0x8 cache.o
 .group         0x0000000000000000        0x8 cache.o
 .group         0x0000000000000000        0x8 cache.o
 .group         0x0000000000000000        0x8 cache.o
 .group         0x0000000000000000        0x8 cache.o
 .group         0x0000000000000000        0x8 cache.o
 .group         0x0000000000000000        0x8 cache.o
 .group         0x0000000000000000        0x8 cache.o
 .group         0x0000000000000000        0x8 cache.o
 .group         0x0000000000000000        0x8 cache.o
 .group         0x0000000000000000        0x8 cache.o
 .group         0x0000000000000000        0x8 cache.o
 .group         0x0000000000000000        0x8 cache.o
 .group         0x0000000000000000        0x8 cache.o
 .group         0x0000000000000000        0x8 cache.o
 .group         0x0000000000000000        0x8 cache.o
 .debug_macro   0x0000000000000000      0x87a cache.o
 .debug_macro   0x0000000000000000       0x3a cache.o
 .debug_macro   0x0000000000000000       0x10 cache.o
 .debug_macro   0x0000000000000000       0x22 cache.o
 .debug_macro   0x0000000000000000       0x87 cache.o
 .debug_macro   0x0000000000000000       0x44 cache.o
 .debug_macro   0x0000000000000000       0xfd cache.o
 .debug_macro   0x0000000000000000       0x5e cache.o
 .debug_macro   0x0000000000000000      0x1df cache.o
 .debug_macro   0x0000000000000000       0x52 cache.o
 .debug_macro   0x0000000000000000      0x16d cache.o
 .debug_macro   0x0000000000000000      0x330 cache.o
 .debug_macro   0x0000000000000000       0x25 cache.o
 .debug_macro   0x0000000000000000      0x118 cache.o
 .debug_macro   0x0000000000000000       0x35 cache.o
 .debug_macro   0x0000000000000000       0x9c cache.o
 .debug_macro   0x0000000000000000       0x10 cache.o
 .debug_macro   0x0000000000000000       0x52 cache.o
 .debug_macro   0x0000000000000000       0x1f cache.o
 .debug_macro   0x0000000000000000       0x43 cache.o
 .debug_macro   0x0000000000000000       0x20 cache.o
 .debug_macro   0x0000000000000000       0x1c cache.o
 .debug_macro   0x0000000000000000       0x52 cache.o
 .debug_macro   0x0000000000000000       0x40 cache.o
 .debug_macro   0x0000000000000000       0x10 cache.o
 .debug_macro   0x0000000000000000       0x40 cache.o
 .debug_macro   0x0000000000000000       0xd7 cache.o
 .debug_macro   0x0000000000000000       0x8e cache.o
 .debug_macro   0x0000000000000000       0x97 cache.o
 .group         0x0000000000000000        0x8 font_direct.o
 .group         0x0000000000000000        0x8 font_direct.o
 .group         0x0000000000000000        0x8 font_direct.o
 .group         0x0000000000000000        0x8 font_direct.o
 .group         0x0000000000000000        0x8 font_direct.o
 .group         0x0000000000000000        0x8 font_direct.o
 .group         0x0000000000000000        0x8 font_direct.o
 .group         0x0000000000000000        0x8 font_direct.o
 .group         0x0000000000000000        0x8 font_direct.o
 .group         0x0000000000000000        0x8 font_direct.o
 .group         0x0000000000000000        0x8 font_direct.o
 .group         0x0000000000000000        0x8 font_direct.o
 .group         0x0000000000000000        0x8 font_direct.o
 .group         0x0000000000000000        0x8 font_direct.o
 .group         0x0000000000000000        0x8 font_direct.o
 .group         0x0000000000000000        0x8 font_direct.o
 .group         0x0000000000000000        0x8 font_direct.o
 .group         0x0000000000000000        0x8 font_direct.o
 .group         0x0000000000000000        0x8 font_direct.o
 .group         0x0000000000000000        0x8 font_direct.o
 .group         0x0000000000000000        0x8 font_direct.o
 .group         0x0000000000000000        0x8 font_direct.o
 .group         0x0000000000000000        0x8 font_direct.o
 .group         0x0000000000000000        0x8 font_direct.o
 .group         0x0000000000000000        0x8 font_direct.o
 .group         0x0000000000000000        0x8 font_direct.o
 .group         0x0000000000000000        0x8 font_direct.o
 .group         0x0000000000000000        0x8 font_direct.o
 .group         0x0000000000000000        0x8 font_direct.o
 .group         0x0000000000000000        0x8 font_direct.o
 .group         0x0000000000000000        0x8 font_direct.o
 .group         0x0000000000000000        0x8 font_direct.o
 .group         0x0000000000000000        0x8 font_direct.o
 .group         0x0000000000000000        0x8 font_direct.o
 .group         0x0000000000000000        0x8 font_direct.o
 .group         0x0000000000000000        0x8 font_direct.o
 .group         0x0000000000000000        0x8 font_direct.o
 .group         0x0000000000000000        0x8 font_direct.o
 .group         0x0000000000000000        0x8 font_direct.o
 .group         0x0000000000000000        0x8 font_direct.o
 .group         0x0000000000000000        0x8 font_direct.o
 .group         0x0000000000000000        0x8 font_direct.o
 .debug_macro   0x0000000000000000      0x87a font_direct.o
 .debug_macro   0x0000000000000000       0x22 font_direct.o
 .debug_macro   0x0000000000000000       0x35 font_direct.o
 .debug_macro   0x0000000000000000       0x9c font_direct.o
 .debug_macro   0x0000000000000000      0x16d font_direct.o
 .debug_macro   0x0000000000000000       0x52 font_direct.o
 .debug_macro   0x0000000000000000       0x1f font_direct.o
 .debug_macro   0x0000000000000000       0x43 font_direct.o
 .debug_macro   0x0000000000000000       0x20 font_direct.o
 .debug_macro   0x0000000000000000      0x187 font_direct.o
 .debug_macro   0x0000000000000000      0x330 font_direct.o
 .debug_macro   0x0000000000000000       0x35 font_direct.o
 .debug_macro   0x0000000000000000       0xfd font_direct.o
 .debug_macro   0x0000000000000000       0x5e font_direct.o
 .debug_macro   0x0000000000000000      0x1df font_direct.o
 .debug_macro   0x0000000000000000       0x10 font_direct.o
 .debug_macro   0x0000000000000000       0x1c font_direct.o
 .debug_macro   0x0000000000000000       0x52 font_direct.o
 .debug_macro   0x0000000000000000       0x40 font_direct.o
 .debug_macro   0x0000000000000000       0x10 font_direct.o
 .debug_macro   0x0000000000000000       0x40 font_direct.o
 .debug_macro   0x0000000000000000       0xd7 font_direct.o
 .debug_macro   0x0000000000000000       0x16 font_direct.o
 .debug_macro   0x0000000000000000      0x18b font_direct.o
 .debug_macro   0x0000000000000000       0x3a font_direct.o
 .debug_macro   0x0000000000000000       0x10 font_direct.o
 .debug_macro   0x0000000000000000      0x118 font_direct.o
 .debug_macro   0x0000000000000000       0x8e font_direct.o
 .debug_macro   0x0000000000000000       0x97 font_direct.o
 .debug_macro   0x0000000000000000      0x2e6 font_direct.o

Memory Configuration

Name             Origin             Length             Attributes
*default*        0x0000000000000000 0xffffffffffffffff

Linker script and memory map

                0x000000000009e1e0                . = 0x9e1e0

.text           0x000000000009e1e0      0x800
                0x000000000009e1e0                _text_start = .
 *(.text)
 .text          0x000000000009e1e0        0x4 entry.o
                0x000000000009e1e0                _start
 *fill*         0x000000000009e1e4        0xc 
 .text          0x000000000009e1f0      0x1d0 minimal.o
                0x000000000009e2d4                copy_and_restart
                0x000000000009e3a4                disp_set_pixel
                0x000000000009e3a8                bmp_printf
                0x000000000009e3b8                bfnt_draw_char
 .text          0x000000000009e3c0       0x64 cache.o
                0x000000000009e3c0                sync_caches
 *fill*         0x000000000009e424        0xc 
 .text          0x000000000009e430       0xdc font_direct.o
                0x000000000009e430                font_draw
 .text          0x000000000009e50c        0x0 ../../platform/EOSM.202/stubs.o
 .text          0x000000000009e50c       0x1c dietlibc.a(strlen.o)
                0x000000000009e50c                strlen
 .text          0x000000000009e528      0x114 gcc-libgcc.a(_udivsi3.o)
                0x000000000009e528                __udivsi3
                0x000000000009e528                __aeabi_uidiv
                0x000000000009e61c                __aeabi_uidivmod
 .text          0x000000000009e63c        0x4 gcc-libgcc.a(_dvmd_tls.o)
                0x000000000009e63c                __aeabi_ldiv0
                0x000000000009e63c                __aeabi_idiv0
 .text.__stub   0x000000000009e640        0x8 linker stubs
                0x000000000009e648                _text_end = .
                0x000000000009e680                . = ALIGN (0x40)
 *fill*         0x000000000009e648       0x38 
                0x000000000009e680                _rodata_start = .
 *(.rodata)
 .rodata        0x000000000009e680      0x360 font_direct.o
                0x000000000009e9e0                _rodata_end = .
                0x000000000009e9e0                _data_start = .

.rodata.str1.1  0x000000000009e9e0       0x23
 .rodata.str1.1
                0x000000000009e9e0       0x23 minimal.o

.glue_7         0x000000000009ea04        0x0
 .glue_7        0x000000000009ea04        0x0 linker stubs

.glue_7t        0x000000000009ea04        0x0
 .glue_7t       0x000000000009ea04        0x0 linker stubs

.vfp11_veneer   0x000000000009ea04        0x0
 .vfp11_veneer  0x000000000009ea04        0x0 linker stubs

.v4_bx          0x000000000009ea04        0x0
 .v4_bx         0x000000000009ea04        0x0 linker stubs

.iplt           0x000000000009ea04        0x0
 .iplt          0x000000000009ea04        0x0 entry.o

.rel.dyn        0x000000000009ea04        0x0
 .rel.iplt      0x000000000009ea04        0x0 entry.o

.data           0x000000000009ea03       0x3d
                0x000000000009ea08                . = ALIGN (0x8)
 *fill*         0x000000000009ea03        0x5 
                0x000000000009ea08                _task_overrides_start = .
 *(.task_overrides)
                0x000000000009ea08                _task_overrides_end = .
                0x000000000009ea08                . = ALIGN (0x8)
                0x000000000009ea08                _tasks_start = .
 *(.tasks)
                0x000000000009ea08                _tasks_end = .
                0x000000000009ea08                . = ALIGN (0x8)
                0x000000000009ea08                _init_funcs_start = .
 *(.init_funcs)
                0x000000000009ea08                _init_funcs_end = .
                0x000000000009ea08                . = ALIGN (0x8)
                0x000000000009ea08                _ptp_handlers_start = .
 *(.ptp_handlers)
                0x000000000009ea08                _ptp_handlers_end = .
                0x000000000009ea08                . = ALIGN (0x8)
                0x000000000009ea08                _config_vars_start = .
 *(.config_vars)
                0x000000000009ea08                _config_vars_end = .
                0x000000000009ea08                . = ALIGN (0x8)
                0x000000000009ea08                _prop_handlers_start = .
 *(.prop_handlers)
                0x000000000009ea08                _prop_handlers_end = .
                0x000000000009ea08                . = ALIGN (0x8)
                0x000000000009ea08                _module_symbols_start = .
 *(.module_symbols)
                0x000000000009ea08                _module_symbols_end = .
                0x000000000009ea40                . = ALIGN (0x40)
 *fill*         0x000000000009ea08       0x38 
 *(.data)
 .data          0x000000000009ea40        0x0 entry.o
 .data          0x000000000009ea40        0x0 minimal.o
 .data          0x000000000009ea40        0x0 cache.o
 .data          0x000000000009ea40        0x0 font_direct.o
 .data          0x000000000009ea40        0x0 ../../platform/EOSM.202/stubs.o
 .data          0x000000000009ea40        0x0 dietlibc.a(strlen.o)
 .data          0x000000000009ea40        0x0 gcc-libgcc.a(_udivsi3.o)
 .data          0x000000000009ea40        0x0 gcc-libgcc.a(_dvmd_tls.o)
                0x000000000009ea40                _data.end = .
                0x000000000009ea40                __exidx_start = .

.igot.plt       0x000000000009ea40        0x0
 .igot.plt      0x000000000009ea40        0x0 entry.o

.ARM.exidx
 *(.ARM.exidx*)
                0x000000000009ea40                __exidx_end = .
                0x000000000009ea40                . = ALIGN (0x40)
                0x000000000009ea40                _bss_start = .

.bss            0x000000000009ea40    0x10000
 *(.bss)
 .bss           0x000000000009ea40        0x0 entry.o
 .bss           0x000000000009ea40    0x10000 minimal.o
 .bss           0x00000000000aea40        0x0 cache.o
 .bss           0x00000000000aea40        0x0 font_direct.o
 .bss           0x00000000000aea40        0x0 ../../platform/EOSM.202/stubs.o
 .bss           0x00000000000aea40        0x0 dietlibc.a(strlen.o)
 .bss           0x00000000000aea40        0x0 gcc-libgcc.a(_udivsi3.o)
 .bss           0x00000000000aea40        0x0 gcc-libgcc.a(_dvmd_tls.o)
                0x00000000000aea40                . = ALIGN (0x40)
                0x00000000000aea40                _bss_end = .

.stab
 *(.stab)

.stabstr
 *(.stabstr)

.stab.excl
 *(.stab.excl)

.stab.exclstr
 *(.stab.exclstr)

.stab.index
 *(.stab.index)

.stab.indexstr
 *(.stab.indexstr)

.comment        0x0000000000000000       0x6e
 *(.comment)
 .comment       0x0000000000000000       0x6e minimal.o
                                         0x6f (size before relaxing)
 .comment       0x000000000000006e       0x6f cache.o
 .comment       0x000000000000006e       0x6f font_direct.o

.ARM.attributes
                0x0000000000000000       0x23
 .ARM.attributes
                0x0000000000000000       0x14 entry.o
 .ARM.attributes
                0x0000000000000014       0x27 minimal.o
 .ARM.attributes
                0x000000000000003b       0x27 cache.o
 .ARM.attributes
                0x0000000000000062       0x27 font_direct.o
 .ARM.attributes
                0x0000000000000089       0x14 ../../platform/EOSM.202/stubs.o
 .ARM.attributes
                0x000000000000009d       0x14 dietlibc.a(strlen.o)
 .ARM.attributes
                0x00000000000000b1       0x18 gcc-libgcc.a(_udivsi3.o)
 .ARM.attributes
                0x00000000000000c9       0x18 gcc-libgcc.a(_dvmd_tls.o)

.debug
 *(.debug)

.line
 *(.line)

.debug_srcinfo
 *(.debug_srcinfo)

.debug_sfnames
 *(.debug_sfnames)

.debug_aranges  0x0000000000000000       0x60
 *(.debug_aranges)
 .debug_aranges
                0x0000000000000000       0x20 minimal.o
 .debug_aranges
                0x0000000000000020       0x20 cache.o
 .debug_aranges
                0x0000000000000040       0x20 font_direct.o

.debug_pubnames
 *(.debug_pubnames)

.debug_info     0x0000000000000000      0xfc1
 *(.debug_info .gnu.linkonce.wi.*)
 .debug_info    0x0000000000000000      0xb02 minimal.o
 .debug_info    0x0000000000000b02      0x22c cache.o
 .debug_info    0x0000000000000d2e      0x293 font_direct.o

.debug_abbrev   0x0000000000000000      0x561
 *(.debug_abbrev)
 .debug_abbrev  0x0000000000000000      0x306 minimal.o
 .debug_abbrev  0x0000000000000306      0x116 cache.o
 .debug_abbrev  0x000000000000041c      0x145 font_direct.o

.debug_line     0x0000000000000000      0xcc1
 *(.debug_line .debug_line.* .debug_line_end)
 .debug_line    0x0000000000000000      0x532 minimal.o
 .debug_line    0x0000000000000532      0x358 cache.o
 .debug_line    0x000000000000088a      0x437 font_direct.o

.debug_frame    0x0000000000000000      0x12c
 *(.debug_frame)
 .debug_frame   0x0000000000000000       0xb0 minimal.o
 .debug_frame   0x00000000000000b0       0x20 cache.o
 .debug_frame   0x00000000000000d0       0x3c font_direct.o
 .debug_frame   0x000000000000010c       0x20 gcc-libgcc.a(_udivsi3.o)

.debug_str      0x0000000000000000    0x12090
 *(.debug_str)
 .debug_str     0x0000000000000000    0x11dd3 minimal.o
                                      0x1208b (size before relaxing)
 .debug_str     0x0000000000011dd3       0x52 cache.o
                                       0x6d78 (size before relaxing)
 .debug_str     0x0000000000011e25      0x26b font_direct.o
                                       0x93c6 (size before relaxing)

.debug_loc      0x0000000000000000      0x38c
 *(.debug_loc)
 .debug_loc     0x0000000000000000      0x16f minimal.o
 .debug_loc     0x000000000000016f       0x50 cache.o
 .debug_loc     0x00000000000001bf      0x1cd font_direct.o

.debug_macinfo
 *(.debug_macinfo)

.debug_weaknames
 *(.debug_weaknames)

.debug_funcnames
 *(.debug_funcnames)

.debug_typenames
 *(.debug_typenames)

.debug_varnames
 *(.debug_varnames)

.debug_pubtypes
 *(.debug_pubtypes)

.debug_ranges   0x0000000000000000       0x70
 *(.debug_ranges)
 .debug_ranges  0x0000000000000000       0x70 font_direct.o

.debug_macro    0x0000000000000000     0x45bb
 *(.debug_macro)
 .debug_macro   0x0000000000000000      0x337 minimal.o
 .debug_macro   0x0000000000000337      0x87a minimal.o
 .debug_macro   0x0000000000000bb1       0x22 minimal.o
 .debug_macro   0x0000000000000bd3       0xd3 minimal.o
 .debug_macro   0x0000000000000ca6      0x2ad minimal.o
 .debug_macro   0x0000000000000f53       0x9a minimal.o
 .debug_macro   0x0000000000000fed       0x3a minimal.o
 .debug_macro   0x0000000000001027       0x10 minimal.o
 .debug_macro   0x0000000000001037       0x22 minimal.o
 .debug_macro   0x0000000000001059       0x87 minimal.o
 .debug_macro   0x00000000000010e0       0x44 minimal.o
 .debug_macro   0x0000000000001124       0xfd minimal.o
 .debug_macro   0x0000000000001221       0x5e minimal.o
 .debug_macro   0x000000000000127f      0x1df minimal.o
 .debug_macro   0x000000000000145e       0x52 minimal.o
 .debug_macro   0x00000000000014b0      0x16d minimal.o
 .debug_macro   0x000000000000161d      0x330 minimal.o
 .debug_macro   0x000000000000194d       0x25 minimal.o
 .debug_macro   0x0000000000001972      0x118 minimal.o
 .debug_macro   0x0000000000001a8a       0x35 minimal.o
 .debug_macro   0x0000000000001abf       0x9c minimal.o
 .debug_macro   0x0000000000001b5b       0x10 minimal.o
 .debug_macro   0x0000000000001b6b       0x52 minimal.o
 .debug_macro   0x0000000000001bbd       0x1f minimal.o
 .debug_macro   0x0000000000001bdc       0x43 minimal.o
 .debug_macro   0x0000000000001c1f       0x20 minimal.o
 .debug_macro   0x0000000000001c3f       0x1c minimal.o
 .debug_macro   0x0000000000001c5b       0x52 minimal.o
 .debug_macro   0x0000000000001cad       0x40 minimal.o
 .debug_macro   0x0000000000001ced       0x10 minimal.o
 .debug_macro   0x0000000000001cfd       0x40 minimal.o
 .debug_macro   0x0000000000001d3d       0xd7 minimal.o
 .debug_macro   0x0000000000001e14       0x8e minimal.o
 .debug_macro   0x0000000000001ea2       0x97 minimal.o
 .debug_macro   0x0000000000001f39      0x2e6 minimal.o
 .debug_macro   0x000000000000221f       0xe8 minimal.o
 .debug_macro   0x0000000000002307       0x22 minimal.o
 .debug_macro   0x0000000000002329      0x2da minimal.o
 .debug_macro   0x0000000000002603       0xba minimal.o
 .debug_macro   0x00000000000026bd      0x330 minimal.o
 .debug_macro   0x00000000000029ed       0x10 minimal.o
 .debug_macro   0x00000000000029fd       0x16 minimal.o
 .debug_macro   0x0000000000002a13       0x20 minimal.o
 .debug_macro   0x0000000000002a33       0xd6 minimal.o
 .debug_macro   0x0000000000002b09       0xff minimal.o
 .debug_macro   0x0000000000002c08       0x58 minimal.o
 .debug_macro   0x0000000000002c60       0x16 minimal.o
 .debug_macro   0x0000000000002c76       0xd0 minimal.o
 .debug_macro   0x0000000000002d46       0x16 minimal.o
 .debug_macro   0x0000000000002d5c       0x35 minimal.o
 .debug_macro   0x0000000000002d91      0x187 minimal.o
 .debug_macro   0x0000000000002f18       0x16 minimal.o
 .debug_macro   0x0000000000002f2e      0x18b minimal.o
 .debug_macro   0x00000000000030b9       0xa6 minimal.o
 .debug_macro   0x000000000000315f       0xa0 minimal.o
 .debug_macro   0x00000000000031ff       0x7b minimal.o
 .debug_macro   0x000000000000327a      0x7f5 minimal.o
 .debug_macro   0x0000000000003a6f      0x100 minimal.o
 .debug_macro   0x0000000000003b6f      0x3ff minimal.o
 .debug_macro   0x0000000000003f6e      0x1a5 cache.o
 .debug_macro   0x0000000000004113      0x261 font_direct.o
 .debug_macro   0x0000000000004374       0x4c font_direct.o
 .debug_macro   0x00000000000043c0       0x8d font_direct.o
 .debug_macro   0x000000000000444d       0x4a font_direct.o
 .debug_macro   0x0000000000004497       0x10 font_direct.o
 .debug_macro   0x00000000000044a7       0x16 font_direct.o
 .debug_macro   0x00000000000044bd       0x16 font_direct.o
 .debug_macro   0x00000000000044d3       0x29 font_direct.o
 .debug_macro   0x00000000000044fc       0x1c font_direct.o
 .debug_macro   0x0000000000004518       0x10 font_direct.o
 .debug_macro   0x0000000000004528       0x16 font_direct.o
 .debug_macro   0x000000000000453e       0x52 font_direct.o
 .debug_macro   0x0000000000004590       0x2b font_direct.o
LOAD entry.o
LOAD minimal.o
LOAD cache.o
LOAD font_direct.o
LOAD ../../platform/EOSM.202/stubs.o
LOAD dietlibc.a
LOAD newlib-libc.a
LOAD newlib-libm.a
LOAD gcc-libgcc.a
OUTPUT(magiclantern elf32-littlearm)
